Archive member included because of file (symbol)

build/sky/contiki-ng-sky.a(uart1-putchar.o)
                              build/sky/obj/contiki-main.o (putchar)
build/sky/contiki-ng-sky.a(platform.o)
                              build/sky/obj/contiki-main.o (platform_init_stage_one)
build/sky/contiki-ng-sky.a(msp430.o)
                              build/sky/contiki-ng-sky.a(platform.o) (msp430_dco_required)
build/sky/contiki-ng-sky.a(clock.o)
                              build/sky/obj/contiki-main.o (clock_init)
build/sky/contiki-ng-sky.a(leds.o)
                              build/sky/contiki-ng-sky.a(platform.o) (leds_init)
build/sky/contiki-ng-sky.a(leds-arch.o)
                              build/sky/contiki-ng-sky.a(leds.o) (leds_arch_init)
build/sky/contiki-ng-sky.a(watchdog.o)
                              build/sky/obj/contiki-main.o (watchdog_start)
build/sky/contiki-ng-sky.a(ctimer.o)
                              build/sky/obj/contiki-main.o (ctimer_init)
build/sky/contiki-ng-sky.a(autostart.o)
                              build/sky/obj/contiki-main.o (autostart_start)
build/sky/contiki-ng-sky.a(energest.o)
                              build/sky/obj/contiki-main.o (energest_init)
build/sky/contiki-ng-sky.a(etimer.o)
                              build/sky/contiki-ng-sky.a(clock.o) (etimer_request_poll)
build/sky/contiki-ng-sky.a(log.o)
                              build/sky/obj/contiki-main.o (log_6addr)
build/sky/contiki-ng-sky.a(process.o)
                              build/sky/contiki-ng-sky.a(ctimer.o) (process_current)
build/sky/contiki-ng-sky.a(rtimer.o)
                              build/sky/obj/contiki-main.o (rtimer_init)
build/sky/contiki-ng-sky.a(node-id.o)
                              build/sky/obj/contiki-main.o (node_id_init)
build/sky/contiki-ng-sky.a(timer.o)
                              build/sky/contiki-ng-sky.a(platform.o) (timer_set)
build/sky/contiki-ng-sky.a(stack-check.o)
                              build/sky/obj/contiki-main.o (stack_check_init)
build/sky/contiki-ng-sky.a(list.o)
                              build/sky/contiki-ng-sky.a(ctimer.o) (list_init)
build/sky/contiki-ng-sky.a(random.o)
                              build/sky/contiki-ng-sky.a(platform.o) (random_init)
build/sky/contiki-ng-sky.a(queuebuf.o)
                              build/sky/obj/contiki-main.o (queuebuf_init)
build/sky/contiki-ng-sky.a(packetbuf.o)
                              build/sky/contiki-ng-sky.a(queuebuf.o) (packetbuf_copyto)
build/sky/contiki-ng-sky.a(netstack.o)
                              build/sky/obj/contiki-main.o (netstack_init)
build/sky/contiki-ng-sky.a(linkaddr.o)
                              build/sky/contiki-ng-sky.a(platform.o) (linkaddr_copy)
build/sky/contiki-ng-sky.a(csma.o)
                              malnodemac.o (csma_driver)
build/sky/contiki-ng-sky.a(csma-output.o)
                              build/sky/contiki-ng-sky.a(csma.o) (csma_output_packet)
build/sky/contiki-ng-sky.a(uip-ds6.o)
                              build/sky/obj/contiki-main.o (uip_ds6_get_link_local)
build/sky/contiki-ng-sky.a(uiplib.o)
                              build/sky/contiki-ng-sky.a(log.o) (uiplib_ipaddr_snprint)
build/sky/contiki-ng-sky.a(uip-ds6-route.o)
                              build/sky/contiki-ng-sky.a(uip-ds6.o) (uip_ds6_route_init)
build/sky/contiki-ng-sky.a(uip-ds6-nbr.o)
                              build/sky/contiki-ng-sky.a(uip-ds6.o) (uip_ds6_neighbors_init)
build/sky/contiki-ng-sky.a(tcpip.o)
                              build/sky/obj/contiki-main.o (tcpip_process)
build/sky/contiki-ng-sky.a(uip6.o)
                              build/sky/contiki-ng-sky.a(tcpip.o) (uip_aligned_buf)
build/sky/contiki-ng-sky.a(uip-nd6.o)
                              build/sky/contiki-ng-sky.a(uip6.o) (uip_nd6_init)
build/sky/contiki-ng-sky.a(sicslowpan.o)
                              build/sky/obj/contiki-main.o (sicslowpan_driver)
build/sky/contiki-ng-sky.a(rpl.o)
                              build/sky/obj/contiki-main.o (rpl_lite_driver)
build/sky/contiki-ng-sky.a(rpl-dag.o)
                              build/sky/contiki-ng-sky.a(rpl.o) (curr_instance)
build/sky/contiki-ng-sky.a(rpl-dag-root.o)
                              build/sky/contiki-ng-sky.a(rpl.o) (rpl_dag_root_set_prefix)
build/sky/contiki-ng-sky.a(contiki-sky-pla)
                              build/sky/contiki-ng-sky.a(platform.o) (init_platform)
build/sky/contiki-ng-sky.a(button-sensor.o)
                              build/sky/contiki-ng-sky.a(contiki-sky-pla) (button_sensor)
build/sky/contiki-ng-sky.a(ds2411.o)
                              build/sky/contiki-ng-sky.a(platform.o) (ds2411_init)
build/sky/contiki-ng-sky.a(xmem.o)
                              build/sky/contiki-ng-sky.a(platform.o) (xmem_init)
build/sky/contiki-ng-sky.a(sensors.o)
                              build/sky/contiki-ng-sky.a(button-sensor.o) (sensors_changed)
build/sky/contiki-ng-sky.a(cc2420.o)
[...]
Memory Configuration

Name             Origin             Length             Attributes
sfr              0x00000000         0x00000010
peripheral_8bit  0x00000010         0x000000f0
peripheral_16bit 0x00000100         0x00000100
ram_mirror       0x00000200         0x00000800         xw
infomem          0x00001000         0x00000100
infob            0x00001000         0x00000080
infoa            0x00001080         0x00000080
ram              0x00001100         0x00002800         xw
rom              0x00004000         0x0000bfe0         xr
vectors          0x0000ffe0         0x00000020
bsl              0x00000000         0x00000000
infoc            0x00000000         0x00000000
infod            0x00000000         0x00000000
ram2             0x00000000         0x00000000         xw
usbram           0x00000000         0x00000000         xw
far_rom          0x00000000         0x00000000
*default*        0x00000000         0xffffffff

Linker script and memory map

LOAD /usr/local/bin/../lib/gcc/msp430/4.7.2/mmpy-16/crt0ivtbl16.o
                0x00002cd2                _stack = _end
LOAD malnodemac.o
LOAD build/sky/obj/contiki-main.o
LOAD build/sky/contiki-ng-sky.a
LOAD /usr/local/bin/../lib/gcc/msp430/4.7.2/../../../../msp430/lib/mmpy-16/libm.a
LOAD /usr/local/bin/../lib/gcc/msp430/4.7.2/mmpy-16/libgcc.a
LOAD /usr/local/bin/../lib/gcc/msp430/4.7.2/../../../../msp430/lib/mmpy-16/libc.a
LOAD /usr/local/bin/../lib/gcc/msp430/4.7.2/mmpy-16/libgcc.a
LOAD /usr/local/bin/../lib/gcc/msp430/4.7.2/mmpy-16/libcrt0.a
                0x00000080                PROVIDE (__info_segment_size, 0x80)
                0x00001000                PROVIDE (__infob, 0x1000)
                0x00001080                PROVIDE (__infoa, 0x1080)
                0x00000000                __IE1 = 0x0
                0x00000002                __IFG1 = 0x2
                0x00000004                __ME1 = 0x4
                0x00000001                __IE2 = 0x1
                0x00000003                __IFG2 = 0x3
                0x00000005                __ME2 = 0x5
                0x00000120                __WDTCTL = 0x120
                0x00000130                __MPY = 0x130
                0x00000132                __MPYS = 0x132
                0x00000134                __MAC = 0x134
                0x00000136                __MACS = 0x136
                0x00000138                __OP2 = 0x138
                0x0000013a                __RESLO = 0x13a
                0x0000013c                __RESHI = 0x13c
                0x0000013e                __SUMEXT = 0x13e
                0x00000020                __P1IN = 0x20
                0x00000021                __P1OUT = 0x21
                0x00000022                __P1DIR = 0x22
                0x00000023                __P1IFG = 0x23
                0x00000024                __P1IES = 0x24
                0x00000025                __P1IE = 0x25
                0x00000026                __P1SEL = 0x26
                0x00000028                __P2IN = 0x28
                0x00000029                __P2OUT = 0x29
                0x0000002a                __P2DIR = 0x2a
                0x0000002b                __P2IFG = 0x2b
                0x0000002c                __P2IES = 0x2c
                0x0000002d                __P2IE = 0x2d
                0x0000002e                __P2SEL = 0x2e
                0x00000018                __P3IN = 0x18
                0x00000019                __P3OUT = 0x19
                0x0000001a                __P3DIR = 0x1a
                0x0000001b                __P3SEL = 0x1b
                0x0000001c                __P4IN = 0x1c
                0x0000001d                __P4OUT = 0x1d
                0x0000001e                __P4DIR = 0x1e
                0x0000001f                __P4SEL = 0x1f
                0x00000030                __P5IN = 0x30
                0x00000031                __P5OUT = 0x31
                0x00000032                __P5DIR = 0x32
                0x00000033                __P5SEL = 0x33
                0x00000034                __P6IN = 0x34
                0x00000035                __P6OUT = 0x35
                0x00000036                __P6DIR = 0x36
                0x00000037                __P6SEL = 0x37
                0x00000070                __U0CTL = 0x70
                0x00000071                __U0TCTL = 0x71
                0x00000072                __U0RCTL = 0x72
                0x00000073                __U0MCTL = 0x73
                0x00000074                __U0BR0 = 0x74
                0x00000075                __U0BR1 = 0x75
                0x00000076                __U0RXBUF = 0x76
                0x00000077                __U0TXBUF = 0x77
                0x00000078                __U1CTL = 0x78
                0x00000079                __U1TCTL = 0x79
                0x0000007a                __U1RCTL = 0x7a
                0x0000007b                __U1MCTL = 0x7b
                0x0000007c                __U1BR0 = 0x7c
                0x0000007d                __U1BR1 = 0x7d
                0x0000007e                __U1RXBUF = 0x7e
                0x0000007f                __U1TXBUF = 0x7f
                0x00000050                __I2CIE = 0x50
                0x00000051                __I2CIFG = 0x51
                0x00000052                __I2CNDAT = 0x52
                0x00000071                __I2CTCTL = 0x71
                0x00000072                __I2CDCTL = 0x72
                0x00000073                __I2CPSC = 0x73
                0x00000074                __I2CSCLH = 0x74
                0x00000075                __I2CSCLL = 0x75
                0x00000076                __I2CDRB = 0x76
                0x00000076                __I2CDRW = 0x76
                0x00000118                __I2COA = 0x118
                0x0000011a                __I2CSA = 0x11a
                0x0000011c                __I2CIV = 0x11c
                0x0000012e                __TAIV = 0x12e
                0x00000160                __TACTL = 0x160
                0x00000162                __TACCTL0 = 0x162
                0x00000164                __TACCTL1 = 0x164
                0x00000166                __TACCTL2 = 0x166
                0x00000170                __TAR = 0x170
                0x00000172                __TACCR0 = 0x172
                0x00000174                __TACCR1 = 0x174
                0x00000176                __TACCR2 = 0x176
                0x0000011e                __TBIV = 0x11e
                0x00000180                __TBCTL = 0x180
                0x00000182                __TBCCTL0 = 0x182
                0x00000184                __TBCCTL1 = 0x184
                0x00000186                __TBCCTL2 = 0x186
                0x00000188                __TBCCTL3 = 0x188
                0x0000018a                __TBCCTL4 = 0x18a
                0x0000018c                __TBCCTL5 = 0x18c
                0x0000018e                __TBCCTL6 = 0x18e
                0x00000190                __TBR = 0x190
                0x00000192                __TBCCR0 = 0x192
                0x00000194                __TBCCR1 = 0x194
                0x00000196                __TBCCR2 = 0x196
                0x00000198                __TBCCR3 = 0x198
                0x0000019a                __TBCCR4 = 0x19a
                0x0000019c                __TBCCR5 = 0x19c
                0x0000019e                __TBCCR6 = 0x19e
                0x00000056                __DCOCTL = 0x56
                0x00000057                __BCSCTL1 = 0x57
                0x00000058                __BCSCTL2 = 0x58
                0x00000055                __SVSCTL = 0x55
                0x00000128                __FCTL1 = 0x128
                0x0000012a                __FCTL2 = 0x12a
                0x0000012c                __FCTL3 = 0x12c
                0x00000059                __CACTL1 = 0x59
                0x0000005a                __CACTL2 = 0x5a
                0x0000005b                __CAPD = 0x5b
                0x000001a0                __ADC12CTL0 = 0x1a0
                0x000001a2                __ADC12CTL1 = 0x1a2
                0x000001a4                __ADC12IFG = 0x1a4
                0x000001a6                __ADC12IE = 0x1a6
                0x000001a8                __ADC12IV = 0x1a8
                0x00000140                __ADC12MEM0 = 0x140
                0x00000142                __ADC12MEM1 = 0x142
                0x00000144                __ADC12MEM2 = 0x144
                0x00000146                __ADC12MEM3 = 0x146
                0x00000148                __ADC12MEM4 = 0x148
                0x0000014a                __ADC12MEM5 = 0x14a
                0x0000014c                __ADC12MEM6 = 0x14c
                0x0000014e                __ADC12MEM7 = 0x14e
                0x00000150                __ADC12MEM8 = 0x150
                0x00000152                __ADC12MEM9 = 0x152
                0x00000154                __ADC12MEM10 = 0x154
                0x00000156                __ADC12MEM11 = 0x156
                0x00000158                __ADC12MEM12 = 0x158
                0x0000015a                __ADC12MEM13 = 0x15a
                0x0000015c                __ADC12MEM14 = 0x15c
                0x0000015e                __ADC12MEM15 = 0x15e
                0x00000080                __ADC12MCTL0 = 0x80
                0x00000081                __ADC12MCTL1 = 0x81
                0x00000082                __ADC12MCTL2 = 0x82
                0x00000083                __ADC12MCTL3 = 0x83
                0x00000084                __ADC12MCTL4 = 0x84
                0x00000085                __ADC12MCTL5 = 0x85
                0x00000086                __ADC12MCTL6 = 0x86
                0x00000087                __ADC12MCTL7 = 0x87
                0x00000088                __ADC12MCTL8 = 0x88
                0x00000089                __ADC12MCTL9 = 0x89
                0x0000008a                __ADC12MCTL10 = 0x8a
                0x0000008b                __ADC12MCTL11 = 0x8b
                0x0000008c                __ADC12MCTL12 = 0x8c
                0x0000008d                __ADC12MCTL13 = 0x8d
                0x0000008e                __ADC12MCTL14 = 0x8e
                0x0000008f                __ADC12MCTL15 = 0x8f
                0x000001c0                __DAC12_0CTL = 0x1c0
                0x000001c2                __DAC12_1CTL = 0x1c2
                0x000001c8                __DAC12_0DAT = 0x1c8
                0x000001ca                __DAC12_1DAT = 0x1ca
                0x00000122                __DMACTL0 = 0x122
                0x00000124                __DMACTL1 = 0x124
                0x000001e0                __DMA0CTL = 0x1e0
                0x000001e8                __DMA1CTL = 0x1e8
                0x000001f0                __DMA2CTL = 0x1f0
                0x000001e2                __DMA0SA = 0x1e2
                0x000001e4                __DMA0DA = 0x1e4
                0x000001e6                __DMA0SZ = 0x1e6
                0x000001ea                __DMA1SA = 0x1ea
                0x000001ec                __DMA1DA = 0x1ec
                0x000001ee                __DMA1SZ = 0x1ee
                0x000001f2                __DMA2SA = 0x1f2
                0x000001f4                __DMA2DA = 0x1f4
                0x000001f6                __DMA2SZ = 0x1f6

.hash
 *(.hash)

.dynsym
 *(.dynsym)

.dynstr
 *(.dynstr)

.gnu.version
 *(.gnu.version)

.gnu.version_d
 *(.gnu.version_d)

.gnu.version_r
 *(.gnu.version_r)

.rel.init
 *(.rel.init)

.rela.init
 *(.rela.init)

.rel.fini
 *(.rel.fini)

.rela.fini
 *(.rela.fini)

.rel.text
 *(.rel.text .rel.text.* .rel.gnu.linkonce.t.*)

.rela.text
 *(.rela.text .rela.text.* .rela.gnu.linkonce.t.*)

.rel.rodata
 *(.rel.rodata .rel.rodata.* .rel.gnu.linkonce.r.*)

.rela.rodata
 *(.rela.rodata .rela.rodata.* .rela.gnu.linkonce.r.*)

.rel.data
 *(.rel.data .rel.data.* .rel.gnu.linkonce.d.*)

.rela.data
 *(.rela.data .rela.data.* .rela.gnu.linkonce.d.*)

.rel.bss
 *(.rel.bss .rel.bss.* .rel.gnu.linkonce.b.*)

.rela.bss
 *(.rela.bss .rela.bss.* .rela.gnu.linkonce.b.*)

.rel.ctors
 *(.rel.ctors)

.rela.ctors
 *(.rela.ctors)

.rel.dtors
 *(.rel.dtors)

.rela.dtors
 *(.rela.dtors)

.rel.got
 *(.rel.got)

.rela.got
 *(.rela.got)

.rel.plt
 *(.rel.plt)

.rela.plt
 *(.rela.plt)

.text           0x00004000     0xa252
                0x00004000                . = ALIGN (0x2)
 *(.init .init.*)
 *(.init0)
 .init0         0x00004000        0x0 /usr/local/bin/../lib/gcc/msp430/4.7.2/mmpy-16/libcrt0.a(_reset_vector__.o)
                0x00004000                _reset_vector__
 *(.init1)
 .init1         0x00004000        0xc /usr/local/bin/../lib/gcc/msp430/4.7.2/mmpy-16/libcrt0.a(__watchdog_support.o)
                0x00004000                __watchdog_support
 *(.init2)
 .init2         0x0000400c        0x4 /usr/local/bin/../lib/gcc/msp430/4.7.2/mmpy-16/libcrt0.a(__init_stack.o)
                0x0000400c                __init_stack
 *(.init3)
 .init3         0x00004010        0x0 /usr/local/bin/../lib/gcc/msp430/4.7.2/mmpy-16/libcrt0.a(__low_level_init.o)
                0x00004010                __low_level_init
 *(.init4)
 .init4         0x00004010       0x18 /usr/local/bin/../lib/gcc/msp430/4.7.2/mmpy-16/libcrt0.a(_copy_data.o)
                0x00004010                __do_copy_data
 .init4         0x00004028       0x16 /usr/local/bin/../lib/gcc/msp430/4.7.2/mmpy-16/libcrt0.a(_clear_bss.o)
                0x00004028                __do_clear_bss
 *(.init5)
 *(.init6)
 *(.init7)
 *(.init8)
 *(.init9)
 .init9         0x0000403e      0x232 build/sky/obj/contiki-main.o
                0x0000403e                main
 *(.fini9)
 .fini9         0x00004270        0x0 /usr/local/bin/../lib/gcc/msp430/4.7.2/mmpy-16/libcrt0.a(__stop_progExec__.o)
                0x00004270                __stop_progExec__
 *(.fini8)
 *(.fini7)
 *(.fini6)
 *(.fini5)
 *(.fini4)
 *(.fini3)
 *(.fini2)
 *(.fini1)
 *(.fini0)
 .fini0         0x00004270        0x6 /usr/local/bin/../lib/gcc/msp430/4.7.2/mmpy-16/libcrt0.a(_endless_loop__.o)
                0x00004270                _endless_loop__
 *(.fini .fini.*)
                0x00004276                . = ALIGN (0x2)
                0x00004276                __ctors_start = .
 *(.ctors)
                0x00004276                __ctors_end = .
                0x00004276                __dtors_start = .
 *(.dtors)
                0x00004276                __dtors_end = .
                0x00004276                . = ALIGN (0x2)
 *(.text .text.* .gnu.linkonce.t.*)
 .text          0x00004276        0x4 /usr/local/bin/../lib/gcc/msp430/4.7.2/mmpy-16/crt0ivtbl16.o
                0x00004276                __isr_14
                0x00004276                __isr_11
                0x00004276                __isr_2
                0x00004276                __isr_7
                0x00004276                __isr_0
                0x00004276                __isr_8
                0x00004276                __isr_3
                0x00004276                __isr_12
                0x00004276                __isr_13
                0x00004276                __isr_9
 .text.process_thread_mal_node_mac_proc
                0x0000427a       0xd4 malnodemac.o
 .text.putchar  0x0000434e       0x10 build/sky/contiki-ng-sky.a(uart1-putchar.o)
                0x0000434e                putchar
 .text.platform_init_stage_one
                0x0000435e       0x12 build/sky/contiki-ng-sky.a(platform.o)
                0x0000435e                platform_init_stage_one
 .text.platform_init_stage_two
                0x00004370       0x64 build/sky/contiki-ng-sky.a(platform.o)
                0x00004370                platform_init_stage_two
 .text.platform_init_stage_three
                0x000043d4       0x7a build/sky/contiki-ng-sky.a(platform.o)
                0x000043d4                platform_init_stage_three
 .text.platform_idle
                0x0000444e       0x54 build/sky/contiki-ng-sky.a(platform.o)
                0x0000444e                platform_idle
 .text.msp430_init_dco
                0x000044a2       0x82 build/sky/contiki-ng-sky.a(msp430.o)
                0x000044a2                msp430_init_dco
 .text.msp430_add_lpm_req
                0x00004524        0xc build/sky/contiki-ng-sky.a(msp430.o)
                0x00004524                msp430_add_lpm_req
 .text.msp430_cpu_init
                0x00004530       0x2a build/sky/contiki-ng-sky.a(msp430.o)
                0x00004530                msp430_cpu_init
 .text.splhigh_
                0x0000455a        0x8 build/sky/contiki-ng-sky.a(msp430.o)
                0x0000455a                splhigh_
 .text.msp430_sync_dco
                0x00004562       0x6c build/sky/contiki-ng-sky.a(msp430.o)
                0x00004562                msp430_sync_dco
 .text.timera1  0x000045ce       0xdc build/sky/contiki-ng-sky.a(clock.o)
                0x000045ce                __isr_5
                0x000045ce                timera1
 .text.clock_time
                0x000046aa       0x1a build/sky/contiki-ng-sky.a(clock.o)
                0x000046aa                clock_time
 .text.clock_init
                0x000046c4       0x28 build/sky/contiki-ng-sky.a(clock.o)
                0x000046c4                clock_init
 .text.clock_delay
                0x000046ec        0xc build/sky/contiki-ng-sky.a(clock.o)
                0x000046ec                clock_delay
 .text.clock_seconds
                0x000046f8       0x1a build/sky/contiki-ng-sky.a(clock.o)
                0x000046f8                clock_seconds
 .text.leds_init
                0x00004712        0x6 build/sky/contiki-ng-sky.a(leds.o)
                0x00004712                leds_init
 .text.leds_on  0x00004718       0x12 build/sky/contiki-ng-sky.a(leds.o)
                0x00004718                leds_on
 .text.leds_off
                0x0000472a       0x12 build/sky/contiki-ng-sky.a(leds.o)
                0x0000472a                leds_off
 .text.leds_arch_init
                0x0000473c        0xe build/sky/contiki-ng-sky.a(leds-arch.o)
                0x0000473c                leds_arch_init
 .text.leds_arch_get
                0x0000474a       0x34 build/sky/contiki-ng-sky.a(leds-arch.o)
                0x0000474a                leds_arch_get
 .text.leds_arch_set
                0x0000477e       0x3e build/sky/contiki-ng-sky.a(leds-arch.o)
                0x0000477e                leds_arch_set
 .text.watchdog_interrupt
                0x000047bc        0x6 build/sky/contiki-ng-sky.a(watchdog.o)
                0x000047bc                __isr_10
                0x000047bc                watchdog_interrupt
 .text.watchdog_start
                0x000047c2       0x14 build/sky/contiki-ng-sky.a(watchdog.o)
                0x000047c2                watchdog_start
 .text.watchdog_periodic
                0x000047d6       0x12 build/sky/contiki-ng-sky.a(watchdog.o)
                0x000047d6                watchdog_periodic
 .text.watchdog_stop
                0x000047e8       0x16 build/sky/contiki-ng-sky.a(watchdog.o)
                0x000047e8                watchdog_stop
 .text.watchdog_init
                0x000047fe       0x12 build/sky/contiki-ng-sky.a(watchdog.o)
                0x000047fe                watchdog_init
 .text.process_thread_ctimer_process
                0x00004810       0xa8 build/sky/contiki-ng-sky.a(ctimer.o)
 .text.ctimer_init
                0x000048b8       0x18 build/sky/contiki-ng-sky.a(ctimer.o)
                0x000048b8                ctimer_init
 .text.ctimer_set_with_process
                0x000048d0       0x4e build/sky/contiki-ng-sky.a(ctimer.o)
                0x000048d0                ctimer_set_with_process
 .text.ctimer_set
                0x0000491e       0x10 build/sky/contiki-ng-sky.a(ctimer.o)
                0x0000491e                ctimer_set
 .text.ctimer_reset
                0x0000492e       0x30 build/sky/contiki-ng-sky.a(ctimer.o)
                0x0000492e                ctimer_reset
 .text.ctimer_stop
                0x0000495e       0x28 build/sky/contiki-ng-sky.a(ctimer.o)
                0x0000495e                ctimer_stop
 .text.ctimer_expired
                0x00004986       0x30 build/sky/contiki-ng-sky.a(ctimer.o)
                0x00004986                ctimer_expired
 .text.autostart_start
                0x000049b6       0x16 build/sky/contiki-ng-sky.a(autostart.o)
                0x000049b6                autostart_start
 .text.energest_init
                0x000049cc        0x2 build/sky/contiki-ng-sky.a(energest.o)
                0x000049cc                energest_init
 .text.energest_flush
                0x000049ce        0x2 build/sky/contiki-ng-sky.a(energest.o)
                0x000049ce                energest_flush
 .text.update_time
                0x000049d0       0x78 build/sky/contiki-ng-sky.a(etimer.o)
 .text.etimer_request_poll
                0x00004a48        0xa build/sky/contiki-ng-sky.a(etimer.o)
                0x00004a48                etimer_request_poll
 .text.process_thread_etimer_process
                0x00004a52       0xcc build/sky/contiki-ng-sky.a(etimer.o)
 .text.add_timer
                0x00004b1e       0x40 build/sky/contiki-ng-sky.a(etimer.o)
 .text.etimer_set
                0x00004b5e       0x12 build/sky/contiki-ng-sky.a(etimer.o)
                0x00004b5e                etimer_set
 .text.etimer_reset
                0x00004b70       0x12 build/sky/contiki-ng-sky.a(etimer.o)
                0x00004b70                etimer_reset
 .text.etimer_expired
                0x00004b82        0xe build/sky/contiki-ng-sky.a(etimer.o)
                0x00004b82                etimer_expired
 .text.etimer_pending
                0x00004b90        0xc build/sky/contiki-ng-sky.a(etimer.o)
                0x00004b90                etimer_pending
 .text.etimer_next_expiration_time
                0x00004b9c       0x16 build/sky/contiki-ng-sky.a(etimer.o)
                0x00004b9c                etimer_next_expiration_time
 .text.etimer_stop
                0x00004bb2       0x3e build/sky/contiki-ng-sky.a(etimer.o)
                0x00004bb2                etimer_stop
 .text.log_6addr
                0x00004bf0       0x32 build/sky/contiki-ng-sky.a(log.o)
                0x00004bf0                log_6addr
 .text.log_lladdr
                0x00004c22       0x44 build/sky/contiki-ng-sky.a(log.o)
                0x00004c22                log_lladdr
 .text.call_process
                0x00004c66       0x46 build/sky/contiki-ng-sky.a(process.o)
 .text.exit_process
                0x00004cac       0x96 build/sky/contiki-ng-sky.a(process.o)
 .text.do_poll  0x00004d42       0x30 build/sky/contiki-ng-sky.a(process.o)
 .text.process_alloc_event
                0x00004d72        0xe build/sky/contiki-ng-sky.a(process.o)
                0x00004d72                process_alloc_event
 .text.process_init
                0x00004d80       0x18 build/sky/contiki-ng-sky.a(process.o)
                0x00004d80                process_init
 .text.process_run
                0x00004d98       0x92 build/sky/contiki-ng-sky.a(process.o)
                0x00004d98                process_run
 .text.process_nevents
                0x00004e2a        0xe build/sky/contiki-ng-sky.a(process.o)
                0x00004e2a                process_nevents
 .text.process_post
                0x00004e38       0x42 build/sky/contiki-ng-sky.a(process.o)
                0x00004e38                process_post
 .text.process_post_synch
                0x00004e7a       0x12 build/sky/contiki-ng-sky.a(process.o)
                0x00004e7a                process_post_synch
 .text.process_start
                0x00004e8c       0x36 build/sky/contiki-ng-sky.a(process.o)
                0x00004e8c                process_start
 .text.process_poll
                0x00004ec2       0x18 build/sky/contiki-ng-sky.a(process.o)
                0x00004ec2                process_poll
 .text.rtimer_init
                0x00004eda        0x6 build/sky/contiki-ng-sky.a(rtimer.o)
                0x00004eda                rtimer_init
 .text.rtimer_run_next
                0x00004ee0       0x26 build/sky/contiki-ng-sky.a(rtimer.o)
                0x00004ee0                rtimer_run_next
 .text.node_id_init
                0x00004f06       0x14 build/sky/contiki-ng-sky.a(node-id.o)
                0x00004f06                node_id_init
 .text.timer_set
                0x00004f1a       0x1c build/sky/contiki-ng-sky.a(timer.o)
                0x00004f1a                timer_set
 .text.timer_expired
                0x00004f36       0x2a build/sky/contiki-ng-sky.a(timer.o)
                0x00004f36                timer_expired
 .text.timer_reset
                0x00004f60       0x1c build/sky/contiki-ng-sky.a(timer.o)
                0x00004f60                timer_reset
 .text.stack_check_init
                0x00004f7c       0x2e build/sky/contiki-ng-sky.a(stack-check.o)
                0x00004f7c                stack_check_init
 .text.stack_check_get_usage
                0x00004faa       0x54 build/sky/contiki-ng-sky.a(stack-check.o)
                0x00004faa                stack_check_get_usage
 .text.process_thread_stack_check_process
                0x00004ffe       0xea build/sky/contiki-ng-sky.a(stack-check.o)
 .text.list_init
                0x000050e8        0x6 build/sky/contiki-ng-sky.a(list.o)
                0x000050e8                list_init
 .text.list_head
                0x000050ee        0x4 build/sky/contiki-ng-sky.a(list.o)
                0x000050ee                list_head
 .text.list_tail
                0x000050f2       0x12 build/sky/contiki-ng-sky.a(list.o)
                0x000050f2                list_tail
 .text.list_remove
                0x00005104       0x34 build/sky/contiki-ng-sky.a(list.o)
                0x00005104                list_remove
 .text.list_push
                0x00005138       0x1a build/sky/contiki-ng-sky.a(list.o)
                0x00005138                list_push
 .text.list_add
                0x00005152       0x2a build/sky/contiki-ng-sky.a(list.o)
                0x00005152                list_add
 .text.list_length
                0x0000517c       0x10 build/sky/contiki-ng-sky.a(list.o)
                0x0000517c                list_length
 .text.list_item_next
                0x0000518c        0xc build/sky/contiki-ng-sky.a(list.o)
                0x0000518c                list_item_next
 .text.random_init
                0x00005198        0x6 build/sky/contiki-ng-sky.a(random.o)
                0x00005198                random_init
 .text.random_rand
                0x0000519e        0x6 build/sky/contiki-ng-sky.a(random.o)
                0x0000519e                random_rand
 .text.queuebuf_init
                0x000051a4       0x12 build/sky/contiki-ng-sky.a(queuebuf.o)
                0x000051a4                queuebuf_init
 .text.queuebuf_numfree
                0x000051b6        0xa build/sky/contiki-ng-sky.a(queuebuf.o)
                0x000051b6                queuebuf_numfree
 .text.queuebuf_new_from_packetbuf
                0x000051c0       0x52 build/sky/contiki-ng-sky.a(queuebuf.o)
                0x000051c0                queuebuf_new_from_packetbuf
 .text.queuebuf_update_attr_from_packetbuf
                0x00005212       0x12 build/sky/contiki-ng-sky.a(queuebuf.o)
                0x00005212                queuebuf_update_attr_from_packetbuf
 .text.queuebuf_free
                0x00005224       0x2a build/sky/contiki-ng-sky.a(queuebuf.o)
                0x00005224                queuebuf_free
 .text.queuebuf_to_packetbuf
                0x0000524e       0x32 build/sky/contiki-ng-sky.a(queuebuf.o)
                0x0000524e                queuebuf_to_packetbuf
 .text.packetbuf_hdrreduce
                0x00005280       0x1a build/sky/contiki-ng-sky.a(packetbuf.o)
                0x00005280                packetbuf_hdrreduce
 .text.packetbuf_set_datalen
                0x0000529a        0x6 build/sky/contiki-ng-sky.a(packetbuf.o)
                0x0000529a                packetbuf_set_datalen
 .text.packetbuf_hdrptr
                0x000052a0        0x6 build/sky/contiki-ng-sky.a(packetbuf.o)
                0x000052a0                packetbuf_hdrptr
 .text.packetbuf_datalen
                0x000052a6        0x6 build/sky/contiki-ng-sky.a(packetbuf.o)
                0x000052a6                packetbuf_datalen
 .text.packetbuf_hdrlen
                0x000052ac        0xa build/sky/contiki-ng-sky.a(packetbuf.o)
                0x000052ac                packetbuf_hdrlen
 .text.packetbuf_dataptr
                0x000052b6        0xc build/sky/contiki-ng-sky.a(packetbuf.o)
                0x000052b6                packetbuf_dataptr
 .text.packetbuf_copyto
                0x000052c2       0x46 build/sky/contiki-ng-sky.a(packetbuf.o)
                0x000052c2                packetbuf_copyto
 .text.packetbuf_totlen
                0x00005308        0xc build/sky/contiki-ng-sky.a(packetbuf.o)
                0x00005308                packetbuf_totlen
 .text.packetbuf_hdralloc
                0x00005314       0x3c build/sky/contiki-ng-sky.a(packetbuf.o)
                0x00005314                packetbuf_hdralloc
 .text.packetbuf_attr_clear
                0x00005350       0x28 build/sky/contiki-ng-sky.a(packetbuf.o)
                0x00005350                packetbuf_attr_clear
 .text.packetbuf_clear
                0x00005378       0x12 build/sky/contiki-ng-sky.a(packetbuf.o)
                0x00005378                packetbuf_clear
 .text.packetbuf_copyfrom
                0x0000538a       0x2e build/sky/contiki-ng-sky.a(packetbuf.o)
                0x0000538a                packetbuf_copyfrom
 .text.packetbuf_attr_copyto
                0x000053b8       0x22 build/sky/contiki-ng-sky.a(packetbuf.o)
                0x000053b8                packetbuf_attr_copyto
 .text.packetbuf_attr_copyfrom
                0x000053da       0x24 build/sky/contiki-ng-sky.a(packetbuf.o)
                0x000053da                packetbuf_attr_copyfrom
 .text.packetbuf_set_attr
                0x000053fe        0xc build/sky/contiki-ng-sky.a(packetbuf.o)
                0x000053fe                packetbuf_set_attr
 .text.packetbuf_attr
                0x0000540a        0xa build/sky/contiki-ng-sky.a(packetbuf.o)
                0x0000540a                packetbuf_attr
 .text.packetbuf_set_addr
                0x00005414       0x18 build/sky/contiki-ng-sky.a(packetbuf.o)
                0x00005414                packetbuf_set_addr
 .text.packetbuf_addr
                0x0000542c       0x12 build/sky/contiki-ng-sky.a(packetbuf.o)
                0x0000542c                packetbuf_addr
 .text.packetbuf_holds_broadcast
                0x0000543e        0xe build/sky/contiki-ng-sky.a(packetbuf.o)
                0x0000543e                packetbuf_holds_broadcast
 .text.netstack_process_ip_callback
                0x0000544c       0x4e build/sky/contiki-ng-sky.a(netstack.o)
                0x0000544c                netstack_process_ip_callback
 .text.netstack_init
                0x0000549a        0xe build/sky/contiki-ng-sky.a(netstack.o)
                0x0000549a                netstack_init
 .text.linkaddr_copy
                0x000054a8        0x8 build/sky/contiki-ng-sky.a(linkaddr.o)
                0x000054a8                linkaddr_copy
 .text.linkaddr_cmp
                0x000054b0       0x12 build/sky/contiki-ng-sky.a(linkaddr.o)
                0x000054b0                linkaddr_cmp
 .text.linkaddr_set_node_addr
                0x000054c2        0xc build/sky/contiki-ng-sky.a(linkaddr.o)
                0x000054c2                linkaddr_set_node_addr
 .text.on       0x000054ce        0x6 build/sky/contiki-ng-sky.a(csma.o)
 .text.off      0x000054d4        0x6 build/sky/contiki-ng-sky.a(csma.o)
 .text.max_payload
                0x000054da       0x38 build/sky/contiki-ng-sky.a(csma.o)
 .text.send_packet
                0x00005512        0x6 build/sky/contiki-ng-sky.a(csma.o)
 .text.init     0x00005518       0x1c build/sky/contiki-ng-sky.a(csma.o)
 .text.input_packet
                0x00005534       0x58 build/sky/contiki-ng-sky.a(csma.o)
 .text.schedule_transmission
                0x0000558c       0x70 build/sky/contiki-ng-sky.a(csma-output.o)
 .text.tx_done  0x000055fc       0x9a build/sky/contiki-ng-sky.a(csma-output.o)
 .text.transmit_from_queue
                0x00005696      0x1bc build/sky/contiki-ng-sky.a(csma-output.o)
 .text.csma_output_packet
                0x00005852      0x184 build/sky/contiki-ng-sky.a(csma-output.o)
                0x00005852                csma_output_packet
 .text.csma_output_init
                0x000059d6       0x1a build/sky/contiki-ng-sky.a(csma-output.o)
                0x000059d6                csma_output_init
 .text.uip_ds6_default_prefix
                0x000059f0        0x6 build/sky/contiki-ng-sky.a(uip-ds6.o)
                0x000059f0                uip_ds6_default_prefix
 .text.uip_ds6_list_loop
                0x000059f6       0x92 build/sky/contiki-ng-sky.a(uip-ds6.o)
                0x000059f6                uip_ds6_list_loop
 .text.uip_ds6_prefix_add
                0x00005a88       0x80 build/sky/contiki-ng-sky.a(uip-ds6.o)
                0x00005a88                uip_ds6_prefix_add
 .text.uip_ds6_is_addr_onlink
                0x00005b08       0x54 build/sky/contiki-ng-sky.a(uip-ds6.o)
                0x00005b08                uip_ds6_is_addr_onlink
 .text.uip_ds6_addr_lookup
                0x00005b5c       0x2a build/sky/contiki-ng-sky.a(uip-ds6.o)
                0x00005b5c                uip_ds6_addr_lookup
 .text.uip_ds6_get_link_local
                0x00005b86       0x3e build/sky/contiki-ng-sky.a(uip-ds6.o)
                0x00005b86                uip_ds6_get_link_local
 .text.uip_ds6_maddr_add
                0x00005bc4       0x4c build/sky/contiki-ng-sky.a(uip-ds6.o)
                0x00005bc4                uip_ds6_maddr_add
 .text.uip_ds6_addr_add
                0x00005c10       0xc4 build/sky/contiki-ng-sky.a(uip-ds6.o)
                0x00005c10                uip_ds6_addr_add
 .text.uip_ds6_maddr_rm
                0x00005cd4        0xa build/sky/contiki-ng-sky.a(uip-ds6.o)
                0x00005cd4                uip_ds6_maddr_rm
 .text.uip_ds6_maddr_lookup
                0x00005cde       0x2a build/sky/contiki-ng-sky.a(uip-ds6.o)
                0x00005cde                uip_ds6_maddr_lookup
 .text.uip_ds6_addr_rm
                0x00005d08       0x54 build/sky/contiki-ng-sky.a(uip-ds6.o)
                0x00005d08                uip_ds6_addr_rm
 .text.uip_ds6_periodic
                0x00005d5c       0x46 build/sky/contiki-ng-sky.a(uip-ds6.o)
                0x00005d5c                uip_ds6_periodic
 .text.uip_ds6_set_addr_iid
                0x00005da2       0x14 build/sky/contiki-ng-sky.a(uip-ds6.o)
                0x00005da2                uip_ds6_set_addr_iid
 .text.uip_ds6_set_lladdr_from_iid
                0x00005db6       0x14 build/sky/contiki-ng-sky.a(uip-ds6.o)
                0x00005db6                uip_ds6_set_lladdr_from_iid
 .text.get_match_length
                0x00005dca       0x44 build/sky/contiki-ng-sky.a(uip-ds6.o)
                0x00005dca                get_match_length
 .text.uip_ds6_select_src
                0x00005e0e       0xaa build/sky/contiki-ng-sky.a(uip-ds6.o)
                0x00005e0e                uip_ds6_select_src
 .text.uip_ds6_compute_reachable_time
                0x00005eb8       0x3e build/sky/contiki-ng-sky.a(uip-ds6.o)
                0x00005eb8                uip_ds6_compute_reachable_time
 .text.uip_ds6_init
                0x00005ef6      0x164 build/sky/contiki-ng-sky.a(uip-ds6.o)
                0x00005ef6                uip_ds6_init
 .text.uiplib_ipaddr_snprint
                0x0000605a      0x12c build/sky/contiki-ng-sky.a(uiplib.o)
                0x0000605a                uiplib_ipaddr_snprint
 .text.uip_ds6_route_init
                0x00006186       0x12 build/sky/contiki-ng-sky.a(uip-ds6-route.o)
                0x00006186                uip_ds6_route_init
 .text.uip_ds6_route_nexthop
                0x00006198        0x4 build/sky/contiki-ng-sky.a(uip-ds6-route.o)
                0x00006198                uip_ds6_route_nexthop
 .text.uip_ds6_route_lookup
                0x0000619c        0x4 build/sky/contiki-ng-sky.a(uip-ds6-route.o)
                0x0000619c                uip_ds6_route_lookup
 .text.uip_ds6_route_rm
                0x000061a0        0x2 build/sky/contiki-ng-sky.a(uip-ds6-route.o)
                0x000061a0                uip_ds6_route_rm
 .text.uip_ds6_defrt_rm
                0x000061a2       0x3c build/sky/contiki-ng-sky.a(uip-ds6-route.o)
                0x000061a2                uip_ds6_defrt_rm
 .text.uip_ds6_defrt_lookup
                0x000061de       0x40 build/sky/contiki-ng-sky.a(uip-ds6-route.o)
                0x000061de                uip_ds6_defrt_lookup
 .text.uip_ds6_defrt_add
                0x0000621e       0x72 build/sky/contiki-ng-sky.a(uip-ds6-route.o)
                0x0000621e                uip_ds6_defrt_add
 .text.uip_ds6_defrt_choose
                0x00006290       0x3a build/sky/contiki-ng-sky.a(uip-ds6-route.o)
                0x00006290                uip_ds6_defrt_choose
 .text.uip_ds6_defrt_periodic
                0x000062ca       0x38 build/sky/contiki-ng-sky.a(uip-ds6-route.o)
                0x000062ca                uip_ds6_defrt_periodic
 .text.uip_ds6_nbr_rm
                0x00006302       0x1e build/sky/contiki-ng-sky.a(uip-ds6-nbr.o)
                0x00006302                uip_ds6_nbr_rm
 .text.uip_ds6_neighbors_init
                0x00006320       0x12 build/sky/contiki-ng-sky.a(uip-ds6-nbr.o)
                0x00006320                uip_ds6_neighbors_init
 .text.uip_ds6_nbr_add
                0x00006332       0x3e build/sky/contiki-ng-sky.a(uip-ds6-nbr.o)
                0x00006332                uip_ds6_nbr_add
 .text.uip_ds6_nbr_get_ll
                0x00006370        0xc build/sky/contiki-ng-sky.a(uip-ds6-nbr.o)
                0x00006370                uip_ds6_nbr_get_ll
 .text.uip_ds6_nbr_head
                0x0000637c        0xa build/sky/contiki-ng-sky.a(uip-ds6-nbr.o)
                0x0000637c                uip_ds6_nbr_head
 .text.uip_ds6_nbr_next
                0x00006386        0xc build/sky/contiki-ng-sky.a(uip-ds6-nbr.o)
                0x00006386                uip_ds6_nbr_next
 .text.uip_ds6_nbr_lookup
                0x00006392       0x3a build/sky/contiki-ng-sky.a(uip-ds6-nbr.o)
                0x00006392                uip_ds6_nbr_lookup
 .text.uip_ds6_nbr_ll_lookup
                0x000063cc        0xc build/sky/contiki-ng-sky.a(uip-ds6-nbr.o)
                0x000063cc                uip_ds6_nbr_ll_lookup
 .text.uip_ds6_nbr_update_ll
                0x000063d8       0x76 build/sky/contiki-ng-sky.a(uip-ds6-nbr.o)
                0x000063d8                uip_ds6_nbr_update_ll
 .text.uip_ds6_nbr_ipaddr_from_lladdr
                0x0000644e        0x6 build/sky/contiki-ng-sky.a(uip-ds6-nbr.o)
                0x0000644e                uip_ds6_nbr_ipaddr_from_lladdr
 .text.uip_ds6_nbr_lladdr_from_ipaddr
                0x00006454       0x12 build/sky/contiki-ng-sky.a(uip-ds6-nbr.o)
                0x00006454                uip_ds6_nbr_lladdr_from_ipaddr
 .text.uip_ds6_link_callback
                0x00006466        0x2 build/sky/contiki-ng-sky.a(uip-ds6-nbr.o)
                0x00006466                uip_ds6_link_callback
 .text.tcpip_output
                0x00006468       0x22 build/sky/contiki-ng-sky.a(tcpip.o)
                0x00006468                tcpip_output
 .text.tcpip_input
                0x0000648a       0x1e build/sky/contiki-ng-sky.a(tcpip.o)
                0x0000648a                tcpip_input
 .text.tcpip_ipv6_output
                0x000064a8      0x114 build/sky/contiki-ng-sky.a(tcpip.o)
                0x000064a8                tcpip_ipv6_output
 .text.packet_input.part.3
                0x000065bc       0x12 build/sky/contiki-ng-sky.a(tcpip.o)
 .text.process_thread_tcpip_process
                0x000065ce       0xcc build/sky/contiki-ng-sky.a(tcpip.o)
 .text.tcpip_uipcall
                0x0000669a       0x2a build/sky/contiki-ng-sky.a(tcpip.o)
                0x0000669a                tcpip_uipcall
 .text.chksum   0x000066c4       0x32 build/sky/contiki-ng-sky.a(uip6.o)
 .text.upper_layer_chksum
                0x000066f6       0x58 build/sky/contiki-ng-sky.a(uip6.o)
 .text.ext_hdr_options_process
                0x0000674e       0xa4 build/sky/contiki-ng-sky.a(uip6.o)
 .text.uip_check_mtu
                0x000067f2       0x1e build/sky/contiki-ng-sky.a(uip6.o)
 .text.uip_update_ttl
                0x00006810       0x24 build/sky/contiki-ng-sky.a(uip6.o)
 .text.uip_icmp6chksum
                0x00006834        0xa build/sky/contiki-ng-sky.a(uip6.o)
                0x00006834                uip_icmp6chksum
 .text.uip_udpchksum
                0x0000683e        0xa build/sky/contiki-ng-sky.a(uip6.o)
                0x0000683e                uip_udpchksum
 .text.uip_init
                0x00006848       0x3c build/sky/contiki-ng-sky.a(uip6.o)
                0x00006848                uip_init
 .text.uip_remove_ext_hdr
                0x00006884       0x5e build/sky/contiki-ng-sky.a(uip6.o)
                0x00006884                uip_remove_ext_hdr
 .text.uip_process
                0x000068e2      0x4be build/sky/contiki-ng-sky.a(uip6.o)
                0x000068e2                uip_process
 .text.uip_htonl
                0x00006da0       0x2e build/sky/contiki-ng-sky.a(uip6.o)
                0x00006da0                uip_htonl
 .text.ns_input
                0x00006dce      0x284 build/sky/contiki-ng-sky.a(uip-nd6.o)
 .text.uip_nd6_init
                0x00007052        0xa build/sky/contiki-ng-sky.a(uip-nd6.o)
                0x00007052                uip_nd6_init
 .text.clear_fragments
                0x0000705c       0x40 build/sky/contiki-ng-sky.a(sicslowpan.o)
 .text.addr_context_lookup_by_number
                0x0000709c       0x16 build/sky/contiki-ng-sky.a(sicslowpan.o)
 .text.sicslowpan_init
                0x000070b2       0x18 build/sky/contiki-ng-sky.a(sicslowpan.o)
                0x000070b2                sicslowpan_init
 .text.set_packet_attrs
                0x000070ca       0x66 build/sky/contiki-ng-sky.a(sicslowpan.o)
 .text.compress_addr_64
                0x00007130       0xae build/sky/contiki-ng-sky.a(sicslowpan.o)
 .text.addr_context_lookup_by_prefix
                0x000071de       0x20 build/sky/contiki-ng-sky.a(sicslowpan.o)
 .text.send_packet
                0x000071fe       0x1a build/sky/contiki-ng-sky.a(sicslowpan.o)
 .text.fragment_copy_payload_and_send
                0x00007218       0x66 build/sky/contiki-ng-sky.a(sicslowpan.o)
 .text.output   0x0000727e      0x7c6 build/sky/contiki-ng-sky.a(sicslowpan.o)
 .text.packet_sent
                0x00007a44       0x56 build/sky/contiki-ng-sky.a(sicslowpan.o)
 .text.store_fragment
                0x00007a9a       0xb8 build/sky/contiki-ng-sky.a(sicslowpan.o)
 .text.add_fragment
                0x00007b52      0x1fc build/sky/contiki-ng-sky.a(sicslowpan.o)
 .text.uncompress_addr
                0x00007d4e       0xb4 build/sky/contiki-ng-sky.a(sicslowpan.o)
 .text.input    0x00007e02      0xa00 build/sky/contiki-ng-sky.a(sicslowpan.o)
 .text.rpl_has_joined
                0x00008802       0x12 build/sky/contiki-ng-sky.a(rpl.o)
                0x00008802                rpl_has_joined
 .text.rpl_is_reachable
                0x00008814       0x12 build/sky/contiki-ng-sky.a(rpl.o)
                0x00008814                rpl_is_reachable
 .text.neighbor_state_changed
                0x00008826        0x2 build/sky/contiki-ng-sky.a(rpl.o)
 .text.drop_route
                0x00008828        0x2 build/sky/contiki-ng-sky.a(rpl.o)
 .text.rpl_get_leaf_only
                0x0000882a        0x6 build/sky/contiki-ng-sky.a(rpl.o)
                0x0000882a                rpl_get_leaf_only
 .text.get_sr_node_ipaddr
                0x00008830       0x34 build/sky/contiki-ng-sky.a(rpl.o)
 .text.init     0x00008864       0x42 build/sky/contiki-ng-sky.a(rpl.o)
 .text.set_ip_from_prefix
                0x000088a6       0x38 build/sky/contiki-ng-sky.a(rpl.o)
 .text.rpl_link_callback
                0x000088de       0x1e build/sky/contiki-ng-sky.a(rpl.o)
                0x000088de                rpl_link_callback
 .text.rpl_lollipop_greater_than
                0x000088fc       0x3c build/sky/contiki-ng-sky.a(rpl.o)
                0x000088fc                rpl_lollipop_greater_than
 .text.rpl_get_global_address
                0x00008938       0xbe build/sky/contiki-ng-sky.a(rpl.o)
                0x00008938                rpl_get_global_address
 .text.rpl_reset_prefix
                0x000089f6       0x24 build/sky/contiki-ng-sky.a(rpl.o)
                0x000089f6                rpl_reset_prefix
 .text.rpl_set_prefix_from_addr
                0x00008a1a       0x92 build/sky/contiki-ng-sky.a(rpl.o)
                0x00008a1a                rpl_set_prefix_from_addr
 .text.init_dag
                0x00008aac       0x84 build/sky/contiki-ng-sky.a(rpl-dag.o)
 .text.process_dio_init_dag
                0x00008b30       0xb0 build/sky/contiki-ng-sky.a(rpl-dag.o)
 .text.rpl_dag_get_root_ipaddr
                0x00008be0       0x1e build/sky/contiki-ng-sky.a(rpl-dag.o)
                0x00008be0                rpl_dag_get_root_ipaddr
 .text.rpl_dag_leave
                0x00008bfe       0x4a build/sky/contiki-ng-sky.a(rpl-dag.o)
                0x00008bfe                rpl_dag_leave
 .text.rpl_dag_poison_and_leave
                0x00008c48        0xc build/sky/contiki-ng-sky.a(rpl-dag.o)
                0x00008c48                rpl_dag_poison_and_leave
 .text.rpl_dag_periodic
                0x00008c54       0x6a build/sky/contiki-ng-sky.a(rpl-dag.o)
                0x00008c54                rpl_dag_periodic
 .text.rpl_is_addr_in_our_dag
                0x00008cbe       0x34 build/sky/contiki-ng-sky.a(rpl-dag.o)
                0x00008cbe                rpl_is_addr_in_our_dag
 .text.rpl_local_repair
                0x00008cf2       0x2a build/sky/contiki-ng-sky.a(rpl-dag.o)
                0x00008cf2                rpl_local_repair
 .text.rpl_global_repair
                0x00008d1c       0x2e build/sky/contiki-ng-sky.a(rpl-dag.o)
                0x00008d1c                rpl_global_repair
 .text.rpl_dag_ready_to_advertise
                0x00008d4a       0x22 build/sky/contiki-ng-sky.a(rpl-dag.o)
                0x00008d4a                rpl_dag_ready_to_advertise
 .text.rpl_dag_update_state
                0x00008d6c      0x140 build/sky/contiki-ng-sky.a(rpl-dag.o)
                0x00008d6c                rpl_dag_update_state
 .text.rpl_process_dio
                0x00008eac      0x1b6 build/sky/contiki-ng-sky.a(rpl-dag.o)
                0x00008eac                rpl_process_dio
 .text.rpl_process_dis
                0x00009062       0x2a build/sky/contiki-ng-sky.a(rpl-dag.o)
                0x00009062                rpl_process_dis
 .text.rpl_process_dao
                0x0000908c       0x6c build/sky/contiki-ng-sky.a(rpl-dag.o)
                0x0000908c                rpl_process_dao
 .text.rpl_process_dao_ack
                0x000090f8       0x54 build/sky/contiki-ng-sky.a(rpl-dag.o)
                0x000090f8                rpl_process_dao_ack
 .text.rpl_process_hbh
                0x0000914c       0x2e build/sky/contiki-ng-sky.a(rpl-dag.o)
                0x0000914c                rpl_process_hbh
 .text.rpl_dag_init_root
                0x0000917a       0xbc build/sky/contiki-ng-sky.a(rpl-dag.o)
                0x0000917a                rpl_dag_init_root
 .text.rpl_dag_init
                0x00009236       0x10 build/sky/contiki-ng-sky.a(rpl-dag.o)
                0x00009236                rpl_dag_init
 .text.rpl_dag_root_set_prefix
                0x00009246       0x62 build/sky/contiki-ng-sky.a(rpl-dag-root.o)
                0x00009246                rpl_dag_root_set_prefix
 .text.rpl_dag_root_start
                0x000092a8       0x8e build/sky/contiki-ng-sky.a(rpl-dag-root.o)
                0x000092a8                rpl_dag_root_start
 .text.rpl_dag_root_is_root
                0x00009336       0x14 build/sky/contiki-ng-sky.a(rpl-dag-root.o)
                0x00009336                rpl_dag_root_is_root
 .text.init_platform
                0x0000934a        0xc build/sky/contiki-ng-sky.a(contiki-sky-pla)
                0x0000934a                init_platform
 .text.status   0x00009356       0x18 build/sky/contiki-ng-sky.a(button-sensor.o)
 .text.value    0x0000936e       0x20 build/sky/contiki-ng-sky.a(button-sensor.o)
 .text.configure
                0x0000938e       0x4c build/sky/contiki-ng-sky.a(button-sensor.o)
 .text.irq_p2   0x000093da       0x46 build/sky/contiki-ng-sky.a(button-sensor.o)
                0x000093da                irq_p2
                0x000093da                __isr_1
 .text.owreadb  0x00009420       0x50 build/sky/contiki-ng-sky.a(ds2411.o)
 .text.ds2411_init
                0x00009470      0x120 build/sky/contiki-ng-sky.a(ds2411.o)
                0x00009470                ds2411_init
 .text.xmem_init
                0x00009590       0x3c build/sky/contiki-ng-sky.a(xmem.o)
                0x00009590                xmem_init
 .text.process_thread_sensors_process
                0x000095cc       0xc2 build/sky/contiki-ng-sky.a(sensors.o)
 .text.sensors_changed
                0x0000968e       0x2a build/sky/contiki-ng-sky.a(sensors.o)
                0x0000968e                sensors_changed
 .text.get_object
                0x000096b8        0x4 build/sky/contiki-ng-sky.a(cc2420.o)
 .text.set_object
                0x000096bc        0x4 build/sky/contiki-ng-sky.a(cc2420.o)
 .text.strobe   0x000096c0       0x1c build/sky/contiki-ng-sky.a(cc2420.o)
 .text.getreg   0x000096dc       0x4c build/sky/contiki-ng-sky.a(cc2420.o)
 .text.setreg   0x00009728       0x4c build/sky/contiki-ng-sky.a(cc2420.o)
 .text.write_ram
                0x00009774       0x7c build/sky/contiki-ng-sky.a(cc2420.o)
 .text.write_fifo_buf
                0x000097f0       0x3c build/sky/contiki-ng-sky.a(cc2420.o)
 .text.get_status
                0x0000982c       0x20 build/sky/contiki-ng-sky.a(cc2420.o)
 .text.on       0x0000984c       0x1a build/sky/contiki-ng-sky.a(cc2420.o)
 .text.cc2420_receiving_packet
                0x00009866        0xc build/sky/contiki-ng-sky.a(cc2420.o)
 .text.pending_packet
                0x00009872        0x8 build/sky/contiki-ng-sky.a(cc2420.o)
 .text.wait_for_transmission
                0x0000987a       0x22 build/sky/contiki-ng-sky.a(cc2420.o)
 .text.wait_for_status
                0x0000989c       0x28 build/sky/contiki-ng-sky.a(cc2420.o)
 .text.getrxdata
                0x000098c4       0x50 build/sky/contiki-ng-sky.a(cc2420.o)
 .text.flushrx  0x00009914       0x1a build/sky/contiki-ng-sky.a(cc2420.o)
 .text.off      0x0000992e       0x28 build/sky/contiki-ng-sky.a(cc2420.o)
 .text.RELEASE_LOCK
                0x00009956       0x28 build/sky/contiki-ng-sky.a(cc2420.o)
 .text.set_key  0x0000997e       0x18 build/sky/contiki-ng-sky.a(cc2420.o)
 .text.set_frame_filtering
                0x00009996       0x30 build/sky/contiki-ng-sky.a(cc2420.o)
 .text.set_auto_ack
                0x000099c6       0x30 build/sky/contiki-ng-sky.a(cc2420.o)
 .text.set_poll_mode
                0x000099f6       0x2c build/sky/contiki-ng-sky.a(cc2420.o)
 .text.cc2420_prepare
                0x00009a22       0x46 build/sky/contiki-ng-sky.a(cc2420.o)
 .text.cc2420_on
                0x00009a68       0x22 build/sky/contiki-ng-sky.a(cc2420.o)
                0x00009a68                cc2420_on
 .text.cc2420_transmit
                0x00009a8a       0x66 build/sky/contiki-ng-sky.a(cc2420.o)
 .text.cc2420_send
                0x00009af0       0x12 build/sky/contiki-ng-sky.a(cc2420.o)
 .text.cc2420_off
                0x00009b02       0x30 build/sky/contiki-ng-sky.a(cc2420.o)
                0x00009b02                cc2420_off
 .text.cc2420_cca
                0x00009b32       0x68 build/sky/contiki-ng-sky.a(cc2420.o)
 .text.cc2420_read
                0x00009b9a       0xbe build/sky/contiki-ng-sky.a(cc2420.o)
 .text.process_thread_cc2420_process
                0x00009c58       0x62 build/sky/contiki-ng-sky.a(cc2420.o)
 .text.encrypt  0x00009cba       0x88 build/sky/contiki-ng-sky.a(cc2420.o)
 .text.cc2420_set_channel
                0x00009d42       0x3c build/sky/contiki-ng-sky.a(cc2420.o)
                0x00009d42                cc2420_set_channel
 .text.cc2420_set_pan_addr
                0x00009d7e       0x4c build/sky/contiki-ng-sky.a(cc2420.o)
                0x00009d7e                cc2420_set_pan_addr
 .text.cc2420_interrupt
                0x00009dca       0x16 build/sky/contiki-ng-sky.a(cc2420.o)
                0x00009dca                cc2420_interrupt
 .text.cc2420_set_txpower
                0x00009de0       0x2c build/sky/contiki-ng-sky.a(cc2420.o)
                0x00009de0                cc2420_set_txpower
 .text.cc2420_get_txpower
                0x00009e0c       0x1e build/sky/contiki-ng-sky.a(cc2420.o)
                0x00009e0c                cc2420_get_txpower
 .text.cc2420_rssi
                0x00009e2a       0x4c build/sky/contiki-ng-sky.a(cc2420.o)
                0x00009e2a                cc2420_rssi
 .text.get_value
                0x00009e76      0x11e build/sky/contiki-ng-sky.a(cc2420.o)
 .text.cc2420_set_cca_threshold
                0x00009f94       0x16 build/sky/contiki-ng-sky.a(cc2420.o)
                0x00009f94                cc2420_set_cca_threshold
 .text.set_value
                0x00009faa      0x150 build/sky/contiki-ng-sky.a(cc2420.o)
 .text.cc2420_init
                0x0000a0fa       0xea build/sky/contiki-ng-sky.a(cc2420.o)
                0x0000a0fa                cc2420_init
 .text.cc2420_port1_interrupt
                0x0000a1e4       0x20 build/sky/contiki-ng-sky.a(cc2420-arch.o)
                0x0000a1e4                __isr_4
                0x0000a1e4                cc2420_port1_interrupt
 .text.cc2420_arch_init
                0x0000a204       0x1a build/sky/contiki-ng-sky.a(cc2420-arch.o)
                0x0000a204                cc2420_arch_init
 .text.uart1_active
                0x0000a21e       0x18 build/sky/contiki-ng-sky.a(uart1.o)
                0x0000a21e                uart1_active
 .text.uart1_writeb
                0x0000a236       0x18 build/sky/contiki-ng-sky.a(uart1.o)
                0x0000a236                uart1_writeb
 .text.uart1_init
                0x0000a24e       0xf4 build/sky/contiki-ng-sky.a(uart1.o)
                0x0000a24e                uart1_init
 .text.timera0  0x0000a342       0x2e build/sky/contiki-ng-sky.a(rtimer-arch.o)
                0x0000a342                __isr_6
                0x0000a342                timera0
 .text.rtimer_arch_init
                0x0000a370        0xe build/sky/contiki-ng-sky.a(rtimer-arch.o)
                0x0000a370                rtimer_arch_init
 .text.rtimer_arch_now
                0x0000a37e        0xe build/sky/contiki-ng-sky.a(rtimer-arch.o)
                0x0000a37e                rtimer_arch_now
 .text.rtimer_arch_schedule
                0x0000a38c        0x6 build/sky/contiki-ng-sky.a(rtimer-arch.o)
                0x0000a38c                rtimer_arch_schedule
 .text.stimer_set
                0x0000a392       0x1c build/sky/contiki-ng-sky.a(stimer.o)
                0x0000a392                stimer_set
 .text.stimer_expired
                0x0000a3ae       0x30 build/sky/contiki-ng-sky.a(stimer.o)
                0x0000a3ae                stimer_expired
 .text.memb_init
                0x0000a3de       0x36 build/sky/contiki-ng-sky.a(memb.o)
                0x0000a3de                memb_init
 .text.memb_alloc
                0x0000a414       0x3e build/sky/contiki-ng-sky.a(memb.o)
                0x0000a414                memb_alloc
 .text.memb_free
                0x0000a452       0x32 build/sky/contiki-ng-sky.a(memb.o)
                0x0000a452                memb_free
 .text.memb_inmemb
                0x0000a484       0x2a build/sky/contiki-ng-sky.a(memb.o)
                0x0000a484                memb_inmemb
 .text.memb_numfree
                0x0000a4ae       0x26 build/sky/contiki-ng-sky.a(memb.o)
                0x0000a4ae                memb_numfree
 .text.item_from_index
                0x0000a4d4       0x2a build/sky/contiki-ng-sky.a(nbr-table.o)
 .text.index_from_key
                0x0000a4fe       0x26 build/sky/contiki-ng-sky.a(nbr-table.o)
 .text.index_from_item
                0x0000a524       0x1e build/sky/contiki-ng-sky.a(nbr-table.o)
 .text.nbr_set_bit
                0x0000a542       0x58 build/sky/contiki-ng-sky.a(nbr-table.o)
 .text.index_from_lladdr
                0x0000a59a       0x42 build/sky/contiki-ng-sky.a(nbr-table.o)
 .text.nbr_get_bit.constprop.3
                0x0000a5dc       0x2e build/sky/contiki-ng-sky.a(nbr-table.o)
 .text.remove_key
                0x0000a60a       0x84 build/sky/contiki-ng-sky.a(nbr-table.o)
 .text.nbr_table_is_registered
                0x0000a68e       0x22 build/sky/contiki-ng-sky.a(nbr-table.o)
                0x0000a68e                nbr_table_is_registered
 .text.nbr_table_register
                0x0000a6b0       0x40 build/sky/contiki-ng-sky.a(nbr-table.o)
                0x0000a6b0                nbr_table_register
 .text.nbr_table_next
                0x0000a6f0       0x54 build/sky/contiki-ng-sky.a(nbr-table.o)
                0x0000a6f0                nbr_table_next
 .text.nbr_table_head
                0x0000a744       0x3a build/sky/contiki-ng-sky.a(nbr-table.o)
                0x0000a744                nbr_table_head
 .text.nbr_table_get_from_lladdr
                0x0000a77e       0x2c build/sky/contiki-ng-sky.a(nbr-table.o)
                0x0000a77e                nbr_table_get_from_lladdr
 .text.entry_is_allowed.isra.2
                0x0000a7aa       0x82 build/sky/contiki-ng-sky.a(nbr-table.o)
 .text.nbr_table_add_lladdr
                0x0000a82c       0xbe build/sky/contiki-ng-sky.a(nbr-table.o)
                0x0000a82c                nbr_table_add_lladdr
 .text.nbr_table_remove
                0x0000a8ea       0x32 build/sky/contiki-ng-sky.a(nbr-table.o)
                0x0000a8ea                nbr_table_remove
 .text.nbr_table_lock
                0x0000a91c       0x10 build/sky/contiki-ng-sky.a(nbr-table.o)
                0x0000a91c                nbr_table_lock
 .text.nbr_table_unlock
                0x0000a92c       0x10 build/sky/contiki-ng-sky.a(nbr-table.o)
                0x0000a92c                nbr_table_unlock
 .text.nbr_table_get_lladdr
                0x0000a93c       0x22 build/sky/contiki-ng-sky.a(nbr-table.o)
                0x0000a93c                nbr_table_get_lladdr
 .text.periodic
                0x0000a95e       0x28 build/sky/contiki-ng-sky.a(link-stats.o)
 .text.link_stats_from_lladdr
                0x0000a986        0xc build/sky/contiki-ng-sky.a(link-stats.o)
                0x0000a986                link_stats_from_lladdr
 .text.link_stats_is_fresh
                0x0000a992       0x30 build/sky/contiki-ng-sky.a(link-stats.o)
                0x0000a992                link_stats_is_fresh
 .text.guess_etx_from_rssi
                0x0000a9c2       0x42 build/sky/contiki-ng-sky.a(link-stats.o)
                0x0000a9c2                guess_etx_from_rssi
 .text.link_stats_packet_sent
                0x0000aa04       0xdc build/sky/contiki-ng-sky.a(link-stats.o)
                0x0000aa04                link_stats_packet_sent
 .text.link_stats_input_callback
                0x0000aae0       0xb2 build/sky/contiki-ng-sky.a(link-stats.o)
                0x0000aae0                link_stats_input_callback
 .text.link_stats_reset
                0x0000ab92       0x2a build/sky/contiki-ng-sky.a(link-stats.o)
                0x0000ab92                link_stats_reset
 .text.link_stats_init
                0x0000abbc       0x22 build/sky/contiki-ng-sky.a(link-stats.o)
                0x0000abbc                link_stats_init
 .text.mac_sequence_is_duplicate
                0x0000abde       0x84 build/sky/contiki-ng-sky.a(mac-sequence.o)
                0x0000abde                mac_sequence_is_duplicate
 .text.mac_sequence_register_seqno
                0x0000ac62       0x90 build/sky/contiki-ng-sky.a(mac-sequence.o)
                0x0000ac62                mac_sequence_register_seqno
 .text.mac_call_sent_callback
                0x0000acf2       0x14 build/sky/contiki-ng-sky.a(mac.o)
                0x0000acf2                mac_call_sent_callback
 .text.parse    0x0000ad06       0xa0 build/sky/contiki-ng-sky.a(framer-802154.o)
 .text.framer_802154_setup_params
                0x0000ada6       0xb8 build/sky/contiki-ng-sky.a(framer-802154.o)
                0x0000ada6                framer_802154_setup_params
 .text.create_frame
                0x0000ae5e       0xde build/sky/contiki-ng-sky.a(framer-802154.o)
 .text.create   0x0000af3c        0x8 build/sky/contiki-ng-sky.a(framer-802154.o)
 .text.hdr_length
                0x0000af44        0x8 build/sky/contiki-ng-sky.a(framer-802154.o)
 .text.frame802154_get_pan_id
                0x0000af4c        0x6 build/sky/contiki-ng-sky.a(frame802154.o)
                0x0000af4c                frame802154_get_pan_id
 .text.frame802154_has_panid
                0x0000af52       0xe0 build/sky/contiki-ng-sky.a(frame802154.o)
                0x0000af52                frame802154_has_panid
 .text.field_len
                0x0000b032       0xac build/sky/contiki-ng-sky.a(frame802154.o)
 .text.frame802154_is_broadcast_addr
                0x0000b0de       0x28 build/sky/contiki-ng-sky.a(frame802154.o)
                0x0000b0de                frame802154_is_broadcast_addr
 .text.frame802154_hdrlen
                0x0000b106       0x32 build/sky/contiki-ng-sky.a(frame802154.o)
                0x0000b106                frame802154_hdrlen
 .text.frame802154_create_fcf
                0x0000b138       0x96 build/sky/contiki-ng-sky.a(frame802154.o)
                0x0000b138                frame802154_create_fcf
 .text.frame802154_create
                0x0000b1ce       0xe4 build/sky/contiki-ng-sky.a(frame802154.o)
                0x0000b1ce                frame802154_create
 .text.frame802154_parse_fcf
                0x0000b2b2       0xbc build/sky/contiki-ng-sky.a(frame802154.o)
                0x0000b2b2                frame802154_parse_fcf
 .text.frame802154_parse
                0x0000b36e      0x168 build/sky/contiki-ng-sky.a(frame802154.o)
                0x0000b36e                frame802154_parse
 .text.csma_security_create_frame
                0x0000b4d6       0x10 build/sky/contiki-ng-sky.a(csma-security.o)
                0x0000b4d6                csma_security_create_frame
 .text.csma_security_parse_frame
                0x0000b4e6        0x6 build/sky/contiki-ng-sky.a(csma-security.o)
                0x0000b4e6                csma_security_parse_frame
 .text.uipbuf_add_ext_hdr
                0x0000b4ec       0x1c build/sky/contiki-ng-sky.a(uipbuf.o)
                0x0000b4ec                uipbuf_add_ext_hdr
 .text.uipbuf_set_len
                0x0000b508       0x12 build/sky/contiki-ng-sky.a(uipbuf.o)
                0x0000b508                uipbuf_set_len
 .text.uipbuf_set_len_field
                0x0000b51a        0xe build/sky/contiki-ng-sky.a(uipbuf.o)
                0x0000b51a                uipbuf_set_len_field
 .text.uipbuf_get_len_field
                0x0000b528        0xe build/sky/contiki-ng-sky.a(uipbuf.o)
                0x0000b528                uipbuf_get_len_field
 .text.uipbuf_get_next_header
                0x0000b536       0x62 build/sky/contiki-ng-sky.a(uipbuf.o)
                0x0000b536                uipbuf_get_next_header
 .text.uipbuf_get_last_header
                0x0000b598       0x3e build/sky/contiki-ng-sky.a(uipbuf.o)
                0x0000b598                uipbuf_get_last_header
 .text.uipbuf_search_header
                0x0000b5d6       0x4e build/sky/contiki-ng-sky.a(uipbuf.o)
                0x0000b5d6                uipbuf_search_header
 .text.uipbuf_get_attr
                0x0000b624       0x12 build/sky/contiki-ng-sky.a(uipbuf.o)
                0x0000b624                uipbuf_get_attr
 .text.uipbuf_set_attr
                0x0000b636       0x14 build/sky/contiki-ng-sky.a(uipbuf.o)
                0x0000b636                uipbuf_set_attr
 .text.uipbuf_clear_attr
                0x0000b64a       0x12 build/sky/contiki-ng-sky.a(uipbuf.o)
                0x0000b64a                uipbuf_clear_attr
 .text.uipbuf_clear
                0x0000b65c       0x12 build/sky/contiki-ng-sky.a(uipbuf.o)
                0x0000b65c                uipbuf_clear
 .text.uipbuf_init
                0x0000b66e       0x1a build/sky/contiki-ng-sky.a(uipbuf.o)
                0x0000b66e                uipbuf_init
 .text.echo_reply_input
                0x0000b688       0x68 build/sky/contiki-ng-sky.a(uip-icmp6.o)
 .text.echo_request_input
                0x0000b6f0       0x86 build/sky/contiki-ng-sky.a(uip-icmp6.o)
 .text.uip_icmp6_input
                0x0000b776       0x48 build/sky/contiki-ng-sky.a(uip-icmp6.o)
                0x0000b776                uip_icmp6_input
 .text.uip_icmp6_register_input_handler
                0x0000b7be        0xc build/sky/contiki-ng-sky.a(uip-icmp6.o)
                0x0000b7be                uip_icmp6_register_input_handler
 .text.uip_icmp6_error_output
                0x0000b7ca      0x146 build/sky/contiki-ng-sky.a(uip-icmp6.o)
                0x0000b7ca                uip_icmp6_error_output
 .text.uip_icmp6_send
                0x0000b910       0x8e build/sky/contiki-ng-sky.a(uip-icmp6.o)
                0x0000b910                uip_icmp6_send
 .text.uip_icmp6_init
                0x0000b99e       0x12 build/sky/contiki-ng-sky.a(uip-icmp6.o)
                0x0000b99e                uip_icmp6_init
 .text.node_matches_address.part.0
                0x0000b9b0       0x2e build/sky/contiki-ng-sky.a(uip-sr.o)
 .text.uip_sr_get_node
                0x0000b9de       0x44 build/sky/contiki-ng-sky.a(uip-sr.o)
                0x0000b9de                uip_sr_get_node
 .text.uip_sr_is_addr_reachable
                0x0000ba22       0x4e build/sky/contiki-ng-sky.a(uip-sr.o)
                0x0000ba22                uip_sr_is_addr_reachable
 .text.uip_sr_expire_parent
                0x0000ba70       0x42 build/sky/contiki-ng-sky.a(uip-sr.o)
                0x0000ba70                uip_sr_expire_parent
 .text.uip_sr_update_node
                0x0000bab2       0xbc build/sky/contiki-ng-sky.a(uip-sr.o)
                0x0000bab2                uip_sr_update_node
 .text.uip_sr_init
                0x0000bb6e       0x16 build/sky/contiki-ng-sky.a(uip-sr.o)
                0x0000bb6e                uip_sr_init
 .text.uip_sr_periodic
                0x0000bb84       0x9a build/sky/contiki-ng-sky.a(uip-sr.o)
                0x0000bb84                uip_sr_periodic
 .text.uip_sr_free_all
                0x0000bc1e       0x3c build/sky/contiki-ng-sky.a(uip-sr.o)
                0x0000bc1e                uip_sr_free_all
 .text.get32    0x0000bc5a       0x46 build/sky/contiki-ng-sky.a(rpl-icmp6.o)
 .text.set32    0x0000bca0       0x2a build/sky/contiki-ng-sky.a(rpl-icmp6.o)
 .text.get16    0x0000bcca        0xe build/sky/contiki-ng-sky.a(rpl-icmp6.o)
 .text.set16    0x0000bcd8       0x10 build/sky/contiki-ng-sky.a(rpl-icmp6.o)
 .text.dao_ack_input
                0x0000bce8       0x30 build/sky/contiki-ng-sky.a(rpl-icmp6.o)
 .text.dao_input
                0x0000bd18      0x13c build/sky/contiki-ng-sky.a(rpl-icmp6.o)
 .text.dio_input
                0x0000be54      0x29c build/sky/contiki-ng-sky.a(rpl-icmp6.o)
 .text.dis_input
                0x0000c0f0       0x1e build/sky/contiki-ng-sky.a(rpl-icmp6.o)
 .text.rpl_icmp6_update_nbr_table
                0x0000c10e       0x36 build/sky/contiki-ng-sky.a(rpl-icmp6.o)
                0x0000c10e                rpl_icmp6_update_nbr_table
 .text.rpl_icmp6_dis_output
                0x0000c144       0x34 build/sky/contiki-ng-sky.a(rpl-icmp6.o)
                0x0000c144                rpl_icmp6_dis_output
 .text.rpl_icmp6_dio_output
                0x0000c178      0x23a build/sky/contiki-ng-sky.a(rpl-icmp6.o)
                0x0000c178                rpl_icmp6_dio_output
 .text.rpl_icmp6_dao_output
                0x0000c3b2       0xe2 build/sky/contiki-ng-sky.a(rpl-icmp6.o)
                0x0000c3b2                rpl_icmp6_dao_output
 .text.rpl_icmp6_dao_ack_output
                0x0000c494       0x4e build/sky/contiki-ng-sky.a(rpl-icmp6.o)
                0x0000c494                rpl_icmp6_dao_ack_output
 .text.rpl_icmp6_init
                0x0000c4e2       0x22 build/sky/contiki-ng-sky.a(rpl-icmp6.o)
                0x0000c4e2                rpl_icmp6_init
 .text.remove_neighbor
                0x0000c504       0x24 build/sky/contiki-ng-sky.a(rpl-neighbor.o)
 .text.rpl_neighbor_get_from_lladdr
                0x0000c528        0xc build/sky/contiki-ng-sky.a(rpl-neighbor.o)
                0x0000c528                rpl_neighbor_get_from_lladdr
 .text.rpl_neighbor_rank_via_nbr
                0x0000c534       0x18 build/sky/contiki-ng-sky.a(rpl-neighbor.o)
                0x0000c534                rpl_neighbor_rank_via_nbr
 .text.rpl_neighbor_get_lladdr
                0x0000c54c        0xc build/sky/contiki-ng-sky.a(rpl-neighbor.o)
                0x0000c54c                rpl_neighbor_get_lladdr
 .text.rpl_neighbor_get_ipaddr
                0x0000c558        0xa build/sky/contiki-ng-sky.a(rpl-neighbor.o)
                0x0000c558                rpl_neighbor_get_ipaddr
 .text.rpl_neighbor_get_link_stats
                0x0000c562        0xa build/sky/contiki-ng-sky.a(rpl-neighbor.o)
                0x0000c562                rpl_neighbor_get_link_stats
 .text.rpl_neighbor_is_fresh
                0x0000c56c        0xa build/sky/contiki-ng-sky.a(rpl-neighbor.o)
                0x0000c56c                rpl_neighbor_is_fresh
 .text.best_parent
                0x0000c576       0xb4 build/sky/contiki-ng-sky.a(rpl-neighbor.o)
 .text.rpl_neighbor_set_preferred_parent
                0x0000c62a       0x48 build/sky/contiki-ng-sky.a(rpl-neighbor.o)
                0x0000c62a                rpl_neighbor_set_preferred_parent
 .text.rpl_neighbor_remove_all
                0x0000c672       0x30 build/sky/contiki-ng-sky.a(rpl-neighbor.o)
                0x0000c672                rpl_neighbor_remove_all
 .text.rpl_neighbor_get_from_ipaddr
                0x0000c6a2       0x14 build/sky/contiki-ng-sky.a(rpl-neighbor.o)
                0x0000c6a2                rpl_neighbor_get_from_ipaddr
 .text.rpl_neighbor_select_best
                0x0000c6b6       0x54 build/sky/contiki-ng-sky.a(rpl-neighbor.o)
                0x0000c6b6                rpl_neighbor_select_best
 .text.rpl_neighbor_init
                0x0000c70a        0xe build/sky/contiki-ng-sky.a(rpl-neighbor.o)
                0x0000c70a                rpl_neighbor_init
 .text.handle_state_update
                0x0000c718        0x6 build/sky/contiki-ng-sky.a(rpl-timers.o)
 .text.handle_leaving_timer
                0x0000c71e        0xc build/sky/contiki-ng-sky.a(rpl-timers.o)
 .text.schedule_dao_retransmission
                0x0000c72a       0x34 build/sky/contiki-ng-sky.a(rpl-timers.o)
 .text.new_dio_interval
                0x0000c75e       0x8a build/sky/contiki-ng-sky.a(rpl-timers.o)
 .text.handle_unicast_dio_timer
                0x0000c7e8       0x12 build/sky/contiki-ng-sky.a(rpl-timers.o)
 .text.send_new_dao
                0x0000c7fa       0x28 build/sky/contiki-ng-sky.a(rpl-timers.o)
 .text.resend_dao
                0x0000c822       0x24 build/sky/contiki-ng-sky.a(rpl-timers.o)
 .text.handle_dao_ack_timer
                0x0000c846       0x12 build/sky/contiki-ng-sky.a(rpl-timers.o)
 .text.handle_dio_timer
                0x0000c858       0x6e build/sky/contiki-ng-sky.a(rpl-timers.o)
 .text.rpl_timers_schedule_periodic_dis
                0x0000c8c6       0x40 build/sky/contiki-ng-sky.a(rpl-timers.o)
                0x0000c8c6                rpl_timers_schedule_periodic_dis
 .text.handle_periodic_timer
                0x0000c906       0x3a build/sky/contiki-ng-sky.a(rpl-timers.o)
 .text.handle_dis_timer
                0x0000c940       0x26 build/sky/contiki-ng-sky.a(rpl-timers.o)
 .text.rpl_timers_dio_reset
                0x0000c966       0x2e build/sky/contiki-ng-sky.a(rpl-timers.o)
                0x0000c966                rpl_timers_dio_reset
 .text.rpl_timers_schedule_unicast_dio
                0x0000c994       0x20 build/sky/contiki-ng-sky.a(rpl-timers.o)
                0x0000c994                rpl_timers_schedule_unicast_dio
 .text.rpl_timers_schedule_dao
                0x0000c9b4       0x3c build/sky/contiki-ng-sky.a(rpl-timers.o)
                0x0000c9b4                rpl_timers_schedule_dao
 .text.rpl_timers_schedule_dao_ack
                0x0000c9f0       0x34 build/sky/contiki-ng-sky.a(rpl-timers.o)
                0x0000c9f0                rpl_timers_schedule_dao_ack
 .text.rpl_timers_notify_dao_ack
                0x0000ca24       0x82 build/sky/contiki-ng-sky.a(rpl-timers.o)
                0x0000ca24                rpl_timers_notify_dao_ack
 .text.get_probing_delay
                0x0000caa6       0x1c build/sky/contiki-ng-sky.a(rpl-timers.o)
                0x0000caa6                get_probing_delay
 .text.get_probing_target
                0x0000cac2       0xee build/sky/contiki-ng-sky.a(rpl-timers.o)
                0x0000cac2                get_probing_target
 .text.rpl_schedule_probing
                0x0000cbb0       0x20 build/sky/contiki-ng-sky.a(rpl-timers.o)
                0x0000cbb0                rpl_schedule_probing
 .text.handle_probing_timer
                0x0000cbd0       0x2a build/sky/contiki-ng-sky.a(rpl-timers.o)
 .text.rpl_schedule_probing_now
                0x0000cbfa       0x24 build/sky/contiki-ng-sky.a(rpl-timers.o)
                0x0000cbfa                rpl_schedule_probing_now
 .text.rpl_timers_unschedule_leaving
                0x0000cc1e       0x1c build/sky/contiki-ng-sky.a(rpl-timers.o)
                0x0000cc1e                rpl_timers_unschedule_leaving
 .text.rpl_timers_schedule_leaving
                0x0000cc3a       0x2a build/sky/contiki-ng-sky.a(rpl-timers.o)
                0x0000cc3a                rpl_timers_schedule_leaving
 .text.rpl_timers_init
                0x0000cc64       0x1c build/sky/contiki-ng-sky.a(rpl-timers.o)
                0x0000cc64                rpl_timers_init
 .text.rpl_timers_stop_dag_timers
                0x0000cc80       0x4c build/sky/contiki-ng-sky.a(rpl-timers.o)
                0x0000cc80                rpl_timers_stop_dag_timers
 .text.rpl_timers_unschedule_state_update
                0x0000cccc       0x10 build/sky/contiki-ng-sky.a(rpl-timers.o)
                0x0000cccc                rpl_timers_unschedule_state_update
 .text.rpl_timers_schedule_state_update
                0x0000ccdc       0x1c build/sky/contiki-ng-sky.a(rpl-timers.o)
                0x0000ccdc                rpl_timers_schedule_state_update
 .text.update_hbh_header
                0x0000ccf8       0x4a build/sky/contiki-ng-sky.a(rpl-ext-header.)
 .text.rpl_ext_header_srh_get_next_hop
                0x0000cd42       0x84 build/sky/contiki-ng-sky.a(rpl-ext-header.)
                0x0000cd42                rpl_ext_header_srh_get_next_hop
 .text.rpl_ext_header_srh_update
                0x0000cdc6      0x118 build/sky/contiki-ng-sky.a(rpl-ext-header.)
                0x0000cdc6                rpl_ext_header_srh_update
 .text.rpl_ext_header_hbh_update
                0x0000cede       0x9e build/sky/contiki-ng-sky.a(rpl-ext-header.)
                0x0000cede                rpl_ext_header_hbh_update
 .text.rpl_ext_header_remove
                0x0000cf7c       0xcc build/sky/contiki-ng-sky.a(rpl-ext-header.)
                0x0000cf7c                rpl_ext_header_remove
 .text.rpl_ext_header_update
                0x0000d048      0x2aa build/sky/contiki-ng-sky.a(rpl-ext-header.)
                0x0000d048                rpl_ext_header_update
 .text.get_rank
                0x0000d2f2       0x16 build/sky/contiki-ng-sky.a(rpl-nbr-policy.)
 .text.rpl_nbr_gc_get_worst
                0x0000d308       0x28 build/sky/contiki-ng-sky.a(rpl-nbr-policy.)
                0x0000d308                rpl_nbr_gc_get_worst
 .text.reset    0x0000d330        0x2 build/sky/contiki-ng-sky.a(rpl-mrhof.o)
 .text.update_metric_container
                0x0000d332        0x6 build/sky/contiki-ng-sky.a(rpl-mrhof.o)
 .text.nbr_link_metric
                0x0000d338       0x12 build/sky/contiki-ng-sky.a(rpl-mrhof.o)
 .text.nbr_has_usable_link
                0x0000d34a       0x14 build/sky/contiki-ng-sky.a(rpl-mrhof.o)
 .text.nbr_path_cost
                0x0000d35e       0x38 build/sky/contiki-ng-sky.a(rpl-mrhof.o)
 .text.within_hysteresis
                0x0000d396       0x54 build/sky/contiki-ng-sky.a(rpl-mrhof.o)
 .text.nbr_is_acceptable_parent
                0x0000d3ea       0x2c build/sky/contiki-ng-sky.a(rpl-mrhof.o)
 .text.rank_via_nbr
                0x0000d416       0x48 build/sky/contiki-ng-sky.a(rpl-mrhof.o)
 .text.best_parent
                0x0000d45e       0x7c build/sky/contiki-ng-sky.a(rpl-mrhof.o)
 .text.spi_init
                0x0000d4da       0x30 build/sky/contiki-ng-sky.a(spi-legacy.o)
                0x0000d4da                spi_init
 .text.libgcc   0x0000d50a       0x2c /usr/local/bin/../lib/gcc/msp430/4.7.2/mmpy-16/libgcc.a(_mulsi3.o)
                0x0000d50a                __mulsi3
 .text.libgcc   0x0000d536       0x22 /usr/local/bin/../lib/gcc/msp430/4.7.2/mmpy-16/libgcc.a(_udivmod16.o)
                0x0000d536                __udivhi3
                0x0000d536                __ext_udivmod16
                0x0000d550                __umodhi3
 .text.libgcc   0x0000d558       0x3a /usr/local/bin/../lib/gcc/msp430/4.7.2/mmpy-16/libgcc.a(_divmod16.o)
                0x0000d558                __ext_divmod16
                0x0000d558                __divhi3
                0x0000d58a                __modhi3
 .text.libgcc   0x0000d592       0x40 /usr/local/bin/../lib/gcc/msp430/4.7.2/mmpy-16/libgcc.a(_udivmod32.o)
                0x0000d592                __udivsi3
                0x0000d592                __ext_udivmod32
                0x0000d5c8                __umodsi3
 .text.libgcc   0x0000d5d2       0x4c /usr/local/bin/../lib/gcc/msp430/4.7.2/mmpy-16/libgcc.a(_divmod32.o)
                0x0000d5d2                __ext_divmod32
                0x0000d5d2                __divsi3
                0x0000d614                __modsi3
 .text.printf   0x0000d61e       0x10 /usr/local/bin/../lib/gcc/msp430/4.7.2/../../../../msp430/lib/mmpy-16/libc.a(printf.o)
                0x0000d61e                printf
 .text.append   0x0000d62e       0x22 /usr/local/bin/../lib/gcc/msp430/4.7.2/../../../../msp430/lib/mmpy-16/libc.a(sprintf.o)
 .text.call_vuprintf
                0x0000d650       0x3a /usr/local/bin/../lib/gcc/msp430/4.7.2/../../../../msp430/lib/mmpy-16/libc.a(sprintf.o)
 .text.snprintf
                0x0000d68a       0x1a /usr/local/bin/../lib/gcc/msp430/4.7.2/../../../../msp430/lib/mmpy-16/libc.a(sprintf.o)
                0x0000d68a                snprintf
 .text.print_field
                0x0000d6a4      0x194 /usr/local/bin/../lib/gcc/msp430/4.7.2/../../../../msp430/lib/mmpy-16/libc.a(vuprintf.o)
 .text.vuprintf
                0x0000d838      0x63e /usr/local/bin/../lib/gcc/msp430/4.7.2/../../../../msp430/lib/mmpy-16/libc.a(vuprintf.o)
                0x0000d838                vuprintf
 .text.puts     0x0000de76       0x2c /usr/local/bin/../lib/gcc/msp430/4.7.2/../../../../msp430/lib/mmpy-16/libc.a(puts.o)
                0x0000de76                puts
 .text.rand     0x0000dea2       0x26 /usr/local/bin/../lib/gcc/msp430/4.7.2/../../../../msp430/lib/mmpy-16/libc.a(rand.o)
                0x0000dea2                rand
 .text.srand    0x0000dec8        0xa /usr/local/bin/../lib/gcc/msp430/4.7.2/../../../../msp430/lib/mmpy-16/libc.a(rand.o)
                0x0000dec8                srand
 .text.memcmp   0x0000ded2       0x30 /usr/local/bin/../lib/gcc/msp430/4.7.2/../../../../msp430/lib/mmpy-16/libc.a(memcmp.o)
                0x0000ded2                memcmp
 .text.memcpy   0x0000df02       0xfa /usr/local/bin/../lib/gcc/msp430/4.7.2/../../../../msp430/lib/mmpy-16/libc.a(memcpy.o)
                0x0000df02                memcpy
 .text.memmove  0x0000dffc       0xfa /usr/local/bin/../lib/gcc/msp430/4.7.2/../../../../msp430/lib/mmpy-16/libc.a(memmove.o)
                0x0000dffc                memmove
 .text.memset   0x0000e0f6       0x6a /usr/local/bin/../lib/gcc/msp430/4.7.2/../../../../msp430/lib/mmpy-16/libc.a(memset.o)
                0x0000e0f6                memset
 .text.libgcc   0x0000e160       0xf0 /usr/local/bin/../lib/gcc/msp430/4.7.2/mmpy-16/libgcc.a(_udivmod64.o)
                0x0000e160                __xabi_udivmod64
                0x0000e1be                __udivdi3
                0x0000e1e4                __umoddi3
                0x0000e212                __udivmoddi4
 .text.crt0     0x0000e250        0x2 /usr/local/bin/../lib/gcc/msp430/4.7.2/mmpy-16/libcrt0.a(_unexpected_.o)
                0x0000e250                _unexpected_
 *(.near.text .near.text.*)

.rodata         0x0000e254      0x4f1
                0x0000e254                . = ALIGN (0x2)
 *(.rodata .rodata.* .gnu.linkonce.r.*)
 .rodata        0x0000e254       0x50 malnodemac.o
                0x0000e28a                autostart_processes
 .rodata        0x0000e2a4       0xee build/sky/obj/contiki-main.o
 .rodata        0x0000e392       0x31 build/sky/contiki-ng-sky.a(platform.o)
 .rodata        0x0000e3c3        0xf build/sky/contiki-ng-sky.a(ctimer.o)
 .rodata        0x0000e3d2        0xc build/sky/contiki-ng-sky.a(etimer.o)
 .rodata        0x0000e3de       0xb6 build/sky/contiki-ng-sky.a(log.o)
 .rodata        0x0000e494       0x6a build/sky/contiki-ng-sky.a(stack-check.o)
 .rodata        0x0000e4fe        0x8 build/sky/contiki-ng-sky.a(linkaddr.o)
                0x0000e4fe                linkaddr_null
 .rodata        0x0000e506       0x14 build/sky/contiki-ng-sky.a(csma.o)
                0x0000e50c                csma_driver
 .rodata        0x0000e51a       0x2d build/sky/contiki-ng-sky.a(uiplib.o)
 .rodata        0x0000e547        0xd build/sky/contiki-ng-sky.a(tcpip.o)
 .rodata        0x0000e554       0x26 build/sky/contiki-ng-sky.a(sicslowpan.o)
                0x0000e560                sicslowpan_driver
                0x0000e568                llprefix
                0x0000e56a                unc_mxconf
                0x0000e56e                unc_ctxconf
                0x0000e572                unc_llconf
 .rodata        0x0000e57a       0x34 build/sky/contiki-ng-sky.a(rpl.o)
                0x0000e584                rpl_lite_driver
 .rodata        0x0000e5ae       0xe0 build/sky/contiki-ng-sky.a(rpl-dag.o)
 .rodata        0x0000e68e       0x10 build/sky/contiki-ng-sky.a(button-sensor.o)
                0x0000e696                button_sensor
 .rodata        0x0000e69e        0x8 build/sky/contiki-ng-sky.a(sensors.o)
 *fill*         0x0000e6a6        0x2 00
 .rodata.get_value
                0x0000e6a8       0x34 build/sky/contiki-ng-sky.a(cc2420.o)
 .rodata.set_value
                0x0000e6dc       0x10 build/sky/contiki-ng-sky.a(cc2420.o)
 .rodata        0x0000e6ec       0x3e build/sky/contiki-ng-sky.a(cc2420.o)
                0x0000e6ec                cc2420_aes_128_driver
                0x0000e6f0                cc2420_driver
 .rodata        0x0000e72a        0x6 build/sky/contiki-ng-sky.a(framer-802154.o)
                0x0000e72a                framer_802154
 .rodata        0x0000e730        0x2 build/sky/contiki-ng-sky.a(frame802154.o)
 .rodata        0x0000e732        0xc build/sky/contiki-ng-sky.a(rpl-timers.o)
 .rodata.vuprintf
                0x0000e73e        0x7 /usr/local/bin/../lib/gcc/msp430/4.7.2/../../../../msp430/lib/mmpy-16/libc.a(vuprintf.o)
 *(.near.rodata .near.rodata.*)
                0x0000e746                . = ALIGN (0x2)
                0x0000e746                _etext = .

.data           0x00001100      0x164 load address 0x0000e746
                0x00001100                . = ALIGN (0x2)
                0x00001100                __data_start = .
 *(.data .data.* .gnu.linkonce.d.*)
 .data          0x00001100       0x34 malnodemac.o
                0x00001100                mal_node_mac_proc
 .data          0x00001134        0x2 build/sky/contiki-ng-sky.a(msp430.o)
 .data          0x00001136        0xa build/sky/contiki-ng-sky.a(ctimer.o)
                0x00001136                ctimer_process
 .data          0x00001140        0xa build/sky/contiki-ng-sky.a(etimer.o)
                0x00001140                etimer_process
 .data          0x0000114a       0x50 build/sky/contiki-ng-sky.a(log.o)
                0x0000114a                all_modules
                0x00001198                curr_log_level_main
 .data          0x0000119a        0xa build/sky/contiki-ng-sky.a(stack-check.o)
                0x0000119a                stack_check_process
 .data          0x000011a4       0x10 build/sky/contiki-ng-sky.a(queuebuf.o)
 .data          0x000011b4       0x18 build/sky/contiki-ng-sky.a(csma-output.o)
 .data          0x000011cc        0x8 build/sky/contiki-ng-sky.a(uip-ds6-route.o)
 .data          0x000011d4        0x8 build/sky/contiki-ng-sky.a(uip-ds6-nbr.o)
 .data          0x000011dc        0xa build/sky/contiki-ng-sky.a(tcpip.o)
                0x000011dc                tcpip_process
 .data          0x000011e6        0x6 build/sky/contiki-ng-sky.a(uip-nd6.o)
 .data          0x000011ec        0x4 build/sky/contiki-ng-sky.a(contiki-sky-pla)
                0x000011ec                sensors
 .data          0x000011f0        0xa build/sky/contiki-ng-sky.a(sensors.o)
                0x000011f0                sensors_process
 .data          0x000011fa        0xc build/sky/contiki-ng-sky.a(cc2420.o)
                0x000011fa                cc2420_process
 .data          0x00001206        0x8 build/sky/contiki-ng-sky.a(nbr-table.o)
 .data          0x0000120e        0x8 build/sky/contiki-ng-sky.a(link-stats.o)
 .data          0x00001216        0x2 build/sky/contiki-ng-sky.a(frame802154.o)
 .data          0x00001218        0xc build/sky/contiki-ng-sky.a(uip-icmp6.o)
 .data          0x00001224        0x8 build/sky/contiki-ng-sky.a(uip-sr.o)
 .data          0x0000122c       0x18 build/sky/contiki-ng-sky.a(rpl-icmp6.o)
 .data          0x00001244        0xa build/sky/contiki-ng-sky.a(rpl-neighbor.o)
                0x00001244                rpl_neighbors
 .data          0x0000124e       0x12 build/sky/contiki-ng-sky.a(rpl-mrhof.o)
                0x0000124e                rpl_mrhof
 .data.next     0x00001260        0x4 /usr/local/bin/../lib/gcc/msp430/4.7.2/../../../../msp430/lib/mmpy-16/libc.a(rand.o)
 *(.near.data .near.data.*)
                0x00001264                . = ALIGN (0x2)
                0x00001264                _edata = .
                0x0000e746                __data_load_start = LOADADDR (.data)
                0x00000164                __data_size = SIZEOF (.data)

.bss            0x00001264     0x1a6c load address 0x0000e8aa
                0x00001264                __bss_start = .
 *(.bss .bss.*)
 .bss           0x00001264        0xc malnodemac.o
 .bss           0x00001270        0x8 build/sky/contiki-ng-sky.a(platform.o)
 .bss           0x00001278        0xa build/sky/contiki-ng-sky.a(clock.o)
 .bss           0x00001282        0x2 build/sky/contiki-ng-sky.a(watchdog.o)
 .bss           0x00001284        0x4 build/sky/contiki-ng-sky.a(ctimer.o)
 .bss           0x00001288        0x6 build/sky/contiki-ng-sky.a(etimer.o)
 .bss           0x0000128e       0x16 build/sky/contiki-ng-sky.a(log.o)
                0x0000128e                curr_log_level_lwm2m
                0x00001290                curr_log_level_snmp
                0x00001292                curr_log_level_coap
                0x00001294                curr_log_level_6top
                0x00001296                curr_log_level_framer
                0x00001298                curr_log_level_mac
                0x0000129a                curr_log_level_nullnet
                0x0000129c                curr_log_level_6lowpan
                0x0000129e                curr_log_level_ipv6
                0x000012a0                curr_log_level_tcpip
                0x000012a2                curr_log_level_rpl
 .bss           0x000012a4       0xc8 build/sky/contiki-ng-sky.a(process.o)
                0x000012a4                process_current
                0x000012a6                process_list
 .bss           0x0000136c        0x2 build/sky/contiki-ng-sky.a(rtimer.o)
 .bss           0x0000136e        0x2 build/sky/contiki-ng-sky.a(node-id.o)
                0x0000136e                node_id
 .bss           0x00001370        0xe build/sky/contiki-ng-sky.a(stack-check.o)
 .bss           0x0000137e      0x580 build/sky/contiki-ng-sky.a(queuebuf.o)
 .bss           0x000018fe       0x86 build/sky/contiki-ng-sky.a(packetbuf.o)
 .bss           0x00001984        0x2 build/sky/contiki-ng-sky.a(netstack.o)
 .bss           0x00001986       0xbe build/sky/contiki-ng-sky.a(csma-output.o)
 .bss           0x00001a44       0x28 build/sky/contiki-ng-sky.a(uip-ds6.o)
 .bss           0x00001a6c       0x3c build/sky/contiki-ng-sky.a(uip-ds6-route.o)
 .bss           0x00001aa8      0x120 build/sky/contiki-ng-sky.a(uip-ds6-nbr.o)
 .bss           0x00001bc8        0xc build/sky/contiki-ng-sky.a(tcpip.o)
 .bss           0x00001bd4        0x8 build/sky/contiki-ng-sky.a(uip6.o)
                0x00001bd4                uip_last_proto
                0x00001bd6                uip_ext_len
                0x00001bd8                uip_ext_bitmap
 .bss           0x00001bdc        0x8 build/sky/contiki-ng-sky.a(uip-nd6.o)
 .bss           0x00001be4      0x6e0 build/sky/contiki-ng-sky.a(sicslowpan.o)
 .bss           0x000022c4        0x1 build/sky/contiki-ng-sky.a(rpl.o)
 *fill*         0x000022c5        0x1 00
 .bss           0x000022c6       0x12 build/sky/contiki-ng-sky.a(rpl-dag-root.o)
 .bss           0x000022d8        0x8 build/sky/contiki-ng-sky.a(button-sensor.o)
 .bss           0x000022e0        0x6 build/sky/contiki-ng-sky.a(sensors.o)
 .bss           0x000022e6       0x10 build/sky/contiki-ng-sky.a(cc2420.o)
 .bss           0x000022f6       0x9a build/sky/contiki-ng-sky.a(uart1.o)
 .bss           0x00002390       0xe4 build/sky/contiki-ng-sky.a(nbr-table.o)
 .bss           0x00002474       0xa0 build/sky/contiki-ng-sky.a(link-stats.o)
 .bss           0x00002514       0xe0 build/sky/contiki-ng-sky.a(mac-sequence.o)
 .bss           0x000025f4        0x2 build/sky/contiki-ng-sky.a(framer-802154.o)
 .bss           0x000025f6       0x20 build/sky/contiki-ng-sky.a(uipbuf.o)
 .bss           0x00002616       0x14 build/sky/contiki-ng-sky.a(uip-icmp6.o)
 .bss           0x0000262a      0x134 build/sky/contiki-ng-sky.a(uip-sr.o)
 .bss           0x0000275e       0x80 build/sky/contiki-ng-sky.a(rpl-neighbor.o)
 .bss           0x000027de       0x28 build/sky/contiki-ng-sky.a(rpl-timers.o)
 .bss.destination_
                0x00002806        0x2 /usr/local/bin/../lib/gcc/msp430/4.7.2/../../../../msp430/lib/mmpy-16/libc.a(sprintf.o)
 .bss.available_
                0x00002808        0x2 /usr/local/bin/../lib/gcc/msp430/4.7.2/../../../../msp430/lib/mmpy-16/libc.a(sprintf.o)
 *(.near.bss .near.bss.*)
 *(COMMON)
 COMMON         0x0000280a        0x2 build/sky/contiki-ng-sky.a(msp430.o)
                0x0000280a                msp430_dco_required
 COMMON         0x0000280c       0x2a build/sky/contiki-ng-sky.a(packetbuf.o)
                0x0000280c                packetbuf_addrs
                0x0000281c                packetbuf_attrs
 COMMON         0x00002836        0x8 build/sky/contiki-ng-sky.a(linkaddr.o)
                0x00002836                linkaddr_node_addr
 COMMON         0x0000283e      0x180 build/sky/contiki-ng-sky.a(uip-ds6.o)
                0x0000283e                uip_ds6_timer_ra
                0x00002846                uip_ds6_if
                0x00002956                uip_ds6_netif_addr_list_offset
                0x00002957                uip_ds6_addr_size
                0x00002958                uip_ds6_prefix_list
                0x000029b2                uip_ds6_timer_periodic
 COMMON         0x000029be        0x1 build/sky/contiki-ng-sky.a(tcpip.o)
                0x000029be                tcpip_event
 *fill*         0x000029bf        0x1 00
 COMMON         0x000029c0      0x1d6 build/sky/contiki-ng-sky.a(uip6.o)
                0x000029c0                uip_len
                0x000029c2                uip_sappdata
                0x000029c4                uip_lladdr
                0x000029cc                uip_aligned_buf
                0x00002abc                uip_flags
                0x00002abe                uip_udp_conn
                0x00002ac0                uip_appdata
                0x00002ac2                uip_conn
                0x00002ac4                uip_slen
                0x00002ac6                uip_udp_conns
 COMMON         0x00002b96       0x10 build/sky/contiki-ng-sky.a(rpl.o)
                0x00002b96                rpl_multicast_addr
 COMMON         0x00002ba6       0xfe build/sky/contiki-ng-sky.a(rpl-dag.o)
                0x00002ba6                curr_instance
 COMMON         0x00002ca4        0x2 build/sky/contiki-ng-sky.a(contiki-sky-pla)
                0x00002ca4                sensors_flags
 COMMON         0x00002ca6        0x8 build/sky/contiki-ng-sky.a(ds2411.o)
                0x00002ca6                ds2411_id
 COMMON         0x00002cae        0x1 build/sky/contiki-ng-sky.a(sensors.o)
                0x00002cae                sensors_event
 *fill*         0x00002caf        0x1 00
 COMMON         0x00002cb0        0xc build/sky/contiki-ng-sky.a(cc2420.o)
                0x00002cb0                cc2420_last_rssi
                0x00002cb2                cc2420_sfd_start_time
                0x00002cb4                cc2420_last_correlation