Archive member included because of file (symbol)

build/sky/contiki-ng-sky.a(uart1-putchar.o)
                              udp_client.o (putchar)
build/sky/contiki-ng-sky.a(platform.o)
                              build/sky/obj/contiki-main.o (platform_init_stage_one)
build/sky/contiki-ng-sky.a(msp430.o)
                              build/sky/contiki-ng-sky.a(platform.o) (msp430_dco_required)
build/sky/contiki-ng-sky.a(clock.o)
                              build/sky/obj/contiki-main.o (clock_init)
build/sky/contiki-ng-sky.a(leds.o)
                              build/sky/contiki-ng-sky.a(platform.o) (leds_init)
build/sky/contiki-ng-sky.a(leds-arch.o)
                              build/sky/contiki-ng-sky.a(leds.o) (leds_arch_init)
build/sky/contiki-ng-sky.a(watchdog.o)
                              build/sky/obj/contiki-main.o (watchdog_start)
build/sky/contiki-ng-sky.a(ctimer.o)
                              build/sky/obj/contiki-main.o (ctimer_init)
build/sky/contiki-ng-sky.a(autostart.o)
                              build/sky/obj/contiki-main.o (autostart_start)
build/sky/contiki-ng-sky.a(energest.o)
                              build/sky/obj/contiki-main.o (energest_init)
build/sky/contiki-ng-sky.a(etimer.o)
                              build/sky/contiki-ng-sky.a(clock.o) (etimer_request_poll)
build/sky/contiki-ng-sky.a(log.o)
                              udp_client.o (log_6addr)
build/sky/contiki-ng-sky.a(process.o)
                              build/sky/contiki-ng-sky.a(ctimer.o) (process_current)
build/sky/contiki-ng-sky.a(rtimer.o)
                              build/sky/obj/contiki-main.o (rtimer_init)
build/sky/contiki-ng-sky.a(node-id.o)
                              build/sky/obj/contiki-main.o (node_id_init)
build/sky/contiki-ng-sky.a(timer.o)
                              build/sky/contiki-ng-sky.a(platform.o) (timer_set)
build/sky/contiki-ng-sky.a(stack-check.o)
                              build/sky/obj/contiki-main.o (stack_check_init)
build/sky/contiki-ng-sky.a(list.o)
                              build/sky/contiki-ng-sky.a(ctimer.o) (list_init)
build/sky/contiki-ng-sky.a(random.o)
                              build/sky/contiki-ng-sky.a(platform.o) (random_init)
build/sky/contiki-ng-sky.a(queuebuf.o)
                              build/sky/obj/contiki-main.o (queuebuf_init)
build/sky/contiki-ng-sky.a(packetbuf.o)
                              build/sky/contiki-ng-sky.a(queuebuf.o) (packetbuf_copyto)
build/sky/contiki-ng-sky.a(netstack.o)
                              build/sky/obj/contiki-main.o (netstack_init)
build/sky/contiki-ng-sky.a(linkaddr.o)
                              build/sky/contiki-ng-sky.a(platform.o) (linkaddr_copy)
build/sky/contiki-ng-sky.a(csma.o)
                              build/sky/obj/contiki-main.o (csma_driver)
build/sky/contiki-ng-sky.a(csma-output.o)
                              build/sky/contiki-ng-sky.a(csma.o) (csma_output_packet)
build/sky/contiki-ng-sky.a(uip-ds6.o)
                              build/sky/obj/contiki-main.o (uip_ds6_get_link_local)
build/sky/contiki-ng-sky.a(uiplib.o)
                              build/sky/contiki-ng-sky.a(log.o) (uiplib_ipaddr_snprint)
build/sky/contiki-ng-sky.a(uip-ds6-route.o)
                              build/sky/contiki-ng-sky.a(uip-ds6.o) (uip_ds6_route_init)
build/sky/contiki-ng-sky.a(uip-ds6-nbr.o)
                              build/sky/contiki-ng-sky.a(uip-ds6.o) (uip_ds6_neighbors_init)
build/sky/contiki-ng-sky.a(tcpip.o)
                              build/sky/obj/contiki-main.o (tcpip_process)
build/sky/contiki-ng-sky.a(uip6.o)
                              build/sky/contiki-ng-sky.a(tcpip.o) (uip_aligned_buf)
build/sky/contiki-ng-sky.a(uip-nd6.o)
                              build/sky/contiki-ng-sky.a(uip6.o) (uip_nd6_init)
build/sky/contiki-ng-sky.a(simple-udp.o)
                              udp_client.o (simple_udp_sendto)
build/sky/contiki-ng-sky.a(sicslowpan.o)
                              build/sky/obj/contiki-main.o (sicslowpan_driver)
build/sky/contiki-ng-sky.a(rpl.o)
                              udp_client.o (rpl_lite_driver)
build/sky/contiki-ng-sky.a(rpl-dag.o)
                              build/sky/contiki-ng-sky.a(rpl.o) (curr_instance)
build/sky/contiki-ng-sky.a(rpl-dag-root.o)
                              build/sky/contiki-ng-sky.a(rpl.o) (rpl_dag_root_set_prefix)
build/sky/contiki-ng-sky.a(contiki-sky-pla)
                              build/sky/contiki-ng-sky.a(platform.o) (init_platform)
build/sky/contiki-ng-sky.a(button-sensor.o)
                              build/sky/contiki-ng-sky.a(contiki-sky-pla) (button_sensor)
build/sky/contiki-ng-sky.a(ds2411.o)
                              build/sky/contiki-ng-sky.a(platform.o) (ds2411_init)
build/sky/contiki-ng-sky.a(xmem.o)
                              build/sky/contiki-ng-sky.a(platform.o) (xmem_init)
build/sky/contiki-ng-sky.a(sensors.o)
[...]
Memory Configuration

Name             Origin             Length             Attributes
sfr              0x00000000         0x00000010
peripheral_8bit  0x00000010         0x000000f0
peripheral_16bit 0x00000100         0x00000100
ram_mirror       0x00000200         0x00000800         xw
infomem          0x00001000         0x00000100
infob            0x00001000         0x00000080
infoa            0x00001080         0x00000080
ram              0x00001100         0x00002800         xw
rom              0x00004000         0x0000bfe0         xr
vectors          0x0000ffe0         0x00000020
bsl              0x00000000         0x00000000
infoc            0x00000000         0x00000000
infod            0x00000000         0x00000000
ram2             0x00000000         0x00000000         xw
usbram           0x00000000         0x00000000         xw
far_rom          0x00000000         0x00000000
*default*        0x00000000         0xffffffff

Linker script and memory map

LOAD /usr/local/bin/../lib/gcc/msp430/4.7.2/mmpy-16/crt0ivtbl16.o
                0x00002e26                _stack = _end
LOAD udp_client.o
LOAD build/sky/obj/contiki-main.o
LOAD build/sky/contiki-ng-sky.a
LOAD /usr/local/bin/../lib/gcc/msp430/4.7.2/../../../../msp430/lib/mmpy-16/libm.a
LOAD /usr/local/bin/../lib/gcc/msp430/4.7.2/mmpy-16/libgcc.a
LOAD /usr/local/bin/../lib/gcc/msp430/4.7.2/../../../../msp430/lib/mmpy-16/libc.a
LOAD /usr/local/bin/../lib/gcc/msp430/4.7.2/mmpy-16/libgcc.a
LOAD /usr/local/bin/../lib/gcc/msp430/4.7.2/mmpy-16/libcrt0.a
                0x00000080                PROVIDE (__info_segment_size, 0x80)
                0x00001000                PROVIDE (__infob, 0x1000)
                0x00001080                PROVIDE (__infoa, 0x1080)
                0x00000000                __IE1 = 0x0
                0x00000002                __IFG1 = 0x2
                0x00000004                __ME1 = 0x4
                0x00000001                __IE2 = 0x1
                0x00000003                __IFG2 = 0x3
                0x00000005                __ME2 = 0x5
                0x00000120                __WDTCTL = 0x120
                0x00000130                __MPY = 0x130
                0x00000132                __MPYS = 0x132
                0x00000134                __MAC = 0x134
                0x00000136                __MACS = 0x136
                0x00000138                __OP2 = 0x138
                0x0000013a                __RESLO = 0x13a
                0x0000013c                __RESHI = 0x13c
                0x0000013e                __SUMEXT = 0x13e
                0x00000020                __P1IN = 0x20
                0x00000021                __P1OUT = 0x21
                0x00000022                __P1DIR = 0x22
                0x00000023                __P1IFG = 0x23
                0x00000024                __P1IES = 0x24
                0x00000025                __P1IE = 0x25
                0x00000026                __P1SEL = 0x26
                0x00000028                __P2IN = 0x28
                0x00000029                __P2OUT = 0x29
                0x0000002a                __P2DIR = 0x2a
                0x0000002b                __P2IFG = 0x2b
                0x0000002c                __P2IES = 0x2c
                0x0000002d                __P2IE = 0x2d
                0x0000002e                __P2SEL = 0x2e
                0x00000018                __P3IN = 0x18
                0x00000019                __P3OUT = 0x19
                0x0000001a                __P3DIR = 0x1a
                0x0000001b                __P3SEL = 0x1b
                0x0000001c                __P4IN = 0x1c
                0x0000001d                __P4OUT = 0x1d
                0x0000001e                __P4DIR = 0x1e
                0x0000001f                __P4SEL = 0x1f
                0x00000030                __P5IN = 0x30
                0x00000031                __P5OUT = 0x31
                0x00000032                __P5DIR = 0x32
                0x00000033                __P5SEL = 0x33
                0x00000034                __P6IN = 0x34
                0x00000035                __P6OUT = 0x35
                0x00000036                __P6DIR = 0x36
                0x00000037                __P6SEL = 0x37
                0x00000070                __U0CTL = 0x70
                0x00000071                __U0TCTL = 0x71
                0x00000072                __U0RCTL = 0x72
                0x00000073                __U0MCTL = 0x73
                0x00000074                __U0BR0 = 0x74
                0x00000075                __U0BR1 = 0x75
                0x00000076                __U0RXBUF = 0x76
                0x00000077                __U0TXBUF = 0x77
                0x00000078                __U1CTL = 0x78
                0x00000079                __U1TCTL = 0x79
                0x0000007a                __U1RCTL = 0x7a
                0x0000007b                __U1MCTL = 0x7b
                0x0000007c                __U1BR0 = 0x7c
                0x0000007d                __U1BR1 = 0x7d
                0x0000007e                __U1RXBUF = 0x7e
                0x0000007f                __U1TXBUF = 0x7f
                0x00000050                __I2CIE = 0x50
                0x00000051                __I2CIFG = 0x51
                0x00000052                __I2CNDAT = 0x52
                0x00000071                __I2CTCTL = 0x71
                0x00000072                __I2CDCTL = 0x72
                0x00000073                __I2CPSC = 0x73
                0x00000074                __I2CSCLH = 0x74
                0x00000075                __I2CSCLL = 0x75
                0x00000076                __I2CDRB = 0x76
                0x00000076                __I2CDRW = 0x76
                0x00000118                __I2COA = 0x118
                0x0000011a                __I2CSA = 0x11a
                0x0000011c                __I2CIV = 0x11c
                0x0000012e                __TAIV = 0x12e
                0x00000160                __TACTL = 0x160
                0x00000162                __TACCTL0 = 0x162
                0x00000164                __TACCTL1 = 0x164
                0x00000166                __TACCTL2 = 0x166
                0x00000170                __TAR = 0x170
                0x00000172                __TACCR0 = 0x172
                0x00000174                __TACCR1 = 0x174
                0x00000176                __TACCR2 = 0x176
                0x0000011e                __TBIV = 0x11e
                0x00000180                __TBCTL = 0x180
                0x00000182                __TBCCTL0 = 0x182
                0x00000184                __TBCCTL1 = 0x184
                0x00000186                __TBCCTL2 = 0x186
                0x00000188                __TBCCTL3 = 0x188
                0x0000018a                __TBCCTL4 = 0x18a
                0x0000018c                __TBCCTL5 = 0x18c
                0x0000018e                __TBCCTL6 = 0x18e
                0x00000190                __TBR = 0x190
                0x00000192                __TBCCR0 = 0x192
                0x00000194                __TBCCR1 = 0x194
                0x00000196                __TBCCR2 = 0x196
                0x00000198                __TBCCR3 = 0x198
                0x0000019a                __TBCCR4 = 0x19a
                0x0000019c                __TBCCR5 = 0x19c
                0x0000019e                __TBCCR6 = 0x19e
                0x00000056                __DCOCTL = 0x56
                0x00000057                __BCSCTL1 = 0x57
                0x00000058                __BCSCTL2 = 0x58
                0x00000055                __SVSCTL = 0x55
                0x00000128                __FCTL1 = 0x128
                0x0000012a                __FCTL2 = 0x12a
                0x0000012c                __FCTL3 = 0x12c
                0x00000059                __CACTL1 = 0x59
                0x0000005a                __CACTL2 = 0x5a
                0x0000005b                __CAPD = 0x5b
                0x000001a0                __ADC12CTL0 = 0x1a0
                0x000001a2                __ADC12CTL1 = 0x1a2
                0x000001a4                __ADC12IFG = 0x1a4
                0x000001a6                __ADC12IE = 0x1a6
                0x000001a8                __ADC12IV = 0x1a8
                0x00000140                __ADC12MEM0 = 0x140
                0x00000142                __ADC12MEM1 = 0x142
                0x00000144                __ADC12MEM2 = 0x144
                0x00000146                __ADC12MEM3 = 0x146
                0x00000148                __ADC12MEM4 = 0x148
                0x0000014a                __ADC12MEM5 = 0x14a
                0x0000014c                __ADC12MEM6 = 0x14c
                0x0000014e                __ADC12MEM7 = 0x14e
                0x00000150                __ADC12MEM8 = 0x150
                0x00000152                __ADC12MEM9 = 0x152
                0x00000154                __ADC12MEM10 = 0x154
                0x00000156                __ADC12MEM11 = 0x156
                0x00000158                __ADC12MEM12 = 0x158
                0x0000015a                __ADC12MEM13 = 0x15a
                0x0000015c                __ADC12MEM14 = 0x15c
                0x0000015e                __ADC12MEM15 = 0x15e
                0x00000080                __ADC12MCTL0 = 0x80
                0x00000081                __ADC12MCTL1 = 0x81
                0x00000082                __ADC12MCTL2 = 0x82
                0x00000083                __ADC12MCTL3 = 0x83
                0x00000084                __ADC12MCTL4 = 0x84
                0x00000085                __ADC12MCTL5 = 0x85
                0x00000086                __ADC12MCTL6 = 0x86
                0x00000087                __ADC12MCTL7 = 0x87
                0x00000088                __ADC12MCTL8 = 0x88
                0x00000089                __ADC12MCTL9 = 0x89
                0x0000008a                __ADC12MCTL10 = 0x8a
                0x0000008b                __ADC12MCTL11 = 0x8b
                0x0000008c                __ADC12MCTL12 = 0x8c
                0x0000008d                __ADC12MCTL13 = 0x8d
                0x0000008e                __ADC12MCTL14 = 0x8e
                0x0000008f                __ADC12MCTL15 = 0x8f
                0x000001c0                __DAC12_0CTL = 0x1c0
                0x000001c2                __DAC12_1CTL = 0x1c2
                0x000001c8                __DAC12_0DAT = 0x1c8
                0x000001ca                __DAC12_1DAT = 0x1ca
                0x00000122                __DMACTL0 = 0x122
                0x00000124                __DMACTL1 = 0x124
                0x000001e0                __DMA0CTL = 0x1e0
                0x000001e8                __DMA1CTL = 0x1e8
                0x000001f0                __DMA2CTL = 0x1f0
                0x000001e2                __DMA0SA = 0x1e2
                0x000001e4                __DMA0DA = 0x1e4
                0x000001e6                __DMA0SZ = 0x1e6
                0x000001ea                __DMA1SA = 0x1ea
                0x000001ec                __DMA1DA = 0x1ec
                0x000001ee                __DMA1SZ = 0x1ee
                0x000001f2                __DMA2SA = 0x1f2
                0x000001f4                __DMA2DA = 0x1f4
                0x000001f6                __DMA2SZ = 0x1f6

.hash
 *(.hash)

.dynsym
 *(.dynsym)

.dynstr
 *(.dynstr)

.gnu.version
 *(.gnu.version)

.gnu.version_d
 *(.gnu.version_d)

.gnu.version_r
 *(.gnu.version_r)

.rel.init
 *(.rel.init)

.rela.init
 *(.rela.init)

.rel.fini
 *(.rel.fini)

.rela.fini
 *(.rela.fini)

.rel.text
 *(.rel.text .rel.text.* .rel.gnu.linkonce.t.*)

.rela.text
 *(.rela.text .rela.text.* .rela.gnu.linkonce.t.*)

.rel.rodata
 *(.rel.rodata .rel.rodata.* .rel.gnu.linkonce.r.*)

.rela.rodata
 *(.rela.rodata .rela.rodata.* .rela.gnu.linkonce.r.*)

.rel.data
 *(.rel.data .rel.data.* .rel.gnu.linkonce.d.*)

.rela.data
 *(.rela.data .rela.data.* .rela.gnu.linkonce.d.*)

.rel.bss
 *(.rel.bss .rel.bss.* .rel.gnu.linkonce.b.*)

.rela.bss
 *(.rela.bss .rela.bss.* .rela.gnu.linkonce.b.*)

.rel.ctors
 *(.rel.ctors)

.rela.ctors
 *(.rela.ctors)

.rel.dtors
 *(.rel.dtors)

.rela.dtors
 *(.rela.dtors)

.rel.got
 *(.rel.got)

.rela.got
 *(.rela.got)

.rel.plt
 *(.rel.plt)

.rela.plt
 *(.rela.plt)

.text           0x00004000     0xa588
                0x00004000                . = ALIGN (0x2)
 *(.init .init.*)
 *(.init0)
 .init0         0x00004000        0x0 /usr/local/bin/../lib/gcc/msp430/4.7.2/mmpy-16/libcrt0.a(_reset_vector__.o)
                0x00004000                _reset_vector__
 *(.init1)
 .init1         0x00004000        0xc /usr/local/bin/../lib/gcc/msp430/4.7.2/mmpy-16/libcrt0.a(__watchdog_support.o)
                0x00004000                __watchdog_support
 *(.init2)
 .init2         0x0000400c        0x4 /usr/local/bin/../lib/gcc/msp430/4.7.2/mmpy-16/libcrt0.a(__init_stack.o)
                0x0000400c                __init_stack
 *(.init3)
 .init3         0x00004010        0x0 /usr/local/bin/../lib/gcc/msp430/4.7.2/mmpy-16/libcrt0.a(__low_level_init.o)
                0x00004010                __low_level_init
 *(.init4)
 .init4         0x00004010       0x18 /usr/local/bin/../lib/gcc/msp430/4.7.2/mmpy-16/libcrt0.a(_copy_data.o)
                0x00004010                __do_copy_data
 .init4         0x00004028       0x16 /usr/local/bin/../lib/gcc/msp430/4.7.2/mmpy-16/libcrt0.a(_clear_bss.o)
                0x00004028                __do_clear_bss
 *(.init5)
 *(.init6)
 *(.init7)
 *(.init8)
 *(.init9)
 .init9         0x0000403e      0x232 build/sky/obj/contiki-main.o
                0x0000403e                main
 *(.fini9)
 .fini9         0x00004270        0x0 /usr/local/bin/../lib/gcc/msp430/4.7.2/mmpy-16/libcrt0.a(__stop_progExec__.o)
                0x00004270                __stop_progExec__
 *(.fini8)
 *(.fini7)
 *(.fini6)
 *(.fini5)
 *(.fini4)
 *(.fini3)
 *(.fini2)
 *(.fini1)
 *(.fini0)
 .fini0         0x00004270        0x6 /usr/local/bin/../lib/gcc/msp430/4.7.2/mmpy-16/libcrt0.a(_endless_loop__.o)
                0x00004270                _endless_loop__
 *(.fini .fini.*)
                0x00004276                . = ALIGN (0x2)
                0x00004276                __ctors_start = .
 *(.ctors)
                0x00004276                __ctors_end = .
                0x00004276                __dtors_start = .
 *(.dtors)
                0x00004276                __dtors_end = .
                0x00004276                . = ALIGN (0x2)
 *(.text .text.* .gnu.linkonce.t.*)
 .text          0x00004276        0x4 /usr/local/bin/../lib/gcc/msp430/4.7.2/mmpy-16/crt0ivtbl16.o
                0x00004276                __isr_14
                0x00004276                __isr_11
                0x00004276                __isr_2
                0x00004276                __isr_7
                0x00004276                __isr_0
                0x00004276                __isr_8
                0x00004276                __isr_3
                0x00004276                __isr_12
                0x00004276                __isr_13
                0x00004276                __isr_9
 .text.process_thread_client_node_proc
                0x0000427a       0xfc udp_client.o
 .text.rx_cback
                0x00004376       0x3e udp_client.o
 .text.putchar  0x000043b4       0x10 build/sky/contiki-ng-sky.a(uart1-putchar.o)
                0x000043b4                putchar
 .text.platform_init_stage_one
                0x000043c4       0x12 build/sky/contiki-ng-sky.a(platform.o)
                0x000043c4                platform_init_stage_one
 .text.platform_init_stage_two
                0x000043d6       0x64 build/sky/contiki-ng-sky.a(platform.o)
                0x000043d6                platform_init_stage_two
 .text.platform_init_stage_three
                0x0000443a       0x7a build/sky/contiki-ng-sky.a(platform.o)
                0x0000443a                platform_init_stage_three
 .text.platform_idle
                0x000044b4       0x54 build/sky/contiki-ng-sky.a(platform.o)
                0x000044b4                platform_idle
 .text.msp430_init_dco
                0x00004508       0x82 build/sky/contiki-ng-sky.a(msp430.o)
                0x00004508                msp430_init_dco
 .text.msp430_add_lpm_req
                0x0000458a        0xc build/sky/contiki-ng-sky.a(msp430.o)
                0x0000458a                msp430_add_lpm_req
 .text.msp430_cpu_init
                0x00004596       0x2a build/sky/contiki-ng-sky.a(msp430.o)
                0x00004596                msp430_cpu_init
 .text.splhigh_
                0x000045c0        0x8 build/sky/contiki-ng-sky.a(msp430.o)
                0x000045c0                splhigh_
 .text.msp430_sync_dco
                0x000045c8       0x6c build/sky/contiki-ng-sky.a(msp430.o)
                0x000045c8                msp430_sync_dco
 .text.timera1  0x00004634       0xdc build/sky/contiki-ng-sky.a(clock.o)
                0x00004634                __isr_5
                0x00004634                timera1
 .text.clock_time
                0x00004710       0x1a build/sky/contiki-ng-sky.a(clock.o)
                0x00004710                clock_time
 .text.clock_init
                0x0000472a       0x28 build/sky/contiki-ng-sky.a(clock.o)
                0x0000472a                clock_init
 .text.clock_delay
                0x00004752        0xc build/sky/contiki-ng-sky.a(clock.o)
                0x00004752                clock_delay
 .text.clock_seconds
                0x0000475e       0x1a build/sky/contiki-ng-sky.a(clock.o)
                0x0000475e                clock_seconds
 .text.leds_init
                0x00004778        0x6 build/sky/contiki-ng-sky.a(leds.o)
                0x00004778                leds_init
 .text.leds_on  0x0000477e       0x12 build/sky/contiki-ng-sky.a(leds.o)
                0x0000477e                leds_on
 .text.leds_off
                0x00004790       0x12 build/sky/contiki-ng-sky.a(leds.o)
                0x00004790                leds_off
 .text.leds_arch_init
                0x000047a2        0xe build/sky/contiki-ng-sky.a(leds-arch.o)
                0x000047a2                leds_arch_init
 .text.leds_arch_get
                0x000047b0       0x34 build/sky/contiki-ng-sky.a(leds-arch.o)
                0x000047b0                leds_arch_get
 .text.leds_arch_set
                0x000047e4       0x3e build/sky/contiki-ng-sky.a(leds-arch.o)
                0x000047e4                leds_arch_set
 .text.watchdog_interrupt
                0x00004822        0x6 build/sky/contiki-ng-sky.a(watchdog.o)
                0x00004822                __isr_10
                0x00004822                watchdog_interrupt
 .text.watchdog_start
                0x00004828       0x14 build/sky/contiki-ng-sky.a(watchdog.o)
                0x00004828                watchdog_start
 .text.watchdog_periodic
                0x0000483c       0x12 build/sky/contiki-ng-sky.a(watchdog.o)
                0x0000483c                watchdog_periodic
 .text.watchdog_stop
                0x0000484e       0x16 build/sky/contiki-ng-sky.a(watchdog.o)
                0x0000484e                watchdog_stop
 .text.watchdog_init
                0x00004864       0x12 build/sky/contiki-ng-sky.a(watchdog.o)
                0x00004864                watchdog_init
 .text.process_thread_ctimer_process
                0x00004876       0xa8 build/sky/contiki-ng-sky.a(ctimer.o)
 .text.ctimer_init
                0x0000491e       0x18 build/sky/contiki-ng-sky.a(ctimer.o)
                0x0000491e                ctimer_init
 .text.ctimer_set_with_process
                0x00004936       0x4e build/sky/contiki-ng-sky.a(ctimer.o)
                0x00004936                ctimer_set_with_process
 .text.ctimer_set
                0x00004984       0x10 build/sky/contiki-ng-sky.a(ctimer.o)
                0x00004984                ctimer_set
 .text.ctimer_reset
                0x00004994       0x30 build/sky/contiki-ng-sky.a(ctimer.o)
                0x00004994                ctimer_reset
 .text.ctimer_stop
                0x000049c4       0x28 build/sky/contiki-ng-sky.a(ctimer.o)
                0x000049c4                ctimer_stop
 .text.ctimer_expired
                0x000049ec       0x30 build/sky/contiki-ng-sky.a(ctimer.o)
                0x000049ec                ctimer_expired
 .text.autostart_start
                0x00004a1c       0x16 build/sky/contiki-ng-sky.a(autostart.o)
                0x00004a1c                autostart_start
 .text.energest_init
                0x00004a32        0x2 build/sky/contiki-ng-sky.a(energest.o)
                0x00004a32                energest_init
 .text.energest_flush
                0x00004a34        0x2 build/sky/contiki-ng-sky.a(energest.o)
                0x00004a34                energest_flush
 .text.update_time
                0x00004a36       0x78 build/sky/contiki-ng-sky.a(etimer.o)
 .text.etimer_request_poll
                0x00004aae        0xa build/sky/contiki-ng-sky.a(etimer.o)
                0x00004aae                etimer_request_poll
 .text.process_thread_etimer_process
                0x00004ab8       0xcc build/sky/contiki-ng-sky.a(etimer.o)
 .text.add_timer
                0x00004b84       0x40 build/sky/contiki-ng-sky.a(etimer.o)
 .text.etimer_set
                0x00004bc4       0x12 build/sky/contiki-ng-sky.a(etimer.o)
                0x00004bc4                etimer_set
 .text.etimer_reset
                0x00004bd6       0x12 build/sky/contiki-ng-sky.a(etimer.o)
                0x00004bd6                etimer_reset
 .text.etimer_expired
                0x00004be8        0xe build/sky/contiki-ng-sky.a(etimer.o)
                0x00004be8                etimer_expired
 .text.etimer_pending
                0x00004bf6        0xc build/sky/contiki-ng-sky.a(etimer.o)
                0x00004bf6                etimer_pending
 .text.etimer_next_expiration_time
                0x00004c02       0x16 build/sky/contiki-ng-sky.a(etimer.o)
                0x00004c02                etimer_next_expiration_time
 .text.etimer_stop
                0x00004c18       0x3e build/sky/contiki-ng-sky.a(etimer.o)
                0x00004c18                etimer_stop
 .text.log_6addr
                0x00004c56       0x32 build/sky/contiki-ng-sky.a(log.o)
                0x00004c56                log_6addr
 .text.log_lladdr
                0x00004c88       0x44 build/sky/contiki-ng-sky.a(log.o)
                0x00004c88                log_lladdr
 .text.call_process
                0x00004ccc       0x46 build/sky/contiki-ng-sky.a(process.o)
 .text.exit_process
                0x00004d12       0x96 build/sky/contiki-ng-sky.a(process.o)
 .text.do_poll  0x00004da8       0x30 build/sky/contiki-ng-sky.a(process.o)
 .text.process_alloc_event
                0x00004dd8        0xe build/sky/contiki-ng-sky.a(process.o)
                0x00004dd8                process_alloc_event
 .text.process_init
                0x00004de6       0x18 build/sky/contiki-ng-sky.a(process.o)
                0x00004de6                process_init
 .text.process_run
                0x00004dfe       0x92 build/sky/contiki-ng-sky.a(process.o)
                0x00004dfe                process_run
 .text.process_nevents
                0x00004e90        0xe build/sky/contiki-ng-sky.a(process.o)
                0x00004e90                process_nevents
 .text.process_post
                0x00004e9e       0x42 build/sky/contiki-ng-sky.a(process.o)
                0x00004e9e                process_post
 .text.process_post_synch
                0x00004ee0       0x12 build/sky/contiki-ng-sky.a(process.o)
                0x00004ee0                process_post_synch
 .text.process_start
                0x00004ef2       0x36 build/sky/contiki-ng-sky.a(process.o)
                0x00004ef2                process_start
 .text.process_poll
                0x00004f28       0x18 build/sky/contiki-ng-sky.a(process.o)
                0x00004f28                process_poll
 .text.rtimer_init
                0x00004f40        0x6 build/sky/contiki-ng-sky.a(rtimer.o)
                0x00004f40                rtimer_init
 .text.rtimer_run_next
                0x00004f46       0x26 build/sky/contiki-ng-sky.a(rtimer.o)
                0x00004f46                rtimer_run_next
 .text.node_id_init
                0x00004f6c       0x14 build/sky/contiki-ng-sky.a(node-id.o)
                0x00004f6c                node_id_init
 .text.timer_set
                0x00004f80       0x1c build/sky/contiki-ng-sky.a(timer.o)
                0x00004f80                timer_set
 .text.timer_expired
                0x00004f9c       0x2a build/sky/contiki-ng-sky.a(timer.o)
                0x00004f9c                timer_expired
 .text.timer_reset
                0x00004fc6       0x1c build/sky/contiki-ng-sky.a(timer.o)
                0x00004fc6                timer_reset
 .text.stack_check_init
                0x00004fe2       0x2e build/sky/contiki-ng-sky.a(stack-check.o)
                0x00004fe2                stack_check_init
 .text.stack_check_get_usage
                0x00005010       0x54 build/sky/contiki-ng-sky.a(stack-check.o)
                0x00005010                stack_check_get_usage
 .text.process_thread_stack_check_process
                0x00005064       0xea build/sky/contiki-ng-sky.a(stack-check.o)
 .text.list_init
                0x0000514e        0x6 build/sky/contiki-ng-sky.a(list.o)
                0x0000514e                list_init
 .text.list_head
                0x00005154        0x4 build/sky/contiki-ng-sky.a(list.o)
                0x00005154                list_head
 .text.list_tail
                0x00005158       0x12 build/sky/contiki-ng-sky.a(list.o)
                0x00005158                list_tail
 .text.list_remove
                0x0000516a       0x34 build/sky/contiki-ng-sky.a(list.o)
                0x0000516a                list_remove
 .text.list_push
                0x0000519e       0x1a build/sky/contiki-ng-sky.a(list.o)
                0x0000519e                list_push
 .text.list_add
                0x000051b8       0x2a build/sky/contiki-ng-sky.a(list.o)
                0x000051b8                list_add
 .text.list_length
                0x000051e2       0x10 build/sky/contiki-ng-sky.a(list.o)
                0x000051e2                list_length
 .text.list_item_next
                0x000051f2        0xc build/sky/contiki-ng-sky.a(list.o)
                0x000051f2                list_item_next
 .text.random_init
                0x000051fe        0x6 build/sky/contiki-ng-sky.a(random.o)
                0x000051fe                random_init
 .text.random_rand
                0x00005204        0x6 build/sky/contiki-ng-sky.a(random.o)
                0x00005204                random_rand
 .text.queuebuf_init
                0x0000520a       0x12 build/sky/contiki-ng-sky.a(queuebuf.o)
                0x0000520a                queuebuf_init
 .text.queuebuf_numfree
                0x0000521c        0xa build/sky/contiki-ng-sky.a(queuebuf.o)
                0x0000521c                queuebuf_numfree
 .text.queuebuf_new_from_packetbuf
                0x00005226       0x52 build/sky/contiki-ng-sky.a(queuebuf.o)
                0x00005226                queuebuf_new_from_packetbuf
 .text.queuebuf_update_attr_from_packetbuf
                0x00005278       0x12 build/sky/contiki-ng-sky.a(queuebuf.o)
                0x00005278                queuebuf_update_attr_from_packetbuf
 .text.queuebuf_free
                0x0000528a       0x2a build/sky/contiki-ng-sky.a(queuebuf.o)
                0x0000528a                queuebuf_free
 .text.queuebuf_to_packetbuf
                0x000052b4       0x32 build/sky/contiki-ng-sky.a(queuebuf.o)
                0x000052b4                queuebuf_to_packetbuf
 .text.packetbuf_hdrreduce
                0x000052e6       0x1a build/sky/contiki-ng-sky.a(packetbuf.o)
                0x000052e6                packetbuf_hdrreduce
 .text.packetbuf_set_datalen
                0x00005300        0x6 build/sky/contiki-ng-sky.a(packetbuf.o)
                0x00005300                packetbuf_set_datalen
 .text.packetbuf_hdrptr
                0x00005306        0x6 build/sky/contiki-ng-sky.a(packetbuf.o)
                0x00005306                packetbuf_hdrptr
 .text.packetbuf_datalen
                0x0000530c        0x6 build/sky/contiki-ng-sky.a(packetbuf.o)
                0x0000530c                packetbuf_datalen
 .text.packetbuf_hdrlen
                0x00005312        0xa build/sky/contiki-ng-sky.a(packetbuf.o)
                0x00005312                packetbuf_hdrlen
 .text.packetbuf_dataptr
                0x0000531c        0xc build/sky/contiki-ng-sky.a(packetbuf.o)
                0x0000531c                packetbuf_dataptr
 .text.packetbuf_copyto
                0x00005328       0x46 build/sky/contiki-ng-sky.a(packetbuf.o)
                0x00005328                packetbuf_copyto
 .text.packetbuf_totlen
                0x0000536e        0xc build/sky/contiki-ng-sky.a(packetbuf.o)
                0x0000536e                packetbuf_totlen
 .text.packetbuf_hdralloc
                0x0000537a       0x3c build/sky/contiki-ng-sky.a(packetbuf.o)
                0x0000537a                packetbuf_hdralloc
 .text.packetbuf_attr_clear
                0x000053b6       0x28 build/sky/contiki-ng-sky.a(packetbuf.o)
                0x000053b6                packetbuf_attr_clear
 .text.packetbuf_clear
                0x000053de       0x12 build/sky/contiki-ng-sky.a(packetbuf.o)
                0x000053de                packetbuf_clear
 .text.packetbuf_copyfrom
                0x000053f0       0x2e build/sky/contiki-ng-sky.a(packetbuf.o)
                0x000053f0                packetbuf_copyfrom
 .text.packetbuf_attr_copyto
                0x0000541e       0x22 build/sky/contiki-ng-sky.a(packetbuf.o)
                0x0000541e                packetbuf_attr_copyto
 .text.packetbuf_attr_copyfrom
                0x00005440       0x24 build/sky/contiki-ng-sky.a(packetbuf.o)
                0x00005440                packetbuf_attr_copyfrom
 .text.packetbuf_set_attr
                0x00005464        0xc build/sky/contiki-ng-sky.a(packetbuf.o)
                0x00005464                packetbuf_set_attr
 .text.packetbuf_attr
                0x00005470        0xa build/sky/contiki-ng-sky.a(packetbuf.o)
                0x00005470                packetbuf_attr
 .text.packetbuf_set_addr
                0x0000547a       0x18 build/sky/contiki-ng-sky.a(packetbuf.o)
                0x0000547a                packetbuf_set_addr
 .text.packetbuf_addr
                0x00005492       0x12 build/sky/contiki-ng-sky.a(packetbuf.o)
                0x00005492                packetbuf_addr
 .text.packetbuf_holds_broadcast
                0x000054a4        0xe build/sky/contiki-ng-sky.a(packetbuf.o)
                0x000054a4                packetbuf_holds_broadcast
 .text.netstack_process_ip_callback
                0x000054b2       0x4e build/sky/contiki-ng-sky.a(netstack.o)
                0x000054b2                netstack_process_ip_callback
 .text.netstack_init
                0x00005500        0xe build/sky/contiki-ng-sky.a(netstack.o)
                0x00005500                netstack_init
 .text.linkaddr_copy
                0x0000550e        0x8 build/sky/contiki-ng-sky.a(linkaddr.o)
                0x0000550e                linkaddr_copy
 .text.linkaddr_cmp
                0x00005516       0x12 build/sky/contiki-ng-sky.a(linkaddr.o)
                0x00005516                linkaddr_cmp
 .text.linkaddr_set_node_addr
                0x00005528        0xc build/sky/contiki-ng-sky.a(linkaddr.o)
                0x00005528                linkaddr_set_node_addr
 .text.on       0x00005534        0x6 build/sky/contiki-ng-sky.a(csma.o)
 .text.off      0x0000553a        0x6 build/sky/contiki-ng-sky.a(csma.o)
 .text.max_payload
                0x00005540       0x38 build/sky/contiki-ng-sky.a(csma.o)
 .text.send_packet
                0x00005578        0x6 build/sky/contiki-ng-sky.a(csma.o)
 .text.init     0x0000557e       0x1c build/sky/contiki-ng-sky.a(csma.o)
 .text.input_packet
                0x0000559a       0x58 build/sky/contiki-ng-sky.a(csma.o)
 .text.schedule_transmission
                0x000055f2       0x70 build/sky/contiki-ng-sky.a(csma-output.o)
 .text.tx_done  0x00005662       0x9a build/sky/contiki-ng-sky.a(csma-output.o)
 .text.transmit_from_queue
                0x000056fc      0x1bc build/sky/contiki-ng-sky.a(csma-output.o)
 .text.csma_output_packet
                0x000058b8      0x184 build/sky/contiki-ng-sky.a(csma-output.o)
                0x000058b8                csma_output_packet
 .text.csma_output_init
                0x00005a3c       0x1a build/sky/contiki-ng-sky.a(csma-output.o)
                0x00005a3c                csma_output_init
 .text.uip_ds6_default_prefix
                0x00005a56        0x6 build/sky/contiki-ng-sky.a(uip-ds6.o)
                0x00005a56                uip_ds6_default_prefix
 .text.uip_ds6_list_loop
                0x00005a5c       0x92 build/sky/contiki-ng-sky.a(uip-ds6.o)
                0x00005a5c                uip_ds6_list_loop
 .text.uip_ds6_prefix_add
                0x00005aee       0x80 build/sky/contiki-ng-sky.a(uip-ds6.o)
                0x00005aee                uip_ds6_prefix_add
 .text.uip_ds6_is_addr_onlink
                0x00005b6e       0x54 build/sky/contiki-ng-sky.a(uip-ds6.o)
                0x00005b6e                uip_ds6_is_addr_onlink
 .text.uip_ds6_addr_lookup
                0x00005bc2       0x2a build/sky/contiki-ng-sky.a(uip-ds6.o)
                0x00005bc2                uip_ds6_addr_lookup
 .text.uip_ds6_get_link_local
                0x00005bec       0x3e build/sky/contiki-ng-sky.a(uip-ds6.o)
                0x00005bec                uip_ds6_get_link_local
 .text.uip_ds6_maddr_add
                0x00005c2a       0x4c build/sky/contiki-ng-sky.a(uip-ds6.o)
                0x00005c2a                uip_ds6_maddr_add
 .text.uip_ds6_addr_add
                0x00005c76       0xc4 build/sky/contiki-ng-sky.a(uip-ds6.o)
                0x00005c76                uip_ds6_addr_add
 .text.uip_ds6_maddr_rm
                0x00005d3a        0xa build/sky/contiki-ng-sky.a(uip-ds6.o)
                0x00005d3a                uip_ds6_maddr_rm
 .text.uip_ds6_maddr_lookup
                0x00005d44       0x2a build/sky/contiki-ng-sky.a(uip-ds6.o)
                0x00005d44                uip_ds6_maddr_lookup
 .text.uip_ds6_addr_rm
                0x00005d6e       0x54 build/sky/contiki-ng-sky.a(uip-ds6.o)
                0x00005d6e                uip_ds6_addr_rm
 .text.uip_ds6_periodic
                0x00005dc2       0x46 build/sky/contiki-ng-sky.a(uip-ds6.o)
                0x00005dc2                uip_ds6_periodic
 .text.uip_ds6_set_addr_iid
                0x00005e08       0x14 build/sky/contiki-ng-sky.a(uip-ds6.o)
                0x00005e08                uip_ds6_set_addr_iid
 .text.uip_ds6_set_lladdr_from_iid
                0x00005e1c       0x14 build/sky/contiki-ng-sky.a(uip-ds6.o)
                0x00005e1c                uip_ds6_set_lladdr_from_iid
 .text.get_match_length
                0x00005e30       0x44 build/sky/contiki-ng-sky.a(uip-ds6.o)
                0x00005e30                get_match_length
 .text.uip_ds6_select_src
                0x00005e74       0xaa build/sky/contiki-ng-sky.a(uip-ds6.o)
                0x00005e74                uip_ds6_select_src
 .text.uip_ds6_compute_reachable_time
                0x00005f1e       0x3e build/sky/contiki-ng-sky.a(uip-ds6.o)
                0x00005f1e                uip_ds6_compute_reachable_time
 .text.uip_ds6_init
                0x00005f5c      0x164 build/sky/contiki-ng-sky.a(uip-ds6.o)
                0x00005f5c                uip_ds6_init
 .text.uiplib_ipaddr_snprint
                0x000060c0      0x12c build/sky/contiki-ng-sky.a(uiplib.o)
                0x000060c0                uiplib_ipaddr_snprint
 .text.uip_ds6_route_init
                0x000061ec       0x12 build/sky/contiki-ng-sky.a(uip-ds6-route.o)
                0x000061ec                uip_ds6_route_init
 .text.uip_ds6_route_nexthop
                0x000061fe        0x4 build/sky/contiki-ng-sky.a(uip-ds6-route.o)
                0x000061fe                uip_ds6_route_nexthop
 .text.uip_ds6_route_lookup
                0x00006202        0x4 build/sky/contiki-ng-sky.a(uip-ds6-route.o)
                0x00006202                uip_ds6_route_lookup
 .text.uip_ds6_route_rm
                0x00006206        0x2 build/sky/contiki-ng-sky.a(uip-ds6-route.o)
                0x00006206                uip_ds6_route_rm
 .text.uip_ds6_defrt_rm
                0x00006208       0x3c build/sky/contiki-ng-sky.a(uip-ds6-route.o)
                0x00006208                uip_ds6_defrt_rm
 .text.uip_ds6_defrt_lookup
                0x00006244       0x40 build/sky/contiki-ng-sky.a(uip-ds6-route.o)
                0x00006244                uip_ds6_defrt_lookup
 .text.uip_ds6_defrt_add
                0x00006284       0x72 build/sky/contiki-ng-sky.a(uip-ds6-route.o)
                0x00006284                uip_ds6_defrt_add
 .text.uip_ds6_defrt_choose
                0x000062f6       0x3a build/sky/contiki-ng-sky.a(uip-ds6-route.o)
                0x000062f6                uip_ds6_defrt_choose
 .text.uip_ds6_defrt_periodic
                0x00006330       0x38 build/sky/contiki-ng-sky.a(uip-ds6-route.o)
                0x00006330                uip_ds6_defrt_periodic
 .text.uip_ds6_nbr_rm
                0x00006368       0x1e build/sky/contiki-ng-sky.a(uip-ds6-nbr.o)
                0x00006368                uip_ds6_nbr_rm
 .text.uip_ds6_neighbors_init
                0x00006386       0x12 build/sky/contiki-ng-sky.a(uip-ds6-nbr.o)
                0x00006386                uip_ds6_neighbors_init
 .text.uip_ds6_nbr_add
                0x00006398       0x3e build/sky/contiki-ng-sky.a(uip-ds6-nbr.o)
                0x00006398                uip_ds6_nbr_add
 .text.uip_ds6_nbr_get_ll
                0x000063d6        0xc build/sky/contiki-ng-sky.a(uip-ds6-nbr.o)
                0x000063d6                uip_ds6_nbr_get_ll
 .text.uip_ds6_nbr_head
                0x000063e2        0xa build/sky/contiki-ng-sky.a(uip-ds6-nbr.o)
                0x000063e2                uip_ds6_nbr_head
 .text.uip_ds6_nbr_next
                0x000063ec        0xc build/sky/contiki-ng-sky.a(uip-ds6-nbr.o)
                0x000063ec                uip_ds6_nbr_next
 .text.uip_ds6_nbr_lookup
                0x000063f8       0x3a build/sky/contiki-ng-sky.a(uip-ds6-nbr.o)
                0x000063f8                uip_ds6_nbr_lookup
 .text.uip_ds6_nbr_ll_lookup
                0x00006432        0xc build/sky/contiki-ng-sky.a(uip-ds6-nbr.o)
                0x00006432                uip_ds6_nbr_ll_lookup
 .text.uip_ds6_nbr_update_ll
                0x0000643e       0x76 build/sky/contiki-ng-sky.a(uip-ds6-nbr.o)
                0x0000643e                uip_ds6_nbr_update_ll
 .text.uip_ds6_nbr_ipaddr_from_lladdr
                0x000064b4        0x6 build/sky/contiki-ng-sky.a(uip-ds6-nbr.o)
                0x000064b4                uip_ds6_nbr_ipaddr_from_lladdr
 .text.uip_ds6_nbr_lladdr_from_ipaddr
                0x000064ba       0x12 build/sky/contiki-ng-sky.a(uip-ds6-nbr.o)
                0x000064ba                uip_ds6_nbr_lladdr_from_ipaddr
 .text.uip_ds6_link_callback
                0x000064cc        0x2 build/sky/contiki-ng-sky.a(uip-ds6-nbr.o)
                0x000064cc                uip_ds6_link_callback
 .text.tcpip_output
                0x000064ce       0x22 build/sky/contiki-ng-sky.a(tcpip.o)
                0x000064ce                tcpip_output
 .text.udp_new  0x000064f0       0x1a build/sky/contiki-ng-sky.a(tcpip.o)
                0x000064f0                udp_new
 .text.tcpip_input
                0x0000650a       0x1e build/sky/contiki-ng-sky.a(tcpip.o)
                0x0000650a                tcpip_input
 .text.tcpip_ipv6_output
                0x00006528      0x114 build/sky/contiki-ng-sky.a(tcpip.o)
                0x00006528                tcpip_ipv6_output
 .text.packet_input.part.3
                0x0000663c       0x12 build/sky/contiki-ng-sky.a(tcpip.o)
 .text.process_thread_tcpip_process
                0x0000664e       0xcc build/sky/contiki-ng-sky.a(tcpip.o)
 .text.tcpip_uipcall
                0x0000671a       0x2a build/sky/contiki-ng-sky.a(tcpip.o)
                0x0000671a                tcpip_uipcall
 .text.chksum   0x00006744       0x32 build/sky/contiki-ng-sky.a(uip6.o)
 .text.upper_layer_chksum
                0x00006776       0x58 build/sky/contiki-ng-sky.a(uip6.o)
 .text.ext_hdr_options_process
                0x000067ce       0xa4 build/sky/contiki-ng-sky.a(uip6.o)
 .text.uip_check_mtu
                0x00006872       0x1e build/sky/contiki-ng-sky.a(uip6.o)
 .text.uip_update_ttl
                0x00006890       0x24 build/sky/contiki-ng-sky.a(uip6.o)
 .text.uip_icmp6chksum
                0x000068b4        0xa build/sky/contiki-ng-sky.a(uip6.o)
                0x000068b4                uip_icmp6chksum
 .text.uip_udpchksum
                0x000068be        0xa build/sky/contiki-ng-sky.a(uip6.o)
                0x000068be                uip_udpchksum
 .text.uip_init
                0x000068c8       0x3c build/sky/contiki-ng-sky.a(uip6.o)
                0x000068c8                uip_init
 .text.uip_remove_ext_hdr
                0x00006904       0x5e build/sky/contiki-ng-sky.a(uip6.o)
                0x00006904                uip_remove_ext_hdr
 .text.uip_udp_new
                0x00006962       0xac build/sky/contiki-ng-sky.a(uip6.o)
                0x00006962                uip_udp_new
 .text.uip_process
                0x00006a0e      0x4be build/sky/contiki-ng-sky.a(uip6.o)
                0x00006a0e                uip_process
 .text.uip_htonl
                0x00006ecc       0x2e build/sky/contiki-ng-sky.a(uip6.o)
                0x00006ecc                uip_htonl
 .text.ns_input
                0x00006efa      0x284 build/sky/contiki-ng-sky.a(uip-nd6.o)
 .text.uip_nd6_init
                0x0000717e        0xa build/sky/contiki-ng-sky.a(uip-nd6.o)
                0x0000717e                uip_nd6_init
 .text.process_thread_simple_udp_process
                0x00007188       0xb8 build/sky/contiki-ng-sky.a(simple-udp.o)
 .text.simple_udp_sendto
                0x00007240       0x2c build/sky/contiki-ng-sky.a(simple-udp.o)
                0x00007240                simple_udp_sendto
 .text.simple_udp_register
                0x0000726c       0x96 build/sky/contiki-ng-sky.a(simple-udp.o)
                0x0000726c                simple_udp_register
 .text.clear_fragments
                0x00007302       0x40 build/sky/contiki-ng-sky.a(sicslowpan.o)
 .text.addr_context_lookup_by_number
                0x00007342       0x16 build/sky/contiki-ng-sky.a(sicslowpan.o)
 .text.sicslowpan_init
                0x00007358       0x18 build/sky/contiki-ng-sky.a(sicslowpan.o)
                0x00007358                sicslowpan_init
 .text.set_packet_attrs
                0x00007370       0x66 build/sky/contiki-ng-sky.a(sicslowpan.o)
 .text.compress_addr_64
                0x000073d6       0xae build/sky/contiki-ng-sky.a(sicslowpan.o)
 .text.addr_context_lookup_by_prefix
                0x00007484       0x20 build/sky/contiki-ng-sky.a(sicslowpan.o)
 .text.send_packet
                0x000074a4       0x1a build/sky/contiki-ng-sky.a(sicslowpan.o)
 .text.fragment_copy_payload_and_send
                0x000074be       0x66 build/sky/contiki-ng-sky.a(sicslowpan.o)
 .text.output   0x00007524      0x7c6 build/sky/contiki-ng-sky.a(sicslowpan.o)
 .text.packet_sent
                0x00007cea       0x56 build/sky/contiki-ng-sky.a(sicslowpan.o)
 .text.store_fragment
                0x00007d40       0xb8 build/sky/contiki-ng-sky.a(sicslowpan.o)
 .text.add_fragment
                0x00007df8      0x1fc build/sky/contiki-ng-sky.a(sicslowpan.o)
 .text.uncompress_addr
                0x00007ff4       0xb4 build/sky/contiki-ng-sky.a(sicslowpan.o)
 .text.input    0x000080a8      0xa00 build/sky/contiki-ng-sky.a(sicslowpan.o)
 .text.rpl_has_joined
                0x00008aa8       0x12 build/sky/contiki-ng-sky.a(rpl.o)
                0x00008aa8                rpl_has_joined
 .text.rpl_is_reachable
                0x00008aba       0x12 build/sky/contiki-ng-sky.a(rpl.o)
                0x00008aba                rpl_is_reachable
 .text.neighbor_state_changed
                0x00008acc        0x2 build/sky/contiki-ng-sky.a(rpl.o)
 .text.drop_route
                0x00008ace        0x2 build/sky/contiki-ng-sky.a(rpl.o)
 .text.rpl_get_leaf_only
                0x00008ad0        0x6 build/sky/contiki-ng-sky.a(rpl.o)
                0x00008ad0                rpl_get_leaf_only
 .text.get_sr_node_ipaddr
                0x00008ad6       0x34 build/sky/contiki-ng-sky.a(rpl.o)
 .text.init     0x00008b0a       0x42 build/sky/contiki-ng-sky.a(rpl.o)
 .text.set_ip_from_prefix
                0x00008b4c       0x38 build/sky/contiki-ng-sky.a(rpl.o)
 .text.rpl_link_callback
                0x00008b84       0x1e build/sky/contiki-ng-sky.a(rpl.o)
                0x00008b84                rpl_link_callback
 .text.rpl_lollipop_greater_than
                0x00008ba2       0x3c build/sky/contiki-ng-sky.a(rpl.o)
                0x00008ba2                rpl_lollipop_greater_than
 .text.rpl_get_global_address
                0x00008bde       0xbe build/sky/contiki-ng-sky.a(rpl.o)
                0x00008bde                rpl_get_global_address
 .text.rpl_reset_prefix
                0x00008c9c       0x24 build/sky/contiki-ng-sky.a(rpl.o)
                0x00008c9c                rpl_reset_prefix
 .text.rpl_set_prefix_from_addr
                0x00008cc0       0x92 build/sky/contiki-ng-sky.a(rpl.o)
                0x00008cc0                rpl_set_prefix_from_addr
 .text.init_dag
                0x00008d52       0x84 build/sky/contiki-ng-sky.a(rpl-dag.o)
 .text.process_dio_init_dag
                0x00008dd6       0xb0 build/sky/contiki-ng-sky.a(rpl-dag.o)
 .text.rpl_dag_get_root_ipaddr
                0x00008e86       0x1e build/sky/contiki-ng-sky.a(rpl-dag.o)
                0x00008e86                rpl_dag_get_root_ipaddr
 .text.rpl_dag_leave
                0x00008ea4       0x4a build/sky/contiki-ng-sky.a(rpl-dag.o)
                0x00008ea4                rpl_dag_leave
 .text.rpl_dag_poison_and_leave
                0x00008eee        0xc build/sky/contiki-ng-sky.a(rpl-dag.o)
                0x00008eee                rpl_dag_poison_and_leave
 .text.rpl_dag_periodic
                0x00008efa       0x6a build/sky/contiki-ng-sky.a(rpl-dag.o)
                0x00008efa                rpl_dag_periodic
 .text.rpl_is_addr_in_our_dag
                0x00008f64       0x34 build/sky/contiki-ng-sky.a(rpl-dag.o)
                0x00008f64                rpl_is_addr_in_our_dag
 .text.rpl_local_repair
                0x00008f98       0x2a build/sky/contiki-ng-sky.a(rpl-dag.o)
                0x00008f98                rpl_local_repair
 .text.rpl_global_repair
                0x00008fc2       0x2e build/sky/contiki-ng-sky.a(rpl-dag.o)
                0x00008fc2                rpl_global_repair
 .text.rpl_dag_ready_to_advertise
                0x00008ff0       0x22 build/sky/contiki-ng-sky.a(rpl-dag.o)
                0x00008ff0                rpl_dag_ready_to_advertise
 .text.rpl_dag_update_state
                0x00009012      0x140 build/sky/contiki-ng-sky.a(rpl-dag.o)
                0x00009012                rpl_dag_update_state
 .text.rpl_process_dio
                0x00009152      0x1b6 build/sky/contiki-ng-sky.a(rpl-dag.o)
                0x00009152                rpl_process_dio
 .text.rpl_process_dis
                0x00009308       0x2a build/sky/contiki-ng-sky.a(rpl-dag.o)
                0x00009308                rpl_process_dis
 .text.rpl_process_dao
                0x00009332       0x6c build/sky/contiki-ng-sky.a(rpl-dag.o)
                0x00009332                rpl_process_dao
 .text.rpl_process_dao_ack
                0x0000939e       0x54 build/sky/contiki-ng-sky.a(rpl-dag.o)
                0x0000939e                rpl_process_dao_ack
 .text.rpl_process_hbh
                0x000093f2       0x2e build/sky/contiki-ng-sky.a(rpl-dag.o)
                0x000093f2                rpl_process_hbh
 .text.rpl_dag_init_root
                0x00009420       0xbc build/sky/contiki-ng-sky.a(rpl-dag.o)
                0x00009420                rpl_dag_init_root
 .text.rpl_dag_init
                0x000094dc       0x10 build/sky/contiki-ng-sky.a(rpl-dag.o)
                0x000094dc                rpl_dag_init
 .text.rpl_dag_root_set_prefix
                0x000094ec       0x62 build/sky/contiki-ng-sky.a(rpl-dag-root.o)
                0x000094ec                rpl_dag_root_set_prefix
 .text.rpl_dag_root_start
                0x0000954e       0x8e build/sky/contiki-ng-sky.a(rpl-dag-root.o)
                0x0000954e                rpl_dag_root_start
 .text.rpl_dag_root_is_root
                0x000095dc       0x14 build/sky/contiki-ng-sky.a(rpl-dag-root.o)
                0x000095dc                rpl_dag_root_is_root
 .text.init_platform
                0x000095f0        0xc build/sky/contiki-ng-sky.a(contiki-sky-pla)
                0x000095f0                init_platform
 .text.status   0x000095fc       0x18 build/sky/contiki-ng-sky.a(button-sensor.o)
 .text.value    0x00009614       0x20 build/sky/contiki-ng-sky.a(button-sensor.o)
 .text.configure
                0x00009634       0x4c build/sky/contiki-ng-sky.a(button-sensor.o)
 .text.irq_p2   0x00009680       0x46 build/sky/contiki-ng-sky.a(button-sensor.o)
                0x00009680                irq_p2
                0x00009680                __isr_1
 .text.owreadb  0x000096c6       0x50 build/sky/contiki-ng-sky.a(ds2411.o)
 .text.ds2411_init
                0x00009716      0x120 build/sky/contiki-ng-sky.a(ds2411.o)
                0x00009716                ds2411_init
 .text.xmem_init
                0x00009836       0x3c build/sky/contiki-ng-sky.a(xmem.o)
                0x00009836                xmem_init
 .text.process_thread_sensors_process
                0x00009872       0xc2 build/sky/contiki-ng-sky.a(sensors.o)
 .text.sensors_changed
                0x00009934       0x2a build/sky/contiki-ng-sky.a(sensors.o)
                0x00009934                sensors_changed
 .text.get_object
                0x0000995e        0x4 build/sky/contiki-ng-sky.a(cc2420.o)
 .text.set_object
                0x00009962        0x4 build/sky/contiki-ng-sky.a(cc2420.o)
 .text.strobe   0x00009966       0x1c build/sky/contiki-ng-sky.a(cc2420.o)
 .text.getreg   0x00009982       0x4c build/sky/contiki-ng-sky.a(cc2420.o)
 .text.setreg   0x000099ce       0x4c build/sky/contiki-ng-sky.a(cc2420.o)
 .text.write_ram
                0x00009a1a       0x7c build/sky/contiki-ng-sky.a(cc2420.o)
 .text.write_fifo_buf
                0x00009a96       0x3c build/sky/contiki-ng-sky.a(cc2420.o)
 .text.get_status
                0x00009ad2       0x20 build/sky/contiki-ng-sky.a(cc2420.o)
 .text.on       0x00009af2       0x1a build/sky/contiki-ng-sky.a(cc2420.o)
 .text.cc2420_receiving_packet
                0x00009b0c        0xc build/sky/contiki-ng-sky.a(cc2420.o)
 .text.pending_packet
                0x00009b18        0x8 build/sky/contiki-ng-sky.a(cc2420.o)
 .text.wait_for_transmission
                0x00009b20       0x22 build/sky/contiki-ng-sky.a(cc2420.o)
 .text.wait_for_status
                0x00009b42       0x28 build/sky/contiki-ng-sky.a(cc2420.o)
 .text.getrxdata
                0x00009b6a       0x50 build/sky/contiki-ng-sky.a(cc2420.o)
 .text.flushrx  0x00009bba       0x1a build/sky/contiki-ng-sky.a(cc2420.o)
 .text.off      0x00009bd4       0x28 build/sky/contiki-ng-sky.a(cc2420.o)
 .text.RELEASE_LOCK
                0x00009bfc       0x28 build/sky/contiki-ng-sky.a(cc2420.o)
 .text.set_key  0x00009c24       0x18 build/sky/contiki-ng-sky.a(cc2420.o)
 .text.set_frame_filtering
                0x00009c3c       0x30 build/sky/contiki-ng-sky.a(cc2420.o)
 .text.set_auto_ack
                0x00009c6c       0x30 build/sky/contiki-ng-sky.a(cc2420.o)
 .text.set_poll_mode
                0x00009c9c       0x2c build/sky/contiki-ng-sky.a(cc2420.o)
 .text.cc2420_prepare
                0x00009cc8       0x46 build/sky/contiki-ng-sky.a(cc2420.o)
 .text.cc2420_on
                0x00009d0e       0x22 build/sky/contiki-ng-sky.a(cc2420.o)
                0x00009d0e                cc2420_on
 .text.cc2420_transmit
                0x00009d30       0x66 build/sky/contiki-ng-sky.a(cc2420.o)
 .text.cc2420_send
                0x00009d96       0x12 build/sky/contiki-ng-sky.a(cc2420.o)
 .text.cc2420_off
                0x00009da8       0x30 build/sky/contiki-ng-sky.a(cc2420.o)
                0x00009da8                cc2420_off
 .text.cc2420_cca
                0x00009dd8       0x68 build/sky/contiki-ng-sky.a(cc2420.o)
 .text.cc2420_read
                0x00009e40       0xbe build/sky/contiki-ng-sky.a(cc2420.o)
 .text.process_thread_cc2420_process
                0x00009efe       0x62 build/sky/contiki-ng-sky.a(cc2420.o)
 .text.encrypt  0x00009f60       0x88 build/sky/contiki-ng-sky.a(cc2420.o)
 .text.cc2420_set_channel
                0x00009fe8       0x3c build/sky/contiki-ng-sky.a(cc2420.o)
                0x00009fe8                cc2420_set_channel
 .text.cc2420_set_pan_addr
                0x0000a024       0x4c build/sky/contiki-ng-sky.a(cc2420.o)
                0x0000a024                cc2420_set_pan_addr
 .text.cc2420_interrupt
                0x0000a070       0x16 build/sky/contiki-ng-sky.a(cc2420.o)
                0x0000a070                cc2420_interrupt
 .text.cc2420_set_txpower
                0x0000a086       0x2c build/sky/contiki-ng-sky.a(cc2420.o)
                0x0000a086                cc2420_set_txpower
 .text.cc2420_get_txpower
                0x0000a0b2       0x1e build/sky/contiki-ng-sky.a(cc2420.o)
                0x0000a0b2                cc2420_get_txpower
 .text.cc2420_rssi
                0x0000a0d0       0x4c build/sky/contiki-ng-sky.a(cc2420.o)
                0x0000a0d0                cc2420_rssi
 .text.get_value
                0x0000a11c      0x11e build/sky/contiki-ng-sky.a(cc2420.o)
 .text.cc2420_set_cca_threshold
                0x0000a23a       0x16 build/sky/contiki-ng-sky.a(cc2420.o)
                0x0000a23a                cc2420_set_cca_threshold
 .text.set_value
                0x0000a250      0x150 build/sky/contiki-ng-sky.a(cc2420.o)
 .text.cc2420_init
                0x0000a3a0       0xea build/sky/contiki-ng-sky.a(cc2420.o)
                0x0000a3a0                cc2420_init
 .text.cc2420_port1_interrupt
                0x0000a48a       0x20 build/sky/contiki-ng-sky.a(cc2420-arch.o)
                0x0000a48a                __isr_4
                0x0000a48a                cc2420_port1_interrupt
 .text.cc2420_arch_init
                0x0000a4aa       0x1a build/sky/contiki-ng-sky.a(cc2420-arch.o)
                0x0000a4aa                cc2420_arch_init
 .text.uart1_active
                0x0000a4c4       0x18 build/sky/contiki-ng-sky.a(uart1.o)
                0x0000a4c4                uart1_active
 .text.uart1_writeb
                0x0000a4dc       0x18 build/sky/contiki-ng-sky.a(uart1.o)
                0x0000a4dc                uart1_writeb
 .text.uart1_init
                0x0000a4f4       0xf4 build/sky/contiki-ng-sky.a(uart1.o)
                0x0000a4f4                uart1_init
 .text.timera0  0x0000a5e8       0x2e build/sky/contiki-ng-sky.a(rtimer-arch.o)
                0x0000a5e8                __isr_6
                0x0000a5e8                timera0
 .text.rtimer_arch_init
                0x0000a616        0xe build/sky/contiki-ng-sky.a(rtimer-arch.o)
                0x0000a616                rtimer_arch_init
 .text.rtimer_arch_now
                0x0000a624        0xe build/sky/contiki-ng-sky.a(rtimer-arch.o)
                0x0000a624                rtimer_arch_now
 .text.rtimer_arch_schedule
                0x0000a632        0x6 build/sky/contiki-ng-sky.a(rtimer-arch.o)
                0x0000a632                rtimer_arch_schedule
 .text.stimer_set
                0x0000a638       0x1c build/sky/contiki-ng-sky.a(stimer.o)
                0x0000a638                stimer_set
 .text.stimer_expired
                0x0000a654       0x30 build/sky/contiki-ng-sky.a(stimer.o)
                0x0000a654                stimer_expired
 .text.memb_init
                0x0000a684       0x36 build/sky/contiki-ng-sky.a(memb.o)
                0x0000a684                memb_init
 .text.memb_alloc
                0x0000a6ba       0x3e build/sky/contiki-ng-sky.a(memb.o)
                0x0000a6ba                memb_alloc
 .text.memb_free
                0x0000a6f8       0x32 build/sky/contiki-ng-sky.a(memb.o)
                0x0000a6f8                memb_free
 .text.memb_inmemb
                0x0000a72a       0x2a build/sky/contiki-ng-sky.a(memb.o)
                0x0000a72a                memb_inmemb
 .text.memb_numfree
                0x0000a754       0x26 build/sky/contiki-ng-sky.a(memb.o)
                0x0000a754                memb_numfree
 .text.item_from_index
                0x0000a77a       0x2a build/sky/contiki-ng-sky.a(nbr-table.o)
 .text.index_from_key
                0x0000a7a4       0x26 build/sky/contiki-ng-sky.a(nbr-table.o)
 .text.index_from_item
                0x0000a7ca       0x1e build/sky/contiki-ng-sky.a(nbr-table.o)
 .text.nbr_set_bit
                0x0000a7e8       0x58 build/sky/contiki-ng-sky.a(nbr-table.o)
 .text.index_from_lladdr
                0x0000a840       0x42 build/sky/contiki-ng-sky.a(nbr-table.o)
 .text.nbr_get_bit.constprop.3
                0x0000a882       0x2e build/sky/contiki-ng-sky.a(nbr-table.o)
 .text.remove_key
                0x0000a8b0       0x84 build/sky/contiki-ng-sky.a(nbr-table.o)
 .text.nbr_table_is_registered
                0x0000a934       0x22 build/sky/contiki-ng-sky.a(nbr-table.o)
                0x0000a934                nbr_table_is_registered
 .text.nbr_table_register
                0x0000a956       0x40 build/sky/contiki-ng-sky.a(nbr-table.o)
                0x0000a956                nbr_table_register
 .text.nbr_table_next
                0x0000a996       0x54 build/sky/contiki-ng-sky.a(nbr-table.o)
                0x0000a996                nbr_table_next
 .text.nbr_table_head
                0x0000a9ea       0x3a build/sky/contiki-ng-sky.a(nbr-table.o)
                0x0000a9ea                nbr_table_head
 .text.nbr_table_get_from_lladdr
                0x0000aa24       0x2c build/sky/contiki-ng-sky.a(nbr-table.o)
                0x0000aa24                nbr_table_get_from_lladdr
 .text.entry_is_allowed.isra.2
                0x0000aa50       0x82 build/sky/contiki-ng-sky.a(nbr-table.o)
 .text.nbr_table_add_lladdr
                0x0000aad2       0xbe build/sky/contiki-ng-sky.a(nbr-table.o)
                0x0000aad2                nbr_table_add_lladdr
 .text.nbr_table_remove
                0x0000ab90       0x32 build/sky/contiki-ng-sky.a(nbr-table.o)
                0x0000ab90                nbr_table_remove
 .text.nbr_table_lock
                0x0000abc2       0x10 build/sky/contiki-ng-sky.a(nbr-table.o)
                0x0000abc2                nbr_table_lock
 .text.nbr_table_unlock
                0x0000abd2       0x10 build/sky/contiki-ng-sky.a(nbr-table.o)
                0x0000abd2                nbr_table_unlock
 .text.nbr_table_get_lladdr
                0x0000abe2       0x22 build/sky/contiki-ng-sky.a(nbr-table.o)
                0x0000abe2                nbr_table_get_lladdr
 .text.periodic
                0x0000ac04       0x28 build/sky/contiki-ng-sky.a(link-stats.o)
 .text.link_stats_from_lladdr
                0x0000ac2c        0xc build/sky/contiki-ng-sky.a(link-stats.o)
                0x0000ac2c                link_stats_from_lladdr
 .text.link_stats_is_fresh
                0x0000ac38       0x30 build/sky/contiki-ng-sky.a(link-stats.o)
                0x0000ac38                link_stats_is_fresh
 .text.guess_etx_from_rssi
                0x0000ac68       0x42 build/sky/contiki-ng-sky.a(link-stats.o)
                0x0000ac68                guess_etx_from_rssi
 .text.link_stats_packet_sent
                0x0000acaa       0xdc build/sky/contiki-ng-sky.a(link-stats.o)
                0x0000acaa                link_stats_packet_sent
 .text.link_stats_input_callback
                0x0000ad86       0xb2 build/sky/contiki-ng-sky.a(link-stats.o)
                0x0000ad86                link_stats_input_callback
 .text.link_stats_reset
                0x0000ae38       0x2a build/sky/contiki-ng-sky.a(link-stats.o)
                0x0000ae38                link_stats_reset
 .text.link_stats_init
                0x0000ae62       0x22 build/sky/contiki-ng-sky.a(link-stats.o)
                0x0000ae62                link_stats_init
 .text.mac_sequence_is_duplicate
                0x0000ae84       0x84 build/sky/contiki-ng-sky.a(mac-sequence.o)
                0x0000ae84                mac_sequence_is_duplicate
 .text.mac_sequence_register_seqno
                0x0000af08       0x90 build/sky/contiki-ng-sky.a(mac-sequence.o)
                0x0000af08                mac_sequence_register_seqno
 .text.mac_call_sent_callback
                0x0000af98       0x14 build/sky/contiki-ng-sky.a(mac.o)
                0x0000af98                mac_call_sent_callback
 .text.parse    0x0000afac       0xa0 build/sky/contiki-ng-sky.a(framer-802154.o)
 .text.framer_802154_setup_params
                0x0000b04c       0xb8 build/sky/contiki-ng-sky.a(framer-802154.o)
                0x0000b04c                framer_802154_setup_params
 .text.create_frame
                0x0000b104       0xde build/sky/contiki-ng-sky.a(framer-802154.o)
 .text.create   0x0000b1e2        0x8 build/sky/contiki-ng-sky.a(framer-802154.o)
 .text.hdr_length
                0x0000b1ea        0x8 build/sky/contiki-ng-sky.a(framer-802154.o)
 .text.frame802154_get_pan_id
                0x0000b1f2        0x6 build/sky/contiki-ng-sky.a(frame802154.o)
                0x0000b1f2                frame802154_get_pan_id
 .text.frame802154_has_panid
                0x0000b1f8       0xe0 build/sky/contiki-ng-sky.a(frame802154.o)
                0x0000b1f8                frame802154_has_panid
 .text.field_len
                0x0000b2d8       0xac build/sky/contiki-ng-sky.a(frame802154.o)
 .text.frame802154_is_broadcast_addr
                0x0000b384       0x28 build/sky/contiki-ng-sky.a(frame802154.o)
                0x0000b384                frame802154_is_broadcast_addr
 .text.frame802154_hdrlen
                0x0000b3ac       0x32 build/sky/contiki-ng-sky.a(frame802154.o)
                0x0000b3ac                frame802154_hdrlen
 .text.frame802154_create_fcf
                0x0000b3de       0x96 build/sky/contiki-ng-sky.a(frame802154.o)
                0x0000b3de                frame802154_create_fcf
 .text.frame802154_create
                0x0000b474       0xe4 build/sky/contiki-ng-sky.a(frame802154.o)
                0x0000b474                frame802154_create
 .text.frame802154_parse_fcf
                0x0000b558       0xbc build/sky/contiki-ng-sky.a(frame802154.o)
                0x0000b558                frame802154_parse_fcf
 .text.frame802154_parse
                0x0000b614      0x168 build/sky/contiki-ng-sky.a(frame802154.o)
                0x0000b614                frame802154_parse
 .text.csma_security_create_frame
                0x0000b77c       0x10 build/sky/contiki-ng-sky.a(csma-security.o)
                0x0000b77c                csma_security_create_frame
 .text.csma_security_parse_frame
                0x0000b78c        0x6 build/sky/contiki-ng-sky.a(csma-security.o)
                0x0000b78c                csma_security_parse_frame
 .text.uipbuf_add_ext_hdr
                0x0000b792       0x1c build/sky/contiki-ng-sky.a(uipbuf.o)
                0x0000b792                uipbuf_add_ext_hdr
 .text.uipbuf_set_len
                0x0000b7ae       0x12 build/sky/contiki-ng-sky.a(uipbuf.o)
                0x0000b7ae                uipbuf_set_len
 .text.uipbuf_set_len_field
                0x0000b7c0        0xe build/sky/contiki-ng-sky.a(uipbuf.o)
                0x0000b7c0                uipbuf_set_len_field
 .text.uipbuf_get_len_field
                0x0000b7ce        0xe build/sky/contiki-ng-sky.a(uipbuf.o)
                0x0000b7ce                uipbuf_get_len_field
 .text.uipbuf_get_next_header
                0x0000b7dc       0x62 build/sky/contiki-ng-sky.a(uipbuf.o)
                0x0000b7dc                uipbuf_get_next_header
 .text.uipbuf_get_last_header
                0x0000b83e       0x3e build/sky/contiki-ng-sky.a(uipbuf.o)
                0x0000b83e                uipbuf_get_last_header
 .text.uipbuf_search_header
                0x0000b87c       0x4e build/sky/contiki-ng-sky.a(uipbuf.o)
                0x0000b87c                uipbuf_search_header
 .text.uipbuf_get_attr
                0x0000b8ca       0x12 build/sky/contiki-ng-sky.a(uipbuf.o)
                0x0000b8ca                uipbuf_get_attr
 .text.uipbuf_set_attr
                0x0000b8dc       0x14 build/sky/contiki-ng-sky.a(uipbuf.o)
                0x0000b8dc                uipbuf_set_attr
 .text.uipbuf_clear_attr
                0x0000b8f0       0x12 build/sky/contiki-ng-sky.a(uipbuf.o)
                0x0000b8f0                uipbuf_clear_attr
 .text.uipbuf_clear
                0x0000b902       0x12 build/sky/contiki-ng-sky.a(uipbuf.o)
                0x0000b902                uipbuf_clear
 .text.uipbuf_init
                0x0000b914       0x1a build/sky/contiki-ng-sky.a(uipbuf.o)
                0x0000b914                uipbuf_init
 .text.echo_reply_input
                0x0000b92e       0x68 build/sky/contiki-ng-sky.a(uip-icmp6.o)
 .text.echo_request_input
                0x0000b996       0x86 build/sky/contiki-ng-sky.a(uip-icmp6.o)
 .text.uip_icmp6_input
                0x0000ba1c       0x48 build/sky/contiki-ng-sky.a(uip-icmp6.o)
                0x0000ba1c                uip_icmp6_input
 .text.uip_icmp6_register_input_handler
                0x0000ba64        0xc build/sky/contiki-ng-sky.a(uip-icmp6.o)
                0x0000ba64                uip_icmp6_register_input_handler
 .text.uip_icmp6_error_output
                0x0000ba70      0x146 build/sky/contiki-ng-sky.a(uip-icmp6.o)
                0x0000ba70                uip_icmp6_error_output
 .text.uip_icmp6_send
                0x0000bbb6       0x8e build/sky/contiki-ng-sky.a(uip-icmp6.o)
                0x0000bbb6                uip_icmp6_send
 .text.uip_icmp6_init
                0x0000bc44       0x12 build/sky/contiki-ng-sky.a(uip-icmp6.o)
                0x0000bc44                uip_icmp6_init
 .text.node_matches_address.part.0
                0x0000bc56       0x2e build/sky/contiki-ng-sky.a(uip-sr.o)
 .text.uip_sr_get_node
                0x0000bc84       0x44 build/sky/contiki-ng-sky.a(uip-sr.o)
                0x0000bc84                uip_sr_get_node
 .text.uip_sr_is_addr_reachable
                0x0000bcc8       0x4e build/sky/contiki-ng-sky.a(uip-sr.o)
                0x0000bcc8                uip_sr_is_addr_reachable
 .text.uip_sr_expire_parent
                0x0000bd16       0x42 build/sky/contiki-ng-sky.a(uip-sr.o)
                0x0000bd16                uip_sr_expire_parent
 .text.uip_sr_update_node
                0x0000bd58       0xbc build/sky/contiki-ng-sky.a(uip-sr.o)
                0x0000bd58                uip_sr_update_node
 .text.uip_sr_init
                0x0000be14       0x16 build/sky/contiki-ng-sky.a(uip-sr.o)
                0x0000be14                uip_sr_init
 .text.uip_sr_periodic
                0x0000be2a       0x9a build/sky/contiki-ng-sky.a(uip-sr.o)
                0x0000be2a                uip_sr_periodic
 .text.uip_sr_free_all
                0x0000bec4       0x3c build/sky/contiki-ng-sky.a(uip-sr.o)
                0x0000bec4                uip_sr_free_all
 .text.uip_udp_packet_send
                0x0000bf00       0x2a build/sky/contiki-ng-sky.a(uip-udp-packet.)
                0x0000bf00                uip_udp_packet_send
 .text.uip_udp_packet_sendto
                0x0000bf2a       0x66 build/sky/contiki-ng-sky.a(uip-udp-packet.)
                0x0000bf2a                uip_udp_packet_sendto
 .text.get32    0x0000bf90       0x46 build/sky/contiki-ng-sky.a(rpl-icmp6.o)
 .text.set32    0x0000bfd6       0x2a build/sky/contiki-ng-sky.a(rpl-icmp6.o)
 .text.get16    0x0000c000        0xe build/sky/contiki-ng-sky.a(rpl-icmp6.o)
 .text.set16    0x0000c00e       0x10 build/sky/contiki-ng-sky.a(rpl-icmp6.o)
 .text.dao_ack_input
                0x0000c01e       0x30 build/sky/contiki-ng-sky.a(rpl-icmp6.o)
 .text.dao_input
                0x0000c04e      0x13c build/sky/contiki-ng-sky.a(rpl-icmp6.o)
 .text.dio_input
                0x0000c18a      0x29c build/sky/contiki-ng-sky.a(rpl-icmp6.o)
 .text.dis_input
                0x0000c426       0x1e build/sky/contiki-ng-sky.a(rpl-icmp6.o)
 .text.rpl_icmp6_update_nbr_table
                0x0000c444       0x36 build/sky/contiki-ng-sky.a(rpl-icmp6.o)
                0x0000c444                rpl_icmp6_update_nbr_table
 .text.rpl_icmp6_dis_output
                0x0000c47a       0x34 build/sky/contiki-ng-sky.a(rpl-icmp6.o)
                0x0000c47a                rpl_icmp6_dis_output
 .text.rpl_icmp6_dio_output
                0x0000c4ae      0x23a build/sky/contiki-ng-sky.a(rpl-icmp6.o)
                0x0000c4ae                rpl_icmp6_dio_output
 .text.rpl_icmp6_dao_output
                0x0000c6e8       0xe2 build/sky/contiki-ng-sky.a(rpl-icmp6.o)
                0x0000c6e8                rpl_icmp6_dao_output
 .text.rpl_icmp6_dao_ack_output
                0x0000c7ca       0x4e build/sky/contiki-ng-sky.a(rpl-icmp6.o)
                0x0000c7ca                rpl_icmp6_dao_ack_output
 .text.rpl_icmp6_init
                0x0000c818       0x22 build/sky/contiki-ng-sky.a(rpl-icmp6.o)
                0x0000c818                rpl_icmp6_init
 .text.remove_neighbor
                0x0000c83a       0x24 build/sky/contiki-ng-sky.a(rpl-neighbor.o)
 .text.rpl_neighbor_get_from_lladdr
                0x0000c85e        0xc build/sky/contiki-ng-sky.a(rpl-neighbor.o)
                0x0000c85e                rpl_neighbor_get_from_lladdr
 .text.rpl_neighbor_rank_via_nbr
                0x0000c86a       0x18 build/sky/contiki-ng-sky.a(rpl-neighbor.o)
                0x0000c86a                rpl_neighbor_rank_via_nbr
 .text.rpl_neighbor_get_lladdr
                0x0000c882        0xc build/sky/contiki-ng-sky.a(rpl-neighbor.o)
                0x0000c882                rpl_neighbor_get_lladdr
 .text.rpl_neighbor_get_ipaddr
                0x0000c88e        0xa build/sky/contiki-ng-sky.a(rpl-neighbor.o)
                0x0000c88e                rpl_neighbor_get_ipaddr
 .text.rpl_neighbor_get_link_stats
                0x0000c898        0xa build/sky/contiki-ng-sky.a(rpl-neighbor.o)
                0x0000c898                rpl_neighbor_get_link_stats
 .text.rpl_neighbor_is_fresh
                0x0000c8a2        0xa build/sky/contiki-ng-sky.a(rpl-neighbor.o)
                0x0000c8a2                rpl_neighbor_is_fresh
 .text.best_parent
                0x0000c8ac       0xb4 build/sky/contiki-ng-sky.a(rpl-neighbor.o)
 .text.rpl_neighbor_set_preferred_parent
                0x0000c960       0x48 build/sky/contiki-ng-sky.a(rpl-neighbor.o)
                0x0000c960                rpl_neighbor_set_preferred_parent
 .text.rpl_neighbor_remove_all
                0x0000c9a8       0x30 build/sky/contiki-ng-sky.a(rpl-neighbor.o)
                0x0000c9a8                rpl_neighbor_remove_all
 .text.rpl_neighbor_get_from_ipaddr
                0x0000c9d8       0x14 build/sky/contiki-ng-sky.a(rpl-neighbor.o)
                0x0000c9d8                rpl_neighbor_get_from_ipaddr
 .text.rpl_neighbor_select_best
                0x0000c9ec       0x54 build/sky/contiki-ng-sky.a(rpl-neighbor.o)
                0x0000c9ec                rpl_neighbor_select_best
 .text.rpl_neighbor_init
                0x0000ca40        0xe build/sky/contiki-ng-sky.a(rpl-neighbor.o)
                0x0000ca40                rpl_neighbor_init
 .text.handle_state_update
                0x0000ca4e        0x6 build/sky/contiki-ng-sky.a(rpl-timers.o)
 .text.handle_leaving_timer
                0x0000ca54        0xc build/sky/contiki-ng-sky.a(rpl-timers.o)
 .text.schedule_dao_retransmission
                0x0000ca60       0x34 build/sky/contiki-ng-sky.a(rpl-timers.o)
 .text.new_dio_interval
                0x0000ca94       0x8a build/sky/contiki-ng-sky.a(rpl-timers.o)
 .text.handle_unicast_dio_timer
                0x0000cb1e       0x12 build/sky/contiki-ng-sky.a(rpl-timers.o)
 .text.send_new_dao
                0x0000cb30       0x28 build/sky/contiki-ng-sky.a(rpl-timers.o)
 .text.resend_dao
                0x0000cb58       0x24 build/sky/contiki-ng-sky.a(rpl-timers.o)
 .text.handle_dao_ack_timer
                0x0000cb7c       0x12 build/sky/contiki-ng-sky.a(rpl-timers.o)
 .text.handle_dio_timer
                0x0000cb8e       0x6e build/sky/contiki-ng-sky.a(rpl-timers.o)
 .text.rpl_timers_schedule_periodic_dis
                0x0000cbfc       0x40 build/sky/contiki-ng-sky.a(rpl-timers.o)
                0x0000cbfc                rpl_timers_schedule_periodic_dis
 .text.handle_periodic_timer
                0x0000cc3c       0x3a build/sky/contiki-ng-sky.a(rpl-timers.o)
 .text.handle_dis_timer
                0x0000cc76       0x26 build/sky/contiki-ng-sky.a(rpl-timers.o)
 .text.rpl_timers_dio_reset
                0x0000cc9c       0x2e build/sky/contiki-ng-sky.a(rpl-timers.o)
                0x0000cc9c                rpl_timers_dio_reset
 .text.rpl_timers_schedule_unicast_dio
                0x0000ccca       0x20 build/sky/contiki-ng-sky.a(rpl-timers.o)
                0x0000ccca                rpl_timers_schedule_unicast_dio
 .text.rpl_timers_schedule_dao
                0x0000ccea       0x3c build/sky/contiki-ng-sky.a(rpl-timers.o)
                0x0000ccea                rpl_timers_schedule_dao
 .text.rpl_timers_schedule_dao_ack
                0x0000cd26       0x34 build/sky/contiki-ng-sky.a(rpl-timers.o)
                0x0000cd26                rpl_timers_schedule_dao_ack
 .text.rpl_timers_notify_dao_ack
                0x0000cd5a       0x82 build/sky/contiki-ng-sky.a(rpl-timers.o)
                0x0000cd5a                rpl_timers_notify_dao_ack
 .text.get_probing_delay
                0x0000cddc       0x1c build/sky/contiki-ng-sky.a(rpl-timers.o)
                0x0000cddc                get_probing_delay
 .text.get_probing_target
                0x0000cdf8       0xee build/sky/contiki-ng-sky.a(rpl-timers.o)
                0x0000cdf8                get_probing_target
 .text.rpl_schedule_probing
                0x0000cee6       0x20 build/sky/contiki-ng-sky.a(rpl-timers.o)
                0x0000cee6                rpl_schedule_probing
 .text.handle_probing_timer
                0x0000cf06       0x2a build/sky/contiki-ng-sky.a(rpl-timers.o)
 .text.rpl_schedule_probing_now
                0x0000cf30       0x24 build/sky/contiki-ng-sky.a(rpl-timers.o)
                0x0000cf30                rpl_schedule_probing_now
 .text.rpl_timers_unschedule_leaving
                0x0000cf54       0x1c build/sky/contiki-ng-sky.a(rpl-timers.o)
                0x0000cf54                rpl_timers_unschedule_leaving
 .text.rpl_timers_schedule_leaving
                0x0000cf70       0x2a build/sky/contiki-ng-sky.a(rpl-timers.o)
                0x0000cf70                rpl_timers_schedule_leaving
 .text.rpl_timers_init
                0x0000cf9a       0x1c build/sky/contiki-ng-sky.a(rpl-timers.o)
                0x0000cf9a                rpl_timers_init
 .text.rpl_timers_stop_dag_timers
                0x0000cfb6       0x4c build/sky/contiki-ng-sky.a(rpl-timers.o)
                0x0000cfb6                rpl_timers_stop_dag_timers
 .text.rpl_timers_unschedule_state_update
                0x0000d002       0x10 build/sky/contiki-ng-sky.a(rpl-timers.o)
                0x0000d002                rpl_timers_unschedule_state_update
 .text.rpl_timers_schedule_state_update
                0x0000d012       0x1c build/sky/contiki-ng-sky.a(rpl-timers.o)
                0x0000d012                rpl_timers_schedule_state_update
 .text.update_hbh_header
                0x0000d02e       0x4a build/sky/contiki-ng-sky.a(rpl-ext-header.)
 .text.rpl_ext_header_srh_get_next_hop
                0x0000d078       0x84 build/sky/contiki-ng-sky.a(rpl-ext-header.)
                0x0000d078                rpl_ext_header_srh_get_next_hop
 .text.rpl_ext_header_srh_update
                0x0000d0fc      0x118 build/sky/contiki-ng-sky.a(rpl-ext-header.)
                0x0000d0fc                rpl_ext_header_srh_update
 .text.rpl_ext_header_hbh_update
                0x0000d214       0x9e build/sky/contiki-ng-sky.a(rpl-ext-header.)
                0x0000d214                rpl_ext_header_hbh_update
 .text.rpl_ext_header_remove
                0x0000d2b2       0xcc build/sky/contiki-ng-sky.a(rpl-ext-header.)
                0x0000d2b2                rpl_ext_header_remove
 .text.rpl_ext_header_update
                0x0000d37e      0x2aa build/sky/contiki-ng-sky.a(rpl-ext-header.)
                0x0000d37e                rpl_ext_header_update
 .text.get_rank
                0x0000d628       0x16 build/sky/contiki-ng-sky.a(rpl-nbr-policy.)
 .text.rpl_nbr_gc_get_worst
                0x0000d63e       0x28 build/sky/contiki-ng-sky.a(rpl-nbr-policy.)
                0x0000d63e                rpl_nbr_gc_get_worst
 .text.reset    0x0000d666        0x2 build/sky/contiki-ng-sky.a(rpl-mrhof.o)
 .text.update_metric_container
                0x0000d668        0x6 build/sky/contiki-ng-sky.a(rpl-mrhof.o)
 .text.nbr_link_metric
                0x0000d66e       0x12 build/sky/contiki-ng-sky.a(rpl-mrhof.o)
 .text.nbr_has_usable_link
                0x0000d680       0x14 build/sky/contiki-ng-sky.a(rpl-mrhof.o)
 .text.nbr_path_cost
                0x0000d694       0x38 build/sky/contiki-ng-sky.a(rpl-mrhof.o)
 .text.within_hysteresis
                0x0000d6cc       0x54 build/sky/contiki-ng-sky.a(rpl-mrhof.o)
 .text.nbr_is_acceptable_parent
                0x0000d720       0x2c build/sky/contiki-ng-sky.a(rpl-mrhof.o)
 .text.rank_via_nbr
                0x0000d74c       0x48 build/sky/contiki-ng-sky.a(rpl-mrhof.o)
 .text.best_parent
                0x0000d794       0x7c build/sky/contiki-ng-sky.a(rpl-mrhof.o)
 .text.spi_init
                0x0000d810       0x30 build/sky/contiki-ng-sky.a(spi-legacy.o)
                0x0000d810                spi_init
 .text.libgcc   0x0000d840       0x2c /usr/local/bin/../lib/gcc/msp430/4.7.2/mmpy-16/libgcc.a(_mulsi3.o)
                0x0000d840                __mulsi3
 .text.libgcc   0x0000d86c       0x22 /usr/local/bin/../lib/gcc/msp430/4.7.2/mmpy-16/libgcc.a(_udivmod16.o)
                0x0000d86c                __udivhi3
                0x0000d86c                __ext_udivmod16
                0x0000d886                __umodhi3
 .text.libgcc   0x0000d88e       0x3a /usr/local/bin/../lib/gcc/msp430/4.7.2/mmpy-16/libgcc.a(_divmod16.o)
                0x0000d88e                __ext_divmod16
                0x0000d88e                __divhi3
                0x0000d8c0                __modhi3
 .text.libgcc   0x0000d8c8       0x40 /usr/local/bin/../lib/gcc/msp430/4.7.2/mmpy-16/libgcc.a(_udivmod32.o)
                0x0000d8c8                __udivsi3
                0x0000d8c8                __ext_udivmod32
                0x0000d8fe                __umodsi3
 .text.libgcc   0x0000d908       0x4c /usr/local/bin/../lib/gcc/msp430/4.7.2/mmpy-16/libgcc.a(_divmod32.o)
                0x0000d908                __ext_divmod32
                0x0000d908                __divsi3
                0x0000d94a                __modsi3
 .text.printf   0x0000d954       0x10 /usr/local/bin/../lib/gcc/msp430/4.7.2/../../../../msp430/lib/mmpy-16/libc.a(printf.o)
                0x0000d954                printf
 .text.append   0x0000d964       0x22 /usr/local/bin/../lib/gcc/msp430/4.7.2/../../../../msp430/lib/mmpy-16/libc.a(sprintf.o)
 .text.call_vuprintf
                0x0000d986       0x3a /usr/local/bin/../lib/gcc/msp430/4.7.2/../../../../msp430/lib/mmpy-16/libc.a(sprintf.o)
 .text.snprintf
                0x0000d9c0       0x1a /usr/local/bin/../lib/gcc/msp430/4.7.2/../../../../msp430/lib/mmpy-16/libc.a(sprintf.o)
                0x0000d9c0                snprintf
 .text.print_field
                0x0000d9da      0x194 /usr/local/bin/../lib/gcc/msp430/4.7.2/../../../../msp430/lib/mmpy-16/libc.a(vuprintf.o)
 .text.vuprintf
                0x0000db6e      0x63e /usr/local/bin/../lib/gcc/msp430/4.7.2/../../../../msp430/lib/mmpy-16/libc.a(vuprintf.o)
                0x0000db6e                vuprintf
 .text.puts     0x0000e1ac       0x2c /usr/local/bin/../lib/gcc/msp430/4.7.2/../../../../msp430/lib/mmpy-16/libc.a(puts.o)
                0x0000e1ac                puts
 .text.rand     0x0000e1d8       0x26 /usr/local/bin/../lib/gcc/msp430/4.7.2/../../../../msp430/lib/mmpy-16/libc.a(rand.o)
                0x0000e1d8                rand
 .text.srand    0x0000e1fe        0xa /usr/local/bin/../lib/gcc/msp430/4.7.2/../../../../msp430/lib/mmpy-16/libc.a(rand.o)
                0x0000e1fe                srand
 .text.memcmp   0x0000e208       0x30 /usr/local/bin/../lib/gcc/msp430/4.7.2/../../../../msp430/lib/mmpy-16/libc.a(memcmp.o)
                0x0000e208                memcmp
 .text.memcpy   0x0000e238       0xfa /usr/local/bin/../lib/gcc/msp430/4.7.2/../../../../msp430/lib/mmpy-16/libc.a(memcpy.o)
                0x0000e238                memcpy
 .text.memmove  0x0000e332       0xfa /usr/local/bin/../lib/gcc/msp430/4.7.2/../../../../msp430/lib/mmpy-16/libc.a(memmove.o)
                0x0000e332                memmove
 .text.memset   0x0000e42c       0x6a /usr/local/bin/../lib/gcc/msp430/4.7.2/../../../../msp430/lib/mmpy-16/libc.a(memset.o)
                0x0000e42c                memset
 .text.libgcc   0x0000e496       0xf0 /usr/local/bin/../lib/gcc/msp430/4.7.2/mmpy-16/libgcc.a(_udivmod64.o)
                0x0000e496                __xabi_udivmod64
                0x0000e4f4                __udivdi3
                0x0000e51a                __umoddi3
                0x0000e548                __udivmoddi4
 .text.crt0     0x0000e586        0x2 /usr/local/bin/../lib/gcc/msp430/4.7.2/mmpy-16/libcrt0.a(_unexpected_.o)
                0x0000e586                _unexpected_
 *(.near.text .near.text.*)

.rodata         0x0000e588     0x1089
                0x0000e588                . = ALIGN (0x2)
 *(.rodata .rodata.* .gnu.linkonce.r.*)
 .rodata        0x0000e588      0xbd4 udp_client.o
                0x0000e5da                autostart_processes
 .rodata        0x0000f15c       0xee build/sky/obj/contiki-main.o
 .rodata        0x0000f24a       0x31 build/sky/contiki-ng-sky.a(platform.o)
 .rodata        0x0000f27b        0xf build/sky/contiki-ng-sky.a(ctimer.o)
 .rodata        0x0000f28a        0xc build/sky/contiki-ng-sky.a(etimer.o)
 .rodata        0x0000f296       0xb6 build/sky/contiki-ng-sky.a(log.o)
 .rodata        0x0000f34c       0x6a build/sky/contiki-ng-sky.a(stack-check.o)
 .rodata        0x0000f3b6        0x8 build/sky/contiki-ng-sky.a(linkaddr.o)
                0x0000f3b6                linkaddr_null
 .rodata        0x0000f3be       0x14 build/sky/contiki-ng-sky.a(csma.o)
                0x0000f3c4                csma_driver
 .rodata        0x0000f3d2       0x2d build/sky/contiki-ng-sky.a(uiplib.o)
 .rodata        0x0000f3ff        0xd build/sky/contiki-ng-sky.a(tcpip.o)
 .rodata        0x0000f40c       0x13 build/sky/contiki-ng-sky.a(simple-udp.o)
 *fill*         0x0000f41f        0x1 00
 .rodata        0x0000f420       0x26 build/sky/contiki-ng-sky.a(sicslowpan.o)
                0x0000f42c                sicslowpan_driver
                0x0000f434                llprefix
                0x0000f436                unc_mxconf
                0x0000f43a                unc_ctxconf
                0x0000f43e                unc_llconf
 .rodata        0x0000f446       0x34 build/sky/contiki-ng-sky.a(rpl.o)
                0x0000f450                rpl_lite_driver
 .rodata        0x0000f47a       0xe0 build/sky/contiki-ng-sky.a(rpl-dag.o)
 .rodata        0x0000f55a       0x10 build/sky/contiki-ng-sky.a(button-sensor.o)
                0x0000f562                button_sensor
 .rodata        0x0000f56a        0x8 build/sky/contiki-ng-sky.a(sensors.o)
 *fill*         0x0000f572        0x2 00
 .rodata.get_value
                0x0000f574       0x34 build/sky/contiki-ng-sky.a(cc2420.o)
 .rodata.set_value
                0x0000f5a8       0x10 build/sky/contiki-ng-sky.a(cc2420.o)
 .rodata        0x0000f5b8       0x3e build/sky/contiki-ng-sky.a(cc2420.o)
                0x0000f5b8                cc2420_aes_128_driver
                0x0000f5bc                cc2420_driver
 .rodata        0x0000f5f6        0x6 build/sky/contiki-ng-sky.a(framer-802154.o)
                0x0000f5f6                framer_802154
 .rodata        0x0000f5fc        0x2 build/sky/contiki-ng-sky.a(frame802154.o)
 .rodata        0x0000f5fe        0xc build/sky/contiki-ng-sky.a(rpl-timers.o)
 .rodata.vuprintf
                0x0000f60a        0x7 /usr/local/bin/../lib/gcc/msp430/4.7.2/../../../../msp430/lib/mmpy-16/libc.a(vuprintf.o)
 *(.near.rodata .near.rodata.*)
                0x0000f612                . = ALIGN (0x2)
                0x0000f612                _etext = .

.data           0x00001100      0x144 load address 0x0000f612
                0x00001100                . = ALIGN (0x2)
                0x00001100                __data_start = .
 *(.data .data.* .gnu.linkonce.d.*)
 .data          0x00001100        0xa udp_client.o
                0x00001100                client_node_proc
 .data          0x0000110a        0x2 build/sky/contiki-ng-sky.a(msp430.o)
 .data          0x0000110c        0xa build/sky/contiki-ng-sky.a(ctimer.o)
                0x0000110c                ctimer_process
 .data          0x00001116        0xa build/sky/contiki-ng-sky.a(etimer.o)
                0x00001116                etimer_process
 .data          0x00001120       0x50 build/sky/contiki-ng-sky.a(log.o)
                0x00001120                all_modules
                0x0000116e                curr_log_level_main
 .data          0x00001170        0xa build/sky/contiki-ng-sky.a(stack-check.o)
                0x00001170                stack_check_process
 .data          0x0000117a       0x10 build/sky/contiki-ng-sky.a(queuebuf.o)
 .data          0x0000118a       0x18 build/sky/contiki-ng-sky.a(csma-output.o)
 .data          0x000011a2        0x8 build/sky/contiki-ng-sky.a(uip-ds6-route.o)
 .data          0x000011aa        0x8 build/sky/contiki-ng-sky.a(uip-ds6-nbr.o)
 .data          0x000011b2        0xa build/sky/contiki-ng-sky.a(tcpip.o)
                0x000011b2                tcpip_process
 .data          0x000011bc        0x6 build/sky/contiki-ng-sky.a(uip-nd6.o)
 .data          0x000011c2        0xa build/sky/contiki-ng-sky.a(simple-udp.o)
                0x000011c2                simple_udp_process
 .data          0x000011cc        0x4 build/sky/contiki-ng-sky.a(contiki-sky-pla)
                0x000011cc                sensors
 .data          0x000011d0        0xa build/sky/contiki-ng-sky.a(sensors.o)
                0x000011d0                sensors_process
 .data          0x000011da        0xc build/sky/contiki-ng-sky.a(cc2420.o)
                0x000011da                cc2420_process
 .data          0x000011e6        0x8 build/sky/contiki-ng-sky.a(nbr-table.o)
 .data          0x000011ee        0x8 build/sky/contiki-ng-sky.a(link-stats.o)
 .data          0x000011f6        0x2 build/sky/contiki-ng-sky.a(frame802154.o)
 .data          0x000011f8        0xc build/sky/contiki-ng-sky.a(uip-icmp6.o)
 .data          0x00001204        0x8 build/sky/contiki-ng-sky.a(uip-sr.o)
 .data          0x0000120c       0x18 build/sky/contiki-ng-sky.a(rpl-icmp6.o)
 .data          0x00001224        0xa build/sky/contiki-ng-sky.a(rpl-neighbor.o)
                0x00001224                rpl_neighbors
 .data          0x0000122e       0x12 build/sky/contiki-ng-sky.a(rpl-mrhof.o)
                0x0000122e                rpl_mrhof
 .data.next     0x00001240        0x4 /usr/local/bin/../lib/gcc/msp430/4.7.2/../../../../msp430/lib/mmpy-16/libc.a(rand.o)
 *(.near.data .near.data.*)
                0x00001244                . = ALIGN (0x2)
                0x00001244                _edata = .
                0x0000f612                __data_load_start = LOADADDR (.data)
                0x00000144                __data_size = SIZEOF (.data)

.bss            0x00001244     0x1be0 load address 0x0000f756
                0x00001244                __bss_start = .
 *(.bss .bss.*)
 .bss           0x00001244       0x8e udp_client.o
 .bss           0x000012d2        0x8 build/sky/contiki-ng-sky.a(platform.o)
 .bss           0x000012da        0xa build/sky/contiki-ng-sky.a(clock.o)
 .bss           0x000012e4        0x2 build/sky/contiki-ng-sky.a(watchdog.o)
 .bss           0x000012e6        0x4 build/sky/contiki-ng-sky.a(ctimer.o)
 .bss           0x000012ea        0x6 build/sky/contiki-ng-sky.a(etimer.o)
 .bss           0x000012f0       0x16 build/sky/contiki-ng-sky.a(log.o)
                0x000012f0                curr_log_level_lwm2m
                0x000012f2                curr_log_level_snmp
                0x000012f4                curr_log_level_coap
                0x000012f6                curr_log_level_6top
                0x000012f8                curr_log_level_framer
                0x000012fa                curr_log_level_mac
                0x000012fc                curr_log_level_nullnet
                0x000012fe                curr_log_level_6lowpan
                0x00001300                curr_log_level_ipv6
                0x00001302                curr_log_level_tcpip
                0x00001304                curr_log_level_rpl
 .bss           0x00001306       0xc8 build/sky/contiki-ng-sky.a(process.o)
                0x00001306                process_current
                0x00001308                process_list
 .bss           0x000013ce        0x2 build/sky/contiki-ng-sky.a(rtimer.o)
 .bss           0x000013d0        0x2 build/sky/contiki-ng-sky.a(node-id.o)
                0x000013d0                node_id
 .bss           0x000013d2        0xe build/sky/contiki-ng-sky.a(stack-check.o)
 .bss           0x000013e0      0x580 build/sky/contiki-ng-sky.a(queuebuf.o)
 .bss           0x00001960       0x86 build/sky/contiki-ng-sky.a(packetbuf.o)
 .bss           0x000019e6        0x2 build/sky/contiki-ng-sky.a(netstack.o)
 .bss           0x000019e8       0xbe build/sky/contiki-ng-sky.a(csma-output.o)
 .bss           0x00001aa6       0x28 build/sky/contiki-ng-sky.a(uip-ds6.o)
 .bss           0x00001ace       0x3c build/sky/contiki-ng-sky.a(uip-ds6-route.o)
 .bss           0x00001b0a      0x120 build/sky/contiki-ng-sky.a(uip-ds6-nbr.o)
 .bss           0x00001c2a        0xc build/sky/contiki-ng-sky.a(tcpip.o)
 .bss           0x00001c36        0x8 build/sky/contiki-ng-sky.a(uip6.o)
                0x00001c36                uip_last_proto
                0x00001c38                uip_ext_len
                0x00001c3a                uip_ext_bitmap
 .bss           0x00001c3e        0x8 build/sky/contiki-ng-sky.a(uip-nd6.o)
 .bss           0x00001c46       0xf1 build/sky/contiki-ng-sky.a(simple-udp.o)
 *fill*         0x00001d37        0x1 00
 .bss           0x00001d38      0x6e0 build/sky/contiki-ng-sky.a(sicslowpan.o)
 .bss           0x00002418        0x1 build/sky/contiki-ng-sky.a(rpl.o)
 *fill*         0x00002419        0x1 00
 .bss           0x0000241a       0x12 build/sky/contiki-ng-sky.a(rpl-dag-root.o)
 .bss           0x0000242c        0x8 build/sky/contiki-ng-sky.a(button-sensor.o)
 .bss           0x00002434        0x6 build/sky/contiki-ng-sky.a(sensors.o)
 .bss           0x0000243a       0x10 build/sky/contiki-ng-sky.a(cc2420.o)
 .bss           0x0000244a       0x9a build/sky/contiki-ng-sky.a(uart1.o)
 .bss           0x000024e4       0xe4 build/sky/contiki-ng-sky.a(nbr-table.o)
 .bss           0x000025c8       0xa0 build/sky/contiki-ng-sky.a(link-stats.o)
 .bss           0x00002668       0xe0 build/sky/contiki-ng-sky.a(mac-sequence.o)
 .bss           0x00002748        0x2 build/sky/contiki-ng-sky.a(framer-802154.o)
 .bss           0x0000274a       0x20 build/sky/contiki-ng-sky.a(uipbuf.o)
 .bss           0x0000276a       0x14 build/sky/contiki-ng-sky.a(uip-icmp6.o)
 .bss           0x0000277e      0x134 build/sky/contiki-ng-sky.a(uip-sr.o)
 .bss           0x000028b2       0x80 build/sky/contiki-ng-sky.a(rpl-neighbor.o)
 .bss           0x00002932       0x28 build/sky/contiki-ng-sky.a(rpl-timers.o)
 .bss.destination_
                0x0000295a        0x2 /usr/local/bin/../lib/gcc/msp430/4.7.2/../../../../msp430/lib/mmpy-16/libc.a(sprintf.o)
 .bss.available_
                0x0000295c        0x2 /usr/local/bin/../lib/gcc/msp430/4.7.2/../../../../msp430/lib/mmpy-16/libc.a(sprintf.o)
 *(.near.bss .near.bss.*)
 *(COMMON)
 COMMON         0x0000295e        0x2 build/sky/contiki-ng-sky.a(msp430.o)
                0x0000295e                msp430_dco_required
 COMMON         0x00002960       0x2a build/sky/contiki-ng-sky.a(packetbuf.o)
                0x00002960                packetbuf_addrs
                0x00002970                packetbuf_attrs
 COMMON         0x0000298a        0x8 build/sky/contiki-ng-sky.a(linkaddr.o)
                0x0000298a                linkaddr_node_addr
 COMMON         0x00002992      0x180 build/sky/contiki-ng-sky.a(uip-ds6.o)
                0x00002992                uip_ds6_timer_ra
                0x0000299a                uip_ds6_if
                0x00002aaa                uip_ds6_netif_addr_list_offset
                0x00002aab                uip_ds6_addr_size
                0x00002aac                uip_ds6_prefix_list
                0x00002b06                uip_ds6_timer_periodic
 COMMON         0x00002b12        0x1 build/sky/contiki-ng-sky.a(tcpip.o)
                0x00002b12                tcpip_event
 *fill*         0x00002b13        0x1 00
 COMMON         0x00002b14      0x1d6 build/sky/contiki-ng-sky.a(uip6.o)
                0x00002b14                uip_len