Archive member included because of file (symbol)

build/sky/contiki-ng-sky.a(uart1-putchar.o)
                              udp_server.o (putchar)
build/sky/contiki-ng-sky.a(platform.o)
                              build/sky/obj/contiki-main.o (platform_init_stage_one)
build/sky/contiki-ng-sky.a(msp430.o)
                              build/sky/contiki-ng-sky.a(platform.o) (msp430_dco_required)
build/sky/contiki-ng-sky.a(clock.o)
                              build/sky/obj/contiki-main.o (clock_init)
build/sky/contiki-ng-sky.a(leds.o)
                              build/sky/contiki-ng-sky.a(platform.o) (leds_init)
build/sky/contiki-ng-sky.a(leds-arch.o)
                              build/sky/contiki-ng-sky.a(leds.o) (leds_arch_init)
build/sky/contiki-ng-sky.a(watchdog.o)
                              build/sky/obj/contiki-main.o (watchdog_start)
build/sky/contiki-ng-sky.a(ctimer.o)
                              build/sky/obj/contiki-main.o (ctimer_init)
build/sky/contiki-ng-sky.a(autostart.o)
                              build/sky/obj/contiki-main.o (autostart_start)
build/sky/contiki-ng-sky.a(energest.o)
                              build/sky/obj/contiki-main.o (energest_init)
build/sky/contiki-ng-sky.a(etimer.o)
                              build/sky/contiki-ng-sky.a(clock.o) (etimer_request_poll)
build/sky/contiki-ng-sky.a(log.o)
                              udp_server.o (log_6addr)
build/sky/contiki-ng-sky.a(process.o)
                              build/sky/contiki-ng-sky.a(ctimer.o) (process_current)
build/sky/contiki-ng-sky.a(rtimer.o)
                              build/sky/obj/contiki-main.o (rtimer_init)
build/sky/contiki-ng-sky.a(node-id.o)
                              build/sky/obj/contiki-main.o (node_id_init)
build/sky/contiki-ng-sky.a(timer.o)
                              build/sky/contiki-ng-sky.a(platform.o) (timer_set)
build/sky/contiki-ng-sky.a(stack-check.o)
                              build/sky/obj/contiki-main.o (stack_check_init)
build/sky/contiki-ng-sky.a(list.o)
                              build/sky/contiki-ng-sky.a(ctimer.o) (list_init)
build/sky/contiki-ng-sky.a(random.o)
                              build/sky/contiki-ng-sky.a(platform.o) (random_init)
build/sky/contiki-ng-sky.a(queuebuf.o)
                              build/sky/obj/contiki-main.o (queuebuf_init)
build/sky/contiki-ng-sky.a(packetbuf.o)
                              build/sky/contiki-ng-sky.a(queuebuf.o) (packetbuf_copyto)
build/sky/contiki-ng-sky.a(netstack.o)
                              build/sky/obj/contiki-main.o (netstack_init)
build/sky/contiki-ng-sky.a(linkaddr.o)
                              build/sky/contiki-ng-sky.a(platform.o) (linkaddr_copy)
build/sky/contiki-ng-sky.a(csma.o)
                              build/sky/obj/contiki-main.o (csma_driver)
build/sky/contiki-ng-sky.a(csma-output.o)
                              build/sky/contiki-ng-sky.a(csma.o) (csma_output_packet)
build/sky/contiki-ng-sky.a(uip-ds6.o)
                              build/sky/obj/contiki-main.o (uip_ds6_get_link_local)
build/sky/contiki-ng-sky.a(uiplib.o)
                              build/sky/contiki-ng-sky.a(log.o) (uiplib_ipaddr_snprint)
build/sky/contiki-ng-sky.a(uip-ds6-route.o)
                              build/sky/contiki-ng-sky.a(uip-ds6.o) (uip_ds6_route_init)
build/sky/contiki-ng-sky.a(uip-ds6-nbr.o)
                              build/sky/contiki-ng-sky.a(uip-ds6.o) (uip_ds6_neighbors_init)
build/sky/contiki-ng-sky.a(tcpip.o)
                              build/sky/obj/contiki-main.o (tcpip_process)
build/sky/contiki-ng-sky.a(uip6.o)
                              build/sky/contiki-ng-sky.a(tcpip.o) (uip_aligned_buf)
build/sky/contiki-ng-sky.a(uip-nd6.o)
                              build/sky/contiki-ng-sky.a(uip6.o) (uip_nd6_init)
build/sky/contiki-ng-sky.a(simple-udp.o)
                              udp_server.o (simple_udp_register)
build/sky/contiki-ng-sky.a(sicslowpan.o)
                              build/sky/obj/contiki-main.o (sicslowpan_driver)
build/sky/contiki-ng-sky.a(rpl.o)
                              udp_server.o (rpl_lite_driver)
build/sky/contiki-ng-sky.a(rpl-dag.o)
                              build/sky/contiki-ng-sky.a(rpl.o) (curr_instance)
build/sky/contiki-ng-sky.a(rpl-dag-root.o)
                              build/sky/contiki-ng-sky.a(rpl.o) (rpl_dag_root_set_prefix)
build/sky/contiki-ng-sky.a(contiki-sky-pla)
                              build/sky/contiki-ng-sky.a(platform.o) (init_platform)
build/sky/contiki-ng-sky.a(button-sensor.o)
                              build/sky/contiki-ng-sky.a(contiki-sky-pla) (button_sensor)
build/sky/contiki-ng-sky.a(ds2411.o)
                              build/sky/contiki-ng-sky.a(platform.o) (ds2411_init)
build/sky/contiki-ng-sky.a(xmem.o)
                              build/sky/contiki-ng-sky.a(platform.o) (xmem_init)
build/sky/contiki-ng-sky.a(sensors.o)
[...]
Memory Configuration

Name             Origin             Length             Attributes
sfr              0x00000000         0x00000010
peripheral_8bit  0x00000010         0x000000f0
peripheral_16bit 0x00000100         0x00000100
ram_mirror       0x00000200         0x00000800         xw
infomem          0x00001000         0x00000100
infob            0x00001000         0x00000080
infoa            0x00001080         0x00000080
ram              0x00001100         0x00002800         xw
rom              0x00004000         0x0000bfe0         xr
vectors          0x0000ffe0         0x00000020
bsl              0x00000000         0x00000000
infoc            0x00000000         0x00000000
infod            0x00000000         0x00000000
ram2             0x00000000         0x00000000         xw
usbram           0x00000000         0x00000000         xw
far_rom          0x00000000         0x00000000
*default*        0x00000000         0xffffffff

Linker script and memory map

LOAD /usr/local/bin/../lib/gcc/msp430/4.7.2/mmpy-16/crt0ivtbl16.o
                0x00002db4                _stack = _end
LOAD udp_server.o
LOAD build/sky/obj/contiki-main.o
LOAD build/sky/contiki-ng-sky.a
LOAD /usr/local/bin/../lib/gcc/msp430/4.7.2/../../../../msp430/lib/mmpy-16/libm.a
LOAD /usr/local/bin/../lib/gcc/msp430/4.7.2/mmpy-16/libgcc.a
LOAD /usr/local/bin/../lib/gcc/msp430/4.7.2/../../../../msp430/lib/mmpy-16/libc.a
LOAD /usr/local/bin/../lib/gcc/msp430/4.7.2/mmpy-16/libgcc.a
LOAD /usr/local/bin/../lib/gcc/msp430/4.7.2/mmpy-16/libcrt0.a
                0x00000080                PROVIDE (__info_segment_size, 0x80)
                0x00001000                PROVIDE (__infob, 0x1000)
                0x00001080                PROVIDE (__infoa, 0x1080)
                0x00000000                __IE1 = 0x0
                0x00000002                __IFG1 = 0x2
                0x00000004                __ME1 = 0x4
                0x00000001                __IE2 = 0x1
                0x00000003                __IFG2 = 0x3
                0x00000005                __ME2 = 0x5
                0x00000120                __WDTCTL = 0x120
                0x00000130                __MPY = 0x130
                0x00000132                __MPYS = 0x132
                0x00000134                __MAC = 0x134
                0x00000136                __MACS = 0x136
                0x00000138                __OP2 = 0x138
                0x0000013a                __RESLO = 0x13a
                0x0000013c                __RESHI = 0x13c
                0x0000013e                __SUMEXT = 0x13e
                0x00000020                __P1IN = 0x20
                0x00000021                __P1OUT = 0x21
                0x00000022                __P1DIR = 0x22
                0x00000023                __P1IFG = 0x23
                0x00000024                __P1IES = 0x24
                0x00000025                __P1IE = 0x25
                0x00000026                __P1SEL = 0x26
                0x00000028                __P2IN = 0x28
                0x00000029                __P2OUT = 0x29
                0x0000002a                __P2DIR = 0x2a
                0x0000002b                __P2IFG = 0x2b
                0x0000002c                __P2IES = 0x2c
                0x0000002d                __P2IE = 0x2d
                0x0000002e                __P2SEL = 0x2e
                0x00000018                __P3IN = 0x18
                0x00000019                __P3OUT = 0x19
                0x0000001a                __P3DIR = 0x1a
                0x0000001b                __P3SEL = 0x1b
                0x0000001c                __P4IN = 0x1c
                0x0000001d                __P4OUT = 0x1d
                0x0000001e                __P4DIR = 0x1e
                0x0000001f                __P4SEL = 0x1f
                0x00000030                __P5IN = 0x30
                0x00000031                __P5OUT = 0x31
                0x00000032                __P5DIR = 0x32
                0x00000033                __P5SEL = 0x33
                0x00000034                __P6IN = 0x34
                0x00000035                __P6OUT = 0x35
                0x00000036                __P6DIR = 0x36
                0x00000037                __P6SEL = 0x37
                0x00000070                __U0CTL = 0x70
                0x00000071                __U0TCTL = 0x71
                0x00000072                __U0RCTL = 0x72
                0x00000073                __U0MCTL = 0x73
                0x00000074                __U0BR0 = 0x74
                0x00000075                __U0BR1 = 0x75
                0x00000076                __U0RXBUF = 0x76
                0x00000077                __U0TXBUF = 0x77
                0x00000078                __U1CTL = 0x78
                0x00000079                __U1TCTL = 0x79
                0x0000007a                __U1RCTL = 0x7a
                0x0000007b                __U1MCTL = 0x7b
                0x0000007c                __U1BR0 = 0x7c
                0x0000007d                __U1BR1 = 0x7d
                0x0000007e                __U1RXBUF = 0x7e
                0x0000007f                __U1TXBUF = 0x7f
                0x00000050                __I2CIE = 0x50
                0x00000051                __I2CIFG = 0x51
                0x00000052                __I2CNDAT = 0x52
                0x00000071                __I2CTCTL = 0x71
                0x00000072                __I2CDCTL = 0x72
                0x00000073                __I2CPSC = 0x73
                0x00000074                __I2CSCLH = 0x74
                0x00000075                __I2CSCLL = 0x75
                0x00000076                __I2CDRB = 0x76
                0x00000076                __I2CDRW = 0x76
                0x00000118                __I2COA = 0x118
                0x0000011a                __I2CSA = 0x11a
                0x0000011c                __I2CIV = 0x11c
                0x0000012e                __TAIV = 0x12e
                0x00000160                __TACTL = 0x160
                0x00000162                __TACCTL0 = 0x162
                0x00000164                __TACCTL1 = 0x164
                0x00000166                __TACCTL2 = 0x166
                0x00000170                __TAR = 0x170
                0x00000172                __TACCR0 = 0x172
                0x00000174                __TACCR1 = 0x174
                0x00000176                __TACCR2 = 0x176
                0x0000011e                __TBIV = 0x11e
                0x00000180                __TBCTL = 0x180
                0x00000182                __TBCCTL0 = 0x182
                0x00000184                __TBCCTL1 = 0x184
                0x00000186                __TBCCTL2 = 0x186
                0x00000188                __TBCCTL3 = 0x188
                0x0000018a                __TBCCTL4 = 0x18a
                0x0000018c                __TBCCTL5 = 0x18c
                0x0000018e                __TBCCTL6 = 0x18e
                0x00000190                __TBR = 0x190
                0x00000192                __TBCCR0 = 0x192
                0x00000194                __TBCCR1 = 0x194
                0x00000196                __TBCCR2 = 0x196
                0x00000198                __TBCCR3 = 0x198
                0x0000019a                __TBCCR4 = 0x19a
                0x0000019c                __TBCCR5 = 0x19c
                0x0000019e                __TBCCR6 = 0x19e
                0x00000056                __DCOCTL = 0x56
                0x00000057                __BCSCTL1 = 0x57
                0x00000058                __BCSCTL2 = 0x58
                0x00000055                __SVSCTL = 0x55
                0x00000128                __FCTL1 = 0x128
                0x0000012a                __FCTL2 = 0x12a
                0x0000012c                __FCTL3 = 0x12c
                0x00000059                __CACTL1 = 0x59
                0x0000005a                __CACTL2 = 0x5a
                0x0000005b                __CAPD = 0x5b
                0x000001a0                __ADC12CTL0 = 0x1a0
                0x000001a2                __ADC12CTL1 = 0x1a2
                0x000001a4                __ADC12IFG = 0x1a4
                0x000001a6                __ADC12IE = 0x1a6
                0x000001a8                __ADC12IV = 0x1a8
                0x00000140                __ADC12MEM0 = 0x140
                0x00000142                __ADC12MEM1 = 0x142
                0x00000144                __ADC12MEM2 = 0x144
                0x00000146                __ADC12MEM3 = 0x146
                0x00000148                __ADC12MEM4 = 0x148
                0x0000014a                __ADC12MEM5 = 0x14a
                0x0000014c                __ADC12MEM6 = 0x14c
                0x0000014e                __ADC12MEM7 = 0x14e
                0x00000150                __ADC12MEM8 = 0x150
                0x00000152                __ADC12MEM9 = 0x152
                0x00000154                __ADC12MEM10 = 0x154
                0x00000156                __ADC12MEM11 = 0x156
                0x00000158                __ADC12MEM12 = 0x158
                0x0000015a                __ADC12MEM13 = 0x15a
                0x0000015c                __ADC12MEM14 = 0x15c
                0x0000015e                __ADC12MEM15 = 0x15e
                0x00000080                __ADC12MCTL0 = 0x80
                0x00000081                __ADC12MCTL1 = 0x81
                0x00000082                __ADC12MCTL2 = 0x82
                0x00000083                __ADC12MCTL3 = 0x83
                0x00000084                __ADC12MCTL4 = 0x84
                0x00000085                __ADC12MCTL5 = 0x85
                0x00000086                __ADC12MCTL6 = 0x86
                0x00000087                __ADC12MCTL7 = 0x87
                0x00000088                __ADC12MCTL8 = 0x88
                0x00000089                __ADC12MCTL9 = 0x89
                0x0000008a                __ADC12MCTL10 = 0x8a
                0x0000008b                __ADC12MCTL11 = 0x8b
                0x0000008c                __ADC12MCTL12 = 0x8c
                0x0000008d                __ADC12MCTL13 = 0x8d
                0x0000008e                __ADC12MCTL14 = 0x8e
                0x0000008f                __ADC12MCTL15 = 0x8f
                0x000001c0                __DAC12_0CTL = 0x1c0
                0x000001c2                __DAC12_1CTL = 0x1c2
                0x000001c8                __DAC12_0DAT = 0x1c8
                0x000001ca                __DAC12_1DAT = 0x1ca
                0x00000122                __DMACTL0 = 0x122
                0x00000124                __DMACTL1 = 0x124
                0x000001e0                __DMA0CTL = 0x1e0
                0x000001e8                __DMA1CTL = 0x1e8
                0x000001f0                __DMA2CTL = 0x1f0
                0x000001e2                __DMA0SA = 0x1e2
                0x000001e4                __DMA0DA = 0x1e4
                0x000001e6                __DMA0SZ = 0x1e6
                0x000001ea                __DMA1SA = 0x1ea
                0x000001ec                __DMA1DA = 0x1ec
                0x000001ee                __DMA1SZ = 0x1ee
                0x000001f2                __DMA2SA = 0x1f2
                0x000001f4                __DMA2DA = 0x1f4
                0x000001f6                __DMA2SZ = 0x1f6

.hash
 *(.hash)

.dynsym
 *(.dynsym)

.dynstr
 *(.dynstr)

.gnu.version
 *(.gnu.version)

.gnu.version_d
 *(.gnu.version_d)

.gnu.version_r
 *(.gnu.version_r)

.rel.init
 *(.rel.init)

.rela.init
 *(.rela.init)

.rel.fini
 *(.rel.fini)

.rela.fini
 *(.rela.fini)

.rel.text
 *(.rel.text .rel.text.* .rel.gnu.linkonce.t.*)

.rela.text
 *(.rela.text .rela.text.* .rela.gnu.linkonce.t.*)

.rel.rodata
 *(.rel.rodata .rel.rodata.* .rel.gnu.linkonce.r.*)

.rela.rodata
 *(.rela.rodata .rela.rodata.* .rela.gnu.linkonce.r.*)

.rel.data
 *(.rel.data .rel.data.* .rel.gnu.linkonce.d.*)

.rela.data
 *(.rela.data .rela.data.* .rela.gnu.linkonce.d.*)

.rel.bss
 *(.rel.bss .rel.bss.* .rel.gnu.linkonce.b.*)

.rela.bss
 *(.rela.bss .rela.bss.* .rela.gnu.linkonce.b.*)

.rel.ctors
 *(.rel.ctors)

.rela.ctors
 *(.rela.ctors)

.rel.dtors
 *(.rel.dtors)

.rela.dtors
 *(.rela.dtors)

.rel.got
 *(.rel.got)

.rela.got
 *(.rela.got)

.rel.plt
 *(.rel.plt)

.rela.plt
 *(.rela.plt)

.text           0x00004000     0xa402
                0x00004000                . = ALIGN (0x2)
 *(.init .init.*)
 *(.init0)
 .init0         0x00004000        0x0 /usr/local/bin/../lib/gcc/msp430/4.7.2/mmpy-16/libcrt0.a(_reset_vector__.o)
                0x00004000                _reset_vector__
 *(.init1)
 .init1         0x00004000        0xc /usr/local/bin/../lib/gcc/msp430/4.7.2/mmpy-16/libcrt0.a(__watchdog_support.o)
                0x00004000                __watchdog_support
 *(.init2)
 .init2         0x0000400c        0x4 /usr/local/bin/../lib/gcc/msp430/4.7.2/mmpy-16/libcrt0.a(__init_stack.o)
                0x0000400c                __init_stack
 *(.init3)
 .init3         0x00004010        0x0 /usr/local/bin/../lib/gcc/msp430/4.7.2/mmpy-16/libcrt0.a(__low_level_init.o)
                0x00004010                __low_level_init
 *(.init4)
 .init4         0x00004010       0x18 /usr/local/bin/../lib/gcc/msp430/4.7.2/mmpy-16/libcrt0.a(_copy_data.o)
                0x00004010                __do_copy_data
 .init4         0x00004028       0x16 /usr/local/bin/../lib/gcc/msp430/4.7.2/mmpy-16/libcrt0.a(_clear_bss.o)
                0x00004028                __do_clear_bss
 *(.init5)
 *(.init6)
 *(.init7)
 *(.init8)
 *(.init9)
 .init9         0x0000403e      0x232 build/sky/obj/contiki-main.o
                0x0000403e                main
 *(.fini9)
 .fini9         0x00004270        0x0 /usr/local/bin/../lib/gcc/msp430/4.7.2/mmpy-16/libcrt0.a(__stop_progExec__.o)
                0x00004270                __stop_progExec__
 *(.fini8)
 *(.fini7)
 *(.fini6)
 *(.fini5)
 *(.fini4)
 *(.fini3)
 *(.fini2)
 *(.fini1)
 *(.fini0)
 .fini0         0x00004270        0x6 /usr/local/bin/../lib/gcc/msp430/4.7.2/mmpy-16/libcrt0.a(_endless_loop__.o)
                0x00004270                _endless_loop__
 *(.fini .fini.*)
                0x00004276                . = ALIGN (0x2)
                0x00004276                __ctors_start = .
 *(.ctors)
                0x00004276                __ctors_end = .
                0x00004276                __dtors_start = .
 *(.dtors)
                0x00004276                __dtors_end = .
                0x00004276                . = ALIGN (0x2)
 *(.text .text.* .gnu.linkonce.t.*)
 .text          0x00004276        0x4 /usr/local/bin/../lib/gcc/msp430/4.7.2/mmpy-16/crt0ivtbl16.o
                0x00004276                __isr_14
                0x00004276                __isr_11
                0x00004276                __isr_2
                0x00004276                __isr_7
                0x00004276                __isr_0
                0x00004276                __isr_8
                0x00004276                __isr_3
                0x00004276                __isr_12
                0x00004276                __isr_13
                0x00004276                __isr_9
 .text.process_thread_srvr_node_proc
                0x0000427a       0x32 udp_server.o
 .text.rx_cback
                0x000042ac       0x3e udp_server.o
 .text.putchar  0x000042ea       0x10 build/sky/contiki-ng-sky.a(uart1-putchar.o)
                0x000042ea                putchar
 .text.platform_init_stage_one
                0x000042fa       0x12 build/sky/contiki-ng-sky.a(platform.o)
                0x000042fa                platform_init_stage_one
 .text.platform_init_stage_two
                0x0000430c       0x64 build/sky/contiki-ng-sky.a(platform.o)
                0x0000430c                platform_init_stage_two
 .text.platform_init_stage_three
                0x00004370       0x7a build/sky/contiki-ng-sky.a(platform.o)
                0x00004370                platform_init_stage_three
 .text.platform_idle
                0x000043ea       0x54 build/sky/contiki-ng-sky.a(platform.o)
                0x000043ea                platform_idle
 .text.msp430_init_dco
                0x0000443e       0x82 build/sky/contiki-ng-sky.a(msp430.o)
                0x0000443e                msp430_init_dco
 .text.msp430_add_lpm_req
                0x000044c0        0xc build/sky/contiki-ng-sky.a(msp430.o)
                0x000044c0                msp430_add_lpm_req
 .text.msp430_cpu_init
                0x000044cc       0x2a build/sky/contiki-ng-sky.a(msp430.o)
                0x000044cc                msp430_cpu_init
 .text.splhigh_
                0x000044f6        0x8 build/sky/contiki-ng-sky.a(msp430.o)
                0x000044f6                splhigh_
 .text.msp430_sync_dco
                0x000044fe       0x6c build/sky/contiki-ng-sky.a(msp430.o)
                0x000044fe                msp430_sync_dco
 .text.timera1  0x0000456a       0xdc build/sky/contiki-ng-sky.a(clock.o)
                0x0000456a                __isr_5
                0x0000456a                timera1
 .text.clock_time
                0x00004646       0x1a build/sky/contiki-ng-sky.a(clock.o)
                0x00004646                clock_time
 .text.clock_init
                0x00004660       0x28 build/sky/contiki-ng-sky.a(clock.o)
                0x00004660                clock_init
 .text.clock_delay
                0x00004688        0xc build/sky/contiki-ng-sky.a(clock.o)
                0x00004688                clock_delay
 .text.clock_seconds
                0x00004694       0x1a build/sky/contiki-ng-sky.a(clock.o)
                0x00004694                clock_seconds
 .text.leds_init
                0x000046ae        0x6 build/sky/contiki-ng-sky.a(leds.o)
                0x000046ae                leds_init
 .text.leds_on  0x000046b4       0x12 build/sky/contiki-ng-sky.a(leds.o)
                0x000046b4                leds_on
 .text.leds_off
                0x000046c6       0x12 build/sky/contiki-ng-sky.a(leds.o)
                0x000046c6                leds_off
 .text.leds_arch_init
                0x000046d8        0xe build/sky/contiki-ng-sky.a(leds-arch.o)
                0x000046d8                leds_arch_init
 .text.leds_arch_get
                0x000046e6       0x34 build/sky/contiki-ng-sky.a(leds-arch.o)
                0x000046e6                leds_arch_get
 .text.leds_arch_set
                0x0000471a       0x3e build/sky/contiki-ng-sky.a(leds-arch.o)
                0x0000471a                leds_arch_set
 .text.watchdog_interrupt
                0x00004758        0x6 build/sky/contiki-ng-sky.a(watchdog.o)
                0x00004758                __isr_10
                0x00004758                watchdog_interrupt
 .text.watchdog_start
                0x0000475e       0x14 build/sky/contiki-ng-sky.a(watchdog.o)
                0x0000475e                watchdog_start
 .text.watchdog_periodic
                0x00004772       0x12 build/sky/contiki-ng-sky.a(watchdog.o)
                0x00004772                watchdog_periodic
 .text.watchdog_stop
                0x00004784       0x16 build/sky/contiki-ng-sky.a(watchdog.o)
                0x00004784                watchdog_stop
 .text.watchdog_init
                0x0000479a       0x12 build/sky/contiki-ng-sky.a(watchdog.o)
                0x0000479a                watchdog_init
 .text.process_thread_ctimer_process
                0x000047ac       0xa8 build/sky/contiki-ng-sky.a(ctimer.o)
 .text.ctimer_init
                0x00004854       0x18 build/sky/contiki-ng-sky.a(ctimer.o)
                0x00004854                ctimer_init
 .text.ctimer_set_with_process
                0x0000486c       0x4e build/sky/contiki-ng-sky.a(ctimer.o)
                0x0000486c                ctimer_set_with_process
 .text.ctimer_set
                0x000048ba       0x10 build/sky/contiki-ng-sky.a(ctimer.o)
                0x000048ba                ctimer_set
 .text.ctimer_reset
                0x000048ca       0x30 build/sky/contiki-ng-sky.a(ctimer.o)
                0x000048ca                ctimer_reset
 .text.ctimer_stop
                0x000048fa       0x28 build/sky/contiki-ng-sky.a(ctimer.o)
                0x000048fa                ctimer_stop
 .text.ctimer_expired
                0x00004922       0x30 build/sky/contiki-ng-sky.a(ctimer.o)
                0x00004922                ctimer_expired
 .text.autostart_start
                0x00004952       0x16 build/sky/contiki-ng-sky.a(autostart.o)
                0x00004952                autostart_start
 .text.energest_init
                0x00004968        0x2 build/sky/contiki-ng-sky.a(energest.o)
                0x00004968                energest_init
 .text.energest_flush
                0x0000496a        0x2 build/sky/contiki-ng-sky.a(energest.o)
                0x0000496a                energest_flush
 .text.update_time
                0x0000496c       0x78 build/sky/contiki-ng-sky.a(etimer.o)
 .text.etimer_request_poll
                0x000049e4        0xa build/sky/contiki-ng-sky.a(etimer.o)
                0x000049e4                etimer_request_poll
 .text.process_thread_etimer_process
                0x000049ee       0xcc build/sky/contiki-ng-sky.a(etimer.o)
 .text.add_timer
                0x00004aba       0x40 build/sky/contiki-ng-sky.a(etimer.o)
 .text.etimer_set
                0x00004afa       0x12 build/sky/contiki-ng-sky.a(etimer.o)
                0x00004afa                etimer_set
 .text.etimer_reset
                0x00004b0c       0x12 build/sky/contiki-ng-sky.a(etimer.o)
                0x00004b0c                etimer_reset
 .text.etimer_expired
                0x00004b1e        0xe build/sky/contiki-ng-sky.a(etimer.o)
                0x00004b1e                etimer_expired
 .text.etimer_pending
                0x00004b2c        0xc build/sky/contiki-ng-sky.a(etimer.o)
                0x00004b2c                etimer_pending
 .text.etimer_next_expiration_time
                0x00004b38       0x16 build/sky/contiki-ng-sky.a(etimer.o)
                0x00004b38                etimer_next_expiration_time
 .text.etimer_stop
                0x00004b4e       0x3e build/sky/contiki-ng-sky.a(etimer.o)
                0x00004b4e                etimer_stop
 .text.log_6addr
                0x00004b8c       0x32 build/sky/contiki-ng-sky.a(log.o)
                0x00004b8c                log_6addr
 .text.log_lladdr
                0x00004bbe       0x44 build/sky/contiki-ng-sky.a(log.o)
                0x00004bbe                log_lladdr
 .text.call_process
                0x00004c02       0x46 build/sky/contiki-ng-sky.a(process.o)
 .text.exit_process
                0x00004c48       0x96 build/sky/contiki-ng-sky.a(process.o)
 .text.do_poll  0x00004cde       0x30 build/sky/contiki-ng-sky.a(process.o)
 .text.process_alloc_event
                0x00004d0e        0xe build/sky/contiki-ng-sky.a(process.o)
                0x00004d0e                process_alloc_event
 .text.process_init
                0x00004d1c       0x18 build/sky/contiki-ng-sky.a(process.o)
                0x00004d1c                process_init
 .text.process_run
                0x00004d34       0x92 build/sky/contiki-ng-sky.a(process.o)
                0x00004d34                process_run
 .text.process_nevents
                0x00004dc6        0xe build/sky/contiki-ng-sky.a(process.o)
                0x00004dc6                process_nevents
 .text.process_post
                0x00004dd4       0x42 build/sky/contiki-ng-sky.a(process.o)
                0x00004dd4                process_post
 .text.process_post_synch
                0x00004e16       0x12 build/sky/contiki-ng-sky.a(process.o)
                0x00004e16                process_post_synch
 .text.process_start
                0x00004e28       0x36 build/sky/contiki-ng-sky.a(process.o)
                0x00004e28                process_start
 .text.process_poll
                0x00004e5e       0x18 build/sky/contiki-ng-sky.a(process.o)
                0x00004e5e                process_poll
 .text.rtimer_init
                0x00004e76        0x6 build/sky/contiki-ng-sky.a(rtimer.o)
                0x00004e76                rtimer_init
 .text.rtimer_run_next
                0x00004e7c       0x26 build/sky/contiki-ng-sky.a(rtimer.o)
                0x00004e7c                rtimer_run_next
 .text.node_id_init
                0x00004ea2       0x14 build/sky/contiki-ng-sky.a(node-id.o)
                0x00004ea2                node_id_init
 .text.timer_set
                0x00004eb6       0x1c build/sky/contiki-ng-sky.a(timer.o)
                0x00004eb6                timer_set
 .text.timer_expired
                0x00004ed2       0x2a build/sky/contiki-ng-sky.a(timer.o)
                0x00004ed2                timer_expired
 .text.timer_reset
                0x00004efc       0x1c build/sky/contiki-ng-sky.a(timer.o)
                0x00004efc                timer_reset
 .text.stack_check_init
                0x00004f18       0x2e build/sky/contiki-ng-sky.a(stack-check.o)
                0x00004f18                stack_check_init
 .text.stack_check_get_usage
                0x00004f46       0x54 build/sky/contiki-ng-sky.a(stack-check.o)
                0x00004f46                stack_check_get_usage
 .text.process_thread_stack_check_process
                0x00004f9a       0xea build/sky/contiki-ng-sky.a(stack-check.o)
 .text.list_init
                0x00005084        0x6 build/sky/contiki-ng-sky.a(list.o)
                0x00005084                list_init
 .text.list_head
                0x0000508a        0x4 build/sky/contiki-ng-sky.a(list.o)
                0x0000508a                list_head
 .text.list_tail
                0x0000508e       0x12 build/sky/contiki-ng-sky.a(list.o)
                0x0000508e                list_tail
 .text.list_remove
                0x000050a0       0x34 build/sky/contiki-ng-sky.a(list.o)
                0x000050a0                list_remove
 .text.list_push
                0x000050d4       0x1a build/sky/contiki-ng-sky.a(list.o)
                0x000050d4                list_push
 .text.list_add
                0x000050ee       0x2a build/sky/contiki-ng-sky.a(list.o)
                0x000050ee                list_add
 .text.list_length
                0x00005118       0x10 build/sky/contiki-ng-sky.a(list.o)
                0x00005118                list_length
 .text.list_item_next
                0x00005128        0xc build/sky/contiki-ng-sky.a(list.o)
                0x00005128                list_item_next
 .text.random_init
                0x00005134        0x6 build/sky/contiki-ng-sky.a(random.o)
                0x00005134                random_init
 .text.random_rand
                0x0000513a        0x6 build/sky/contiki-ng-sky.a(random.o)
                0x0000513a                random_rand
 .text.queuebuf_init
                0x00005140       0x12 build/sky/contiki-ng-sky.a(queuebuf.o)
                0x00005140                queuebuf_init
 .text.queuebuf_numfree
                0x00005152        0xa build/sky/contiki-ng-sky.a(queuebuf.o)
                0x00005152                queuebuf_numfree
 .text.queuebuf_new_from_packetbuf
                0x0000515c       0x52 build/sky/contiki-ng-sky.a(queuebuf.o)
                0x0000515c                queuebuf_new_from_packetbuf
 .text.queuebuf_update_attr_from_packetbuf
                0x000051ae       0x12 build/sky/contiki-ng-sky.a(queuebuf.o)
                0x000051ae                queuebuf_update_attr_from_packetbuf
 .text.queuebuf_free
                0x000051c0       0x2a build/sky/contiki-ng-sky.a(queuebuf.o)
                0x000051c0                queuebuf_free
 .text.queuebuf_to_packetbuf
                0x000051ea       0x32 build/sky/contiki-ng-sky.a(queuebuf.o)
                0x000051ea                queuebuf_to_packetbuf
 .text.packetbuf_hdrreduce
                0x0000521c       0x1a build/sky/contiki-ng-sky.a(packetbuf.o)
                0x0000521c                packetbuf_hdrreduce
 .text.packetbuf_set_datalen
                0x00005236        0x6 build/sky/contiki-ng-sky.a(packetbuf.o)
                0x00005236                packetbuf_set_datalen
 .text.packetbuf_hdrptr
                0x0000523c        0x6 build/sky/contiki-ng-sky.a(packetbuf.o)
                0x0000523c                packetbuf_hdrptr
 .text.packetbuf_datalen
                0x00005242        0x6 build/sky/contiki-ng-sky.a(packetbuf.o)
                0x00005242                packetbuf_datalen
 .text.packetbuf_hdrlen
                0x00005248        0xa build/sky/contiki-ng-sky.a(packetbuf.o)
                0x00005248                packetbuf_hdrlen
 .text.packetbuf_dataptr
                0x00005252        0xc build/sky/contiki-ng-sky.a(packetbuf.o)
                0x00005252                packetbuf_dataptr
 .text.packetbuf_copyto
                0x0000525e       0x46 build/sky/contiki-ng-sky.a(packetbuf.o)
                0x0000525e                packetbuf_copyto
 .text.packetbuf_totlen
                0x000052a4        0xc build/sky/contiki-ng-sky.a(packetbuf.o)
                0x000052a4                packetbuf_totlen
 .text.packetbuf_hdralloc
                0x000052b0       0x3c build/sky/contiki-ng-sky.a(packetbuf.o)
                0x000052b0                packetbuf_hdralloc
 .text.packetbuf_attr_clear
                0x000052ec       0x28 build/sky/contiki-ng-sky.a(packetbuf.o)
                0x000052ec                packetbuf_attr_clear
 .text.packetbuf_clear
                0x00005314       0x12 build/sky/contiki-ng-sky.a(packetbuf.o)
                0x00005314                packetbuf_clear
 .text.packetbuf_copyfrom
                0x00005326       0x2e build/sky/contiki-ng-sky.a(packetbuf.o)
                0x00005326                packetbuf_copyfrom
 .text.packetbuf_attr_copyto
                0x00005354       0x22 build/sky/contiki-ng-sky.a(packetbuf.o)
                0x00005354                packetbuf_attr_copyto
 .text.packetbuf_attr_copyfrom
                0x00005376       0x24 build/sky/contiki-ng-sky.a(packetbuf.o)
                0x00005376                packetbuf_attr_copyfrom
 .text.packetbuf_set_attr
                0x0000539a        0xc build/sky/contiki-ng-sky.a(packetbuf.o)
                0x0000539a                packetbuf_set_attr
 .text.packetbuf_attr
                0x000053a6        0xa build/sky/contiki-ng-sky.a(packetbuf.o)
                0x000053a6                packetbuf_attr
 .text.packetbuf_set_addr
                0x000053b0       0x18 build/sky/contiki-ng-sky.a(packetbuf.o)
                0x000053b0                packetbuf_set_addr
 .text.packetbuf_addr
                0x000053c8       0x12 build/sky/contiki-ng-sky.a(packetbuf.o)
                0x000053c8                packetbuf_addr
 .text.packetbuf_holds_broadcast
                0x000053da        0xe build/sky/contiki-ng-sky.a(packetbuf.o)
                0x000053da                packetbuf_holds_broadcast
 .text.netstack_process_ip_callback
                0x000053e8       0x4e build/sky/contiki-ng-sky.a(netstack.o)
                0x000053e8                netstack_process_ip_callback
 .text.netstack_init
                0x00005436        0xe build/sky/contiki-ng-sky.a(netstack.o)
                0x00005436                netstack_init
 .text.linkaddr_copy
                0x00005444        0x8 build/sky/contiki-ng-sky.a(linkaddr.o)
                0x00005444                linkaddr_copy
 .text.linkaddr_cmp
                0x0000544c       0x12 build/sky/contiki-ng-sky.a(linkaddr.o)
                0x0000544c                linkaddr_cmp
 .text.linkaddr_set_node_addr
                0x0000545e        0xc build/sky/contiki-ng-sky.a(linkaddr.o)
                0x0000545e                linkaddr_set_node_addr
 .text.on       0x0000546a        0x6 build/sky/contiki-ng-sky.a(csma.o)
 .text.off      0x00005470        0x6 build/sky/contiki-ng-sky.a(csma.o)
 .text.max_payload
                0x00005476       0x38 build/sky/contiki-ng-sky.a(csma.o)
 .text.send_packet
                0x000054ae        0x6 build/sky/contiki-ng-sky.a(csma.o)
 .text.init     0x000054b4       0x1c build/sky/contiki-ng-sky.a(csma.o)
 .text.input_packet
                0x000054d0       0x58 build/sky/contiki-ng-sky.a(csma.o)
 .text.schedule_transmission
                0x00005528       0x70 build/sky/contiki-ng-sky.a(csma-output.o)
 .text.tx_done  0x00005598       0x9a build/sky/contiki-ng-sky.a(csma-output.o)
 .text.transmit_from_queue
                0x00005632      0x1bc build/sky/contiki-ng-sky.a(csma-output.o)
 .text.csma_output_packet
                0x000057ee      0x184 build/sky/contiki-ng-sky.a(csma-output.o)
                0x000057ee                csma_output_packet
 .text.csma_output_init
                0x00005972       0x1a build/sky/contiki-ng-sky.a(csma-output.o)
                0x00005972                csma_output_init
 .text.uip_ds6_default_prefix
                0x0000598c        0x6 build/sky/contiki-ng-sky.a(uip-ds6.o)
                0x0000598c                uip_ds6_default_prefix
 .text.uip_ds6_list_loop
                0x00005992       0x92 build/sky/contiki-ng-sky.a(uip-ds6.o)
                0x00005992                uip_ds6_list_loop
 .text.uip_ds6_prefix_add
                0x00005a24       0x80 build/sky/contiki-ng-sky.a(uip-ds6.o)
                0x00005a24                uip_ds6_prefix_add
 .text.uip_ds6_is_addr_onlink
                0x00005aa4       0x54 build/sky/contiki-ng-sky.a(uip-ds6.o)
                0x00005aa4                uip_ds6_is_addr_onlink
 .text.uip_ds6_addr_lookup
                0x00005af8       0x2a build/sky/contiki-ng-sky.a(uip-ds6.o)
                0x00005af8                uip_ds6_addr_lookup
 .text.uip_ds6_get_link_local
                0x00005b22       0x3e build/sky/contiki-ng-sky.a(uip-ds6.o)
                0x00005b22                uip_ds6_get_link_local
 .text.uip_ds6_maddr_add
                0x00005b60       0x4c build/sky/contiki-ng-sky.a(uip-ds6.o)
                0x00005b60                uip_ds6_maddr_add
 .text.uip_ds6_addr_add
                0x00005bac       0xc4 build/sky/contiki-ng-sky.a(uip-ds6.o)
                0x00005bac                uip_ds6_addr_add
 .text.uip_ds6_maddr_rm
                0x00005c70        0xa build/sky/contiki-ng-sky.a(uip-ds6.o)
                0x00005c70                uip_ds6_maddr_rm
 .text.uip_ds6_maddr_lookup
                0x00005c7a       0x2a build/sky/contiki-ng-sky.a(uip-ds6.o)
                0x00005c7a                uip_ds6_maddr_lookup
 .text.uip_ds6_addr_rm
                0x00005ca4       0x54 build/sky/contiki-ng-sky.a(uip-ds6.o)
                0x00005ca4                uip_ds6_addr_rm
 .text.uip_ds6_periodic
                0x00005cf8       0x46 build/sky/contiki-ng-sky.a(uip-ds6.o)
                0x00005cf8                uip_ds6_periodic
 .text.uip_ds6_set_addr_iid
                0x00005d3e       0x14 build/sky/contiki-ng-sky.a(uip-ds6.o)
                0x00005d3e                uip_ds6_set_addr_iid
 .text.uip_ds6_set_lladdr_from_iid
                0x00005d52       0x14 build/sky/contiki-ng-sky.a(uip-ds6.o)
                0x00005d52                uip_ds6_set_lladdr_from_iid
 .text.get_match_length
                0x00005d66       0x44 build/sky/contiki-ng-sky.a(uip-ds6.o)
                0x00005d66                get_match_length
 .text.uip_ds6_select_src
                0x00005daa       0xaa build/sky/contiki-ng-sky.a(uip-ds6.o)
                0x00005daa                uip_ds6_select_src
 .text.uip_ds6_compute_reachable_time
                0x00005e54       0x3e build/sky/contiki-ng-sky.a(uip-ds6.o)
                0x00005e54                uip_ds6_compute_reachable_time
 .text.uip_ds6_init
                0x00005e92      0x164 build/sky/contiki-ng-sky.a(uip-ds6.o)
                0x00005e92                uip_ds6_init
 .text.uiplib_ipaddr_snprint
                0x00005ff6      0x12c build/sky/contiki-ng-sky.a(uiplib.o)
                0x00005ff6                uiplib_ipaddr_snprint
 .text.uip_ds6_route_init
                0x00006122       0x12 build/sky/contiki-ng-sky.a(uip-ds6-route.o)
                0x00006122                uip_ds6_route_init
 .text.uip_ds6_route_nexthop
                0x00006134        0x4 build/sky/contiki-ng-sky.a(uip-ds6-route.o)
                0x00006134                uip_ds6_route_nexthop
 .text.uip_ds6_route_lookup
                0x00006138        0x4 build/sky/contiki-ng-sky.a(uip-ds6-route.o)
                0x00006138                uip_ds6_route_lookup
 .text.uip_ds6_route_rm
                0x0000613c        0x2 build/sky/contiki-ng-sky.a(uip-ds6-route.o)
                0x0000613c                uip_ds6_route_rm
 .text.uip_ds6_defrt_rm
                0x0000613e       0x3c build/sky/contiki-ng-sky.a(uip-ds6-route.o)
                0x0000613e                uip_ds6_defrt_rm
 .text.uip_ds6_defrt_lookup
                0x0000617a       0x40 build/sky/contiki-ng-sky.a(uip-ds6-route.o)
                0x0000617a                uip_ds6_defrt_lookup
 .text.uip_ds6_defrt_add
                0x000061ba       0x72 build/sky/contiki-ng-sky.a(uip-ds6-route.o)
                0x000061ba                uip_ds6_defrt_add
 .text.uip_ds6_defrt_choose
                0x0000622c       0x3a build/sky/contiki-ng-sky.a(uip-ds6-route.o)
                0x0000622c                uip_ds6_defrt_choose
 .text.uip_ds6_defrt_periodic
                0x00006266       0x38 build/sky/contiki-ng-sky.a(uip-ds6-route.o)
                0x00006266                uip_ds6_defrt_periodic
 .text.uip_ds6_nbr_rm
                0x0000629e       0x1e build/sky/contiki-ng-sky.a(uip-ds6-nbr.o)
                0x0000629e                uip_ds6_nbr_rm
 .text.uip_ds6_neighbors_init
                0x000062bc       0x12 build/sky/contiki-ng-sky.a(uip-ds6-nbr.o)
                0x000062bc                uip_ds6_neighbors_init
 .text.uip_ds6_nbr_add
                0x000062ce       0x3e build/sky/contiki-ng-sky.a(uip-ds6-nbr.o)
                0x000062ce                uip_ds6_nbr_add
 .text.uip_ds6_nbr_get_ll
                0x0000630c        0xc build/sky/contiki-ng-sky.a(uip-ds6-nbr.o)
                0x0000630c                uip_ds6_nbr_get_ll
 .text.uip_ds6_nbr_head
                0x00006318        0xa build/sky/contiki-ng-sky.a(uip-ds6-nbr.o)
                0x00006318                uip_ds6_nbr_head
 .text.uip_ds6_nbr_next
                0x00006322        0xc build/sky/contiki-ng-sky.a(uip-ds6-nbr.o)
                0x00006322                uip_ds6_nbr_next
 .text.uip_ds6_nbr_lookup
                0x0000632e       0x3a build/sky/contiki-ng-sky.a(uip-ds6-nbr.o)
                0x0000632e                uip_ds6_nbr_lookup
 .text.uip_ds6_nbr_ll_lookup
                0x00006368        0xc build/sky/contiki-ng-sky.a(uip-ds6-nbr.o)
                0x00006368                uip_ds6_nbr_ll_lookup
 .text.uip_ds6_nbr_update_ll
                0x00006374       0x76 build/sky/contiki-ng-sky.a(uip-ds6-nbr.o)
                0x00006374                uip_ds6_nbr_update_ll
 .text.uip_ds6_nbr_ipaddr_from_lladdr
                0x000063ea        0x6 build/sky/contiki-ng-sky.a(uip-ds6-nbr.o)
                0x000063ea                uip_ds6_nbr_ipaddr_from_lladdr
 .text.uip_ds6_nbr_lladdr_from_ipaddr
                0x000063f0       0x12 build/sky/contiki-ng-sky.a(uip-ds6-nbr.o)
                0x000063f0                uip_ds6_nbr_lladdr_from_ipaddr
 .text.uip_ds6_link_callback
                0x00006402        0x2 build/sky/contiki-ng-sky.a(uip-ds6-nbr.o)
                0x00006402                uip_ds6_link_callback
 .text.tcpip_output
                0x00006404       0x22 build/sky/contiki-ng-sky.a(tcpip.o)
                0x00006404                tcpip_output
 .text.udp_new  0x00006426       0x1a build/sky/contiki-ng-sky.a(tcpip.o)
                0x00006426                udp_new
 .text.tcpip_input
                0x00006440       0x1e build/sky/contiki-ng-sky.a(tcpip.o)
                0x00006440                tcpip_input
 .text.tcpip_ipv6_output
                0x0000645e      0x114 build/sky/contiki-ng-sky.a(tcpip.o)
                0x0000645e                tcpip_ipv6_output
 .text.packet_input.part.3
                0x00006572       0x12 build/sky/contiki-ng-sky.a(tcpip.o)
 .text.process_thread_tcpip_process
                0x00006584       0xcc build/sky/contiki-ng-sky.a(tcpip.o)
 .text.tcpip_uipcall
                0x00006650       0x2a build/sky/contiki-ng-sky.a(tcpip.o)
                0x00006650                tcpip_uipcall
 .text.chksum   0x0000667a       0x32 build/sky/contiki-ng-sky.a(uip6.o)
 .text.upper_layer_chksum
                0x000066ac       0x58 build/sky/contiki-ng-sky.a(uip6.o)
 .text.ext_hdr_options_process
                0x00006704       0xa4 build/sky/contiki-ng-sky.a(uip6.o)
 .text.uip_check_mtu
                0x000067a8       0x1e build/sky/contiki-ng-sky.a(uip6.o)
 .text.uip_update_ttl
                0x000067c6       0x24 build/sky/contiki-ng-sky.a(uip6.o)
 .text.uip_icmp6chksum
                0x000067ea        0xa build/sky/contiki-ng-sky.a(uip6.o)
                0x000067ea                uip_icmp6chksum
 .text.uip_udpchksum
                0x000067f4        0xa build/sky/contiki-ng-sky.a(uip6.o)
                0x000067f4                uip_udpchksum
 .text.uip_init
                0x000067fe       0x3c build/sky/contiki-ng-sky.a(uip6.o)
                0x000067fe                uip_init
 .text.uip_remove_ext_hdr
                0x0000683a       0x5e build/sky/contiki-ng-sky.a(uip6.o)
                0x0000683a                uip_remove_ext_hdr
 .text.uip_udp_new
                0x00006898       0xac build/sky/contiki-ng-sky.a(uip6.o)
                0x00006898                uip_udp_new
 .text.uip_process
                0x00006944      0x4be build/sky/contiki-ng-sky.a(uip6.o)
                0x00006944                uip_process
 .text.uip_htonl
                0x00006e02       0x2e build/sky/contiki-ng-sky.a(uip6.o)
                0x00006e02                uip_htonl
 .text.ns_input
                0x00006e30      0x284 build/sky/contiki-ng-sky.a(uip-nd6.o)
 .text.uip_nd6_init
                0x000070b4        0xa build/sky/contiki-ng-sky.a(uip-nd6.o)
                0x000070b4                uip_nd6_init
 .text.process_thread_simple_udp_process
                0x000070be       0xb8 build/sky/contiki-ng-sky.a(simple-udp.o)
 .text.simple_udp_register
                0x00007176       0x96 build/sky/contiki-ng-sky.a(simple-udp.o)
                0x00007176                simple_udp_register
 .text.clear_fragments
                0x0000720c       0x40 build/sky/contiki-ng-sky.a(sicslowpan.o)
 .text.addr_context_lookup_by_number
                0x0000724c       0x16 build/sky/contiki-ng-sky.a(sicslowpan.o)
 .text.sicslowpan_init
                0x00007262       0x18 build/sky/contiki-ng-sky.a(sicslowpan.o)
                0x00007262                sicslowpan_init
 .text.set_packet_attrs
                0x0000727a       0x66 build/sky/contiki-ng-sky.a(sicslowpan.o)
 .text.compress_addr_64
                0x000072e0       0xae build/sky/contiki-ng-sky.a(sicslowpan.o)
 .text.addr_context_lookup_by_prefix
                0x0000738e       0x20 build/sky/contiki-ng-sky.a(sicslowpan.o)
 .text.send_packet
                0x000073ae       0x1a build/sky/contiki-ng-sky.a(sicslowpan.o)
 .text.fragment_copy_payload_and_send
                0x000073c8       0x66 build/sky/contiki-ng-sky.a(sicslowpan.o)
 .text.output   0x0000742e      0x7c6 build/sky/contiki-ng-sky.a(sicslowpan.o)
 .text.packet_sent
                0x00007bf4       0x56 build/sky/contiki-ng-sky.a(sicslowpan.o)
 .text.store_fragment
                0x00007c4a       0xb8 build/sky/contiki-ng-sky.a(sicslowpan.o)
 .text.add_fragment
                0x00007d02      0x1fc build/sky/contiki-ng-sky.a(sicslowpan.o)
 .text.uncompress_addr
                0x00007efe       0xb4 build/sky/contiki-ng-sky.a(sicslowpan.o)
 .text.input    0x00007fb2      0xa00 build/sky/contiki-ng-sky.a(sicslowpan.o)
 .text.rpl_has_joined
                0x000089b2       0x12 build/sky/contiki-ng-sky.a(rpl.o)
                0x000089b2                rpl_has_joined
 .text.rpl_is_reachable
                0x000089c4       0x12 build/sky/contiki-ng-sky.a(rpl.o)
                0x000089c4                rpl_is_reachable
 .text.neighbor_state_changed
                0x000089d6        0x2 build/sky/contiki-ng-sky.a(rpl.o)
 .text.drop_route
                0x000089d8        0x2 build/sky/contiki-ng-sky.a(rpl.o)
 .text.rpl_get_leaf_only
                0x000089da        0x6 build/sky/contiki-ng-sky.a(rpl.o)
                0x000089da                rpl_get_leaf_only
 .text.get_sr_node_ipaddr
                0x000089e0       0x34 build/sky/contiki-ng-sky.a(rpl.o)
 .text.init     0x00008a14       0x42 build/sky/contiki-ng-sky.a(rpl.o)
 .text.set_ip_from_prefix
                0x00008a56       0x38 build/sky/contiki-ng-sky.a(rpl.o)
 .text.rpl_link_callback
                0x00008a8e       0x1e build/sky/contiki-ng-sky.a(rpl.o)
                0x00008a8e                rpl_link_callback
 .text.rpl_lollipop_greater_than
                0x00008aac       0x3c build/sky/contiki-ng-sky.a(rpl.o)
                0x00008aac                rpl_lollipop_greater_than
 .text.rpl_get_global_address
                0x00008ae8       0xbe build/sky/contiki-ng-sky.a(rpl.o)
                0x00008ae8                rpl_get_global_address
 .text.rpl_reset_prefix
                0x00008ba6       0x24 build/sky/contiki-ng-sky.a(rpl.o)
                0x00008ba6                rpl_reset_prefix
 .text.rpl_set_prefix_from_addr
                0x00008bca       0x92 build/sky/contiki-ng-sky.a(rpl.o)
                0x00008bca                rpl_set_prefix_from_addr
 .text.init_dag
                0x00008c5c       0x84 build/sky/contiki-ng-sky.a(rpl-dag.o)
 .text.process_dio_init_dag
                0x00008ce0       0xb0 build/sky/contiki-ng-sky.a(rpl-dag.o)
 .text.rpl_dag_get_root_ipaddr
                0x00008d90       0x1e build/sky/contiki-ng-sky.a(rpl-dag.o)
                0x00008d90                rpl_dag_get_root_ipaddr
 .text.rpl_dag_leave
                0x00008dae       0x4a build/sky/contiki-ng-sky.a(rpl-dag.o)
                0x00008dae                rpl_dag_leave
 .text.rpl_dag_poison_and_leave
                0x00008df8        0xc build/sky/contiki-ng-sky.a(rpl-dag.o)
                0x00008df8                rpl_dag_poison_and_leave
 .text.rpl_dag_periodic
                0x00008e04       0x6a build/sky/contiki-ng-sky.a(rpl-dag.o)
                0x00008e04                rpl_dag_periodic
 .text.rpl_is_addr_in_our_dag
                0x00008e6e       0x34 build/sky/contiki-ng-sky.a(rpl-dag.o)
                0x00008e6e                rpl_is_addr_in_our_dag
 .text.rpl_local_repair
                0x00008ea2       0x2a build/sky/contiki-ng-sky.a(rpl-dag.o)
                0x00008ea2                rpl_local_repair
 .text.rpl_global_repair
                0x00008ecc       0x2e build/sky/contiki-ng-sky.a(rpl-dag.o)
                0x00008ecc                rpl_global_repair
 .text.rpl_dag_ready_to_advertise
                0x00008efa       0x22 build/sky/contiki-ng-sky.a(rpl-dag.o)
                0x00008efa                rpl_dag_ready_to_advertise
 .text.rpl_dag_update_state
                0x00008f1c      0x140 build/sky/contiki-ng-sky.a(rpl-dag.o)
                0x00008f1c                rpl_dag_update_state
 .text.rpl_process_dio
                0x0000905c      0x1b6 build/sky/contiki-ng-sky.a(rpl-dag.o)
                0x0000905c                rpl_process_dio
 .text.rpl_process_dis
                0x00009212       0x2a build/sky/contiki-ng-sky.a(rpl-dag.o)
                0x00009212                rpl_process_dis
 .text.rpl_process_dao
                0x0000923c       0x6c build/sky/contiki-ng-sky.a(rpl-dag.o)
                0x0000923c                rpl_process_dao
 .text.rpl_process_dao_ack
                0x000092a8       0x54 build/sky/contiki-ng-sky.a(rpl-dag.o)
                0x000092a8                rpl_process_dao_ack
 .text.rpl_process_hbh
                0x000092fc       0x2e build/sky/contiki-ng-sky.a(rpl-dag.o)
                0x000092fc                rpl_process_hbh
 .text.rpl_dag_init_root
                0x0000932a       0xbc build/sky/contiki-ng-sky.a(rpl-dag.o)
                0x0000932a                rpl_dag_init_root
 .text.rpl_dag_init
                0x000093e6       0x10 build/sky/contiki-ng-sky.a(rpl-dag.o)
                0x000093e6                rpl_dag_init
 .text.rpl_dag_root_set_prefix
                0x000093f6       0x62 build/sky/contiki-ng-sky.a(rpl-dag-root.o)
                0x000093f6                rpl_dag_root_set_prefix
 .text.rpl_dag_root_start
                0x00009458       0x8e build/sky/contiki-ng-sky.a(rpl-dag-root.o)
                0x00009458                rpl_dag_root_start
 .text.rpl_dag_root_is_root
                0x000094e6       0x14 build/sky/contiki-ng-sky.a(rpl-dag-root.o)
                0x000094e6                rpl_dag_root_is_root
 .text.init_platform
                0x000094fa        0xc build/sky/contiki-ng-sky.a(contiki-sky-pla)
                0x000094fa                init_platform
 .text.status   0x00009506       0x18 build/sky/contiki-ng-sky.a(button-sensor.o)
 .text.value    0x0000951e       0x20 build/sky/contiki-ng-sky.a(button-sensor.o)
 .text.configure
                0x0000953e       0x4c build/sky/contiki-ng-sky.a(button-sensor.o)
 .text.irq_p2   0x0000958a       0x46 build/sky/contiki-ng-sky.a(button-sensor.o)
                0x0000958a                irq_p2
                0x0000958a                __isr_1
 .text.owreadb  0x000095d0       0x50 build/sky/contiki-ng-sky.a(ds2411.o)
 .text.ds2411_init
                0x00009620      0x120 build/sky/contiki-ng-sky.a(ds2411.o)
                0x00009620                ds2411_init
 .text.xmem_init
                0x00009740       0x3c build/sky/contiki-ng-sky.a(xmem.o)
                0x00009740                xmem_init
 .text.process_thread_sensors_process
                0x0000977c       0xc2 build/sky/contiki-ng-sky.a(sensors.o)
 .text.sensors_changed
                0x0000983e       0x2a build/sky/contiki-ng-sky.a(sensors.o)
                0x0000983e                sensors_changed
 .text.get_object
                0x00009868        0x4 build/sky/contiki-ng-sky.a(cc2420.o)
 .text.set_object
                0x0000986c        0x4 build/sky/contiki-ng-sky.a(cc2420.o)
 .text.strobe   0x00009870       0x1c build/sky/contiki-ng-sky.a(cc2420.o)
 .text.getreg   0x0000988c       0x4c build/sky/contiki-ng-sky.a(cc2420.o)
 .text.setreg   0x000098d8       0x4c build/sky/contiki-ng-sky.a(cc2420.o)
 .text.write_ram
                0x00009924       0x7c build/sky/contiki-ng-sky.a(cc2420.o)
 .text.write_fifo_buf
                0x000099a0       0x3c build/sky/contiki-ng-sky.a(cc2420.o)
 .text.get_status
                0x000099dc       0x20 build/sky/contiki-ng-sky.a(cc2420.o)
 .text.on       0x000099fc       0x1a build/sky/contiki-ng-sky.a(cc2420.o)
 .text.cc2420_receiving_packet
                0x00009a16        0xc build/sky/contiki-ng-sky.a(cc2420.o)
 .text.pending_packet
                0x00009a22        0x8 build/sky/contiki-ng-sky.a(cc2420.o)
 .text.wait_for_transmission
                0x00009a2a       0x22 build/sky/contiki-ng-sky.a(cc2420.o)
 .text.wait_for_status
                0x00009a4c       0x28 build/sky/contiki-ng-sky.a(cc2420.o)
 .text.getrxdata
                0x00009a74       0x50 build/sky/contiki-ng-sky.a(cc2420.o)
 .text.flushrx  0x00009ac4       0x1a build/sky/contiki-ng-sky.a(cc2420.o)
 .text.off      0x00009ade       0x28 build/sky/contiki-ng-sky.a(cc2420.o)
 .text.RELEASE_LOCK
                0x00009b06       0x28 build/sky/contiki-ng-sky.a(cc2420.o)
 .text.set_key  0x00009b2e       0x18 build/sky/contiki-ng-sky.a(cc2420.o)
 .text.set_frame_filtering
                0x00009b46       0x30 build/sky/contiki-ng-sky.a(cc2420.o)
 .text.set_auto_ack
                0x00009b76       0x30 build/sky/contiki-ng-sky.a(cc2420.o)
 .text.set_poll_mode
                0x00009ba6       0x2c build/sky/contiki-ng-sky.a(cc2420.o)
 .text.cc2420_prepare
                0x00009bd2       0x46 build/sky/contiki-ng-sky.a(cc2420.o)
 .text.cc2420_on
                0x00009c18       0x22 build/sky/contiki-ng-sky.a(cc2420.o)
                0x00009c18                cc2420_on
 .text.cc2420_transmit
                0x00009c3a       0x66 build/sky/contiki-ng-sky.a(cc2420.o)
 .text.cc2420_send
                0x00009ca0       0x12 build/sky/contiki-ng-sky.a(cc2420.o)
 .text.cc2420_off
                0x00009cb2       0x30 build/sky/contiki-ng-sky.a(cc2420.o)
                0x00009cb2                cc2420_off
 .text.cc2420_cca
                0x00009ce2       0x68 build/sky/contiki-ng-sky.a(cc2420.o)
 .text.cc2420_read
                0x00009d4a       0xbe build/sky/contiki-ng-sky.a(cc2420.o)
 .text.process_thread_cc2420_process
                0x00009e08       0x62 build/sky/contiki-ng-sky.a(cc2420.o)
 .text.encrypt  0x00009e6a       0x88 build/sky/contiki-ng-sky.a(cc2420.o)
 .text.cc2420_set_channel
                0x00009ef2       0x3c build/sky/contiki-ng-sky.a(cc2420.o)
                0x00009ef2                cc2420_set_channel
 .text.cc2420_set_pan_addr
                0x00009f2e       0x4c build/sky/contiki-ng-sky.a(cc2420.o)
                0x00009f2e                cc2420_set_pan_addr
 .text.cc2420_interrupt
                0x00009f7a       0x16 build/sky/contiki-ng-sky.a(cc2420.o)
                0x00009f7a                cc2420_interrupt
 .text.cc2420_set_txpower
                0x00009f90       0x2c build/sky/contiki-ng-sky.a(cc2420.o)
                0x00009f90                cc2420_set_txpower
 .text.cc2420_get_txpower
                0x00009fbc       0x1e build/sky/contiki-ng-sky.a(cc2420.o)
                0x00009fbc                cc2420_get_txpower
 .text.cc2420_rssi
                0x00009fda       0x4c build/sky/contiki-ng-sky.a(cc2420.o)
                0x00009fda                cc2420_rssi
 .text.get_value
                0x0000a026      0x11e build/sky/contiki-ng-sky.a(cc2420.o)
 .text.cc2420_set_cca_threshold
                0x0000a144       0x16 build/sky/contiki-ng-sky.a(cc2420.o)
                0x0000a144                cc2420_set_cca_threshold
 .text.set_value
                0x0000a15a      0x150 build/sky/contiki-ng-sky.a(cc2420.o)
 .text.cc2420_init
                0x0000a2aa       0xea build/sky/contiki-ng-sky.a(cc2420.o)
                0x0000a2aa                cc2420_init
 .text.cc2420_port1_interrupt
                0x0000a394       0x20 build/sky/contiki-ng-sky.a(cc2420-arch.o)
                0x0000a394                __isr_4
                0x0000a394                cc2420_port1_interrupt
 .text.cc2420_arch_init
                0x0000a3b4       0x1a build/sky/contiki-ng-sky.a(cc2420-arch.o)
                0x0000a3b4                cc2420_arch_init
 .text.uart1_active
                0x0000a3ce       0x18 build/sky/contiki-ng-sky.a(uart1.o)
                0x0000a3ce                uart1_active
 .text.uart1_writeb
                0x0000a3e6       0x18 build/sky/contiki-ng-sky.a(uart1.o)
                0x0000a3e6                uart1_writeb
 .text.uart1_init
                0x0000a3fe       0xf4 build/sky/contiki-ng-sky.a(uart1.o)
                0x0000a3fe                uart1_init
 .text.timera0  0x0000a4f2       0x2e build/sky/contiki-ng-sky.a(rtimer-arch.o)
                0x0000a4f2                __isr_6
                0x0000a4f2                timera0
 .text.rtimer_arch_init
                0x0000a520        0xe build/sky/contiki-ng-sky.a(rtimer-arch.o)
                0x0000a520                rtimer_arch_init
 .text.rtimer_arch_now
                0x0000a52e        0xe build/sky/contiki-ng-sky.a(rtimer-arch.o)
                0x0000a52e                rtimer_arch_now
 .text.rtimer_arch_schedule
                0x0000a53c        0x6 build/sky/contiki-ng-sky.a(rtimer-arch.o)
                0x0000a53c                rtimer_arch_schedule
 .text.stimer_set
                0x0000a542       0x1c build/sky/contiki-ng-sky.a(stimer.o)
                0x0000a542                stimer_set
 .text.stimer_expired
                0x0000a55e       0x30 build/sky/contiki-ng-sky.a(stimer.o)
                0x0000a55e                stimer_expired
 .text.memb_init
                0x0000a58e       0x36 build/sky/contiki-ng-sky.a(memb.o)
                0x0000a58e                memb_init
 .text.memb_alloc
                0x0000a5c4       0x3e build/sky/contiki-ng-sky.a(memb.o)
                0x0000a5c4                memb_alloc
 .text.memb_free
                0x0000a602       0x32 build/sky/contiki-ng-sky.a(memb.o)
                0x0000a602                memb_free
 .text.memb_inmemb
                0x0000a634       0x2a build/sky/contiki-ng-sky.a(memb.o)
                0x0000a634                memb_inmemb
 .text.memb_numfree
                0x0000a65e       0x26 build/sky/contiki-ng-sky.a(memb.o)
                0x0000a65e                memb_numfree
 .text.item_from_index
                0x0000a684       0x2a build/sky/contiki-ng-sky.a(nbr-table.o)
 .text.index_from_key
                0x0000a6ae       0x26 build/sky/contiki-ng-sky.a(nbr-table.o)
 .text.index_from_item
                0x0000a6d4       0x1e build/sky/contiki-ng-sky.a(nbr-table.o)
 .text.nbr_set_bit
                0x0000a6f2       0x58 build/sky/contiki-ng-sky.a(nbr-table.o)
 .text.index_from_lladdr
                0x0000a74a       0x42 build/sky/contiki-ng-sky.a(nbr-table.o)
 .text.nbr_get_bit.constprop.3
                0x0000a78c       0x2e build/sky/contiki-ng-sky.a(nbr-table.o)
 .text.remove_key
                0x0000a7ba       0x84 build/sky/contiki-ng-sky.a(nbr-table.o)
 .text.nbr_table_is_registered
                0x0000a83e       0x22 build/sky/contiki-ng-sky.a(nbr-table.o)
                0x0000a83e                nbr_table_is_registered
 .text.nbr_table_register
                0x0000a860       0x40 build/sky/contiki-ng-sky.a(nbr-table.o)
                0x0000a860                nbr_table_register
 .text.nbr_table_next
                0x0000a8a0       0x54 build/sky/contiki-ng-sky.a(nbr-table.o)
                0x0000a8a0                nbr_table_next
 .text.nbr_table_head
                0x0000a8f4       0x3a build/sky/contiki-ng-sky.a(nbr-table.o)
                0x0000a8f4                nbr_table_head
 .text.nbr_table_get_from_lladdr
                0x0000a92e       0x2c build/sky/contiki-ng-sky.a(nbr-table.o)
                0x0000a92e                nbr_table_get_from_lladdr
 .text.entry_is_allowed.isra.2
                0x0000a95a       0x82 build/sky/contiki-ng-sky.a(nbr-table.o)
 .text.nbr_table_add_lladdr
                0x0000a9dc       0xbe build/sky/contiki-ng-sky.a(nbr-table.o)
                0x0000a9dc                nbr_table_add_lladdr
 .text.nbr_table_remove
                0x0000aa9a       0x32 build/sky/contiki-ng-sky.a(nbr-table.o)
                0x0000aa9a                nbr_table_remove
 .text.nbr_table_lock
                0x0000aacc       0x10 build/sky/contiki-ng-sky.a(nbr-table.o)
                0x0000aacc                nbr_table_lock
 .text.nbr_table_unlock
                0x0000aadc       0x10 build/sky/contiki-ng-sky.a(nbr-table.o)
                0x0000aadc                nbr_table_unlock
 .text.nbr_table_get_lladdr
                0x0000aaec       0x22 build/sky/contiki-ng-sky.a(nbr-table.o)
                0x0000aaec                nbr_table_get_lladdr
 .text.periodic
                0x0000ab0e       0x28 build/sky/contiki-ng-sky.a(link-stats.o)
 .text.link_stats_from_lladdr
                0x0000ab36        0xc build/sky/contiki-ng-sky.a(link-stats.o)
                0x0000ab36                link_stats_from_lladdr
 .text.link_stats_is_fresh
                0x0000ab42       0x30 build/sky/contiki-ng-sky.a(link-stats.o)
                0x0000ab42                link_stats_is_fresh
 .text.guess_etx_from_rssi
                0x0000ab72       0x42 build/sky/contiki-ng-sky.a(link-stats.o)
                0x0000ab72                guess_etx_from_rssi
 .text.link_stats_packet_sent
                0x0000abb4       0xdc build/sky/contiki-ng-sky.a(link-stats.o)
                0x0000abb4                link_stats_packet_sent
 .text.link_stats_input_callback
                0x0000ac90       0xb2 build/sky/contiki-ng-sky.a(link-stats.o)
                0x0000ac90                link_stats_input_callback
 .text.link_stats_reset
                0x0000ad42       0x2a build/sky/contiki-ng-sky.a(link-stats.o)
                0x0000ad42                link_stats_reset
 .text.link_stats_init
                0x0000ad6c       0x22 build/sky/contiki-ng-sky.a(link-stats.o)
                0x0000ad6c                link_stats_init
 .text.mac_sequence_is_duplicate
                0x0000ad8e       0x84 build/sky/contiki-ng-sky.a(mac-sequence.o)
                0x0000ad8e                mac_sequence_is_duplicate
 .text.mac_sequence_register_seqno
                0x0000ae12       0x90 build/sky/contiki-ng-sky.a(mac-sequence.o)
                0x0000ae12                mac_sequence_register_seqno
 .text.mac_call_sent_callback
                0x0000aea2       0x14 build/sky/contiki-ng-sky.a(mac.o)
                0x0000aea2                mac_call_sent_callback
 .text.parse    0x0000aeb6       0xa0 build/sky/contiki-ng-sky.a(framer-802154.o)
 .text.framer_802154_setup_params
                0x0000af56       0xb8 build/sky/contiki-ng-sky.a(framer-802154.o)
                0x0000af56                framer_802154_setup_params
 .text.create_frame
                0x0000b00e       0xde build/sky/contiki-ng-sky.a(framer-802154.o)
 .text.create   0x0000b0ec        0x8 build/sky/contiki-ng-sky.a(framer-802154.o)
 .text.hdr_length
                0x0000b0f4        0x8 build/sky/contiki-ng-sky.a(framer-802154.o)
 .text.frame802154_get_pan_id
                0x0000b0fc        0x6 build/sky/contiki-ng-sky.a(frame802154.o)
                0x0000b0fc                frame802154_get_pan_id
 .text.frame802154_has_panid
                0x0000b102       0xe0 build/sky/contiki-ng-sky.a(frame802154.o)
                0x0000b102                frame802154_has_panid
 .text.field_len
                0x0000b1e2       0xac build/sky/contiki-ng-sky.a(frame802154.o)
 .text.frame802154_is_broadcast_addr
                0x0000b28e       0x28 build/sky/contiki-ng-sky.a(frame802154.o)
                0x0000b28e                frame802154_is_broadcast_addr
 .text.frame802154_hdrlen
                0x0000b2b6       0x32 build/sky/contiki-ng-sky.a(frame802154.o)
                0x0000b2b6                frame802154_hdrlen
 .text.frame802154_create_fcf
                0x0000b2e8       0x96 build/sky/contiki-ng-sky.a(frame802154.o)
                0x0000b2e8                frame802154_create_fcf
 .text.frame802154_create
                0x0000b37e       0xe4 build/sky/contiki-ng-sky.a(frame802154.o)
                0x0000b37e                frame802154_create
 .text.frame802154_parse_fcf
                0x0000b462       0xbc build/sky/contiki-ng-sky.a(frame802154.o)
                0x0000b462                frame802154_parse_fcf
 .text.frame802154_parse
                0x0000b51e      0x168 build/sky/contiki-ng-sky.a(frame802154.o)
                0x0000b51e                frame802154_parse
 .text.csma_security_create_frame
                0x0000b686       0x10 build/sky/contiki-ng-sky.a(csma-security.o)
                0x0000b686                csma_security_create_frame
 .text.csma_security_parse_frame
                0x0000b696        0x6 build/sky/contiki-ng-sky.a(csma-security.o)
                0x0000b696                csma_security_parse_frame
 .text.uipbuf_add_ext_hdr
                0x0000b69c       0x1c build/sky/contiki-ng-sky.a(uipbuf.o)
                0x0000b69c                uipbuf_add_ext_hdr
 .text.uipbuf_set_len
                0x0000b6b8       0x12 build/sky/contiki-ng-sky.a(uipbuf.o)
                0x0000b6b8                uipbuf_set_len
 .text.uipbuf_set_len_field
                0x0000b6ca        0xe build/sky/contiki-ng-sky.a(uipbuf.o)
                0x0000b6ca                uipbuf_set_len_field
 .text.uipbuf_get_len_field
                0x0000b6d8        0xe build/sky/contiki-ng-sky.a(uipbuf.o)
                0x0000b6d8                uipbuf_get_len_field
 .text.uipbuf_get_next_header
                0x0000b6e6       0x62 build/sky/contiki-ng-sky.a(uipbuf.o)
                0x0000b6e6                uipbuf_get_next_header
 .text.uipbuf_get_last_header
                0x0000b748       0x3e build/sky/contiki-ng-sky.a(uipbuf.o)
                0x0000b748                uipbuf_get_last_header
 .text.uipbuf_search_header
                0x0000b786       0x4e build/sky/contiki-ng-sky.a(uipbuf.o)
                0x0000b786                uipbuf_search_header
 .text.uipbuf_get_attr
                0x0000b7d4       0x12 build/sky/contiki-ng-sky.a(uipbuf.o)
                0x0000b7d4                uipbuf_get_attr
 .text.uipbuf_set_attr
                0x0000b7e6       0x14 build/sky/contiki-ng-sky.a(uipbuf.o)
                0x0000b7e6                uipbuf_set_attr
 .text.uipbuf_clear_attr
                0x0000b7fa       0x12 build/sky/contiki-ng-sky.a(uipbuf.o)
                0x0000b7fa                uipbuf_clear_attr
 .text.uipbuf_clear
                0x0000b80c       0x12 build/sky/contiki-ng-sky.a(uipbuf.o)
                0x0000b80c                uipbuf_clear
 .text.uipbuf_init
                0x0000b81e       0x1a build/sky/contiki-ng-sky.a(uipbuf.o)
                0x0000b81e                uipbuf_init
 .text.echo_reply_input
                0x0000b838       0x68 build/sky/contiki-ng-sky.a(uip-icmp6.o)
 .text.echo_request_input
                0x0000b8a0       0x86 build/sky/contiki-ng-sky.a(uip-icmp6.o)
 .text.uip_icmp6_input
                0x0000b926       0x48 build/sky/contiki-ng-sky.a(uip-icmp6.o)
                0x0000b926                uip_icmp6_input
 .text.uip_icmp6_register_input_handler
                0x0000b96e        0xc build/sky/contiki-ng-sky.a(uip-icmp6.o)
                0x0000b96e                uip_icmp6_register_input_handler
 .text.uip_icmp6_error_output
                0x0000b97a      0x146 build/sky/contiki-ng-sky.a(uip-icmp6.o)
                0x0000b97a                uip_icmp6_error_output
 .text.uip_icmp6_send
                0x0000bac0       0x8e build/sky/contiki-ng-sky.a(uip-icmp6.o)
                0x0000bac0                uip_icmp6_send
 .text.uip_icmp6_init
                0x0000bb4e       0x12 build/sky/contiki-ng-sky.a(uip-icmp6.o)
                0x0000bb4e                uip_icmp6_init
 .text.node_matches_address.part.0
                0x0000bb60       0x2e build/sky/contiki-ng-sky.a(uip-sr.o)
 .text.uip_sr_get_node
                0x0000bb8e       0x44 build/sky/contiki-ng-sky.a(uip-sr.o)
                0x0000bb8e                uip_sr_get_node
 .text.uip_sr_is_addr_reachable
                0x0000bbd2       0x4e build/sky/contiki-ng-sky.a(uip-sr.o)
                0x0000bbd2                uip_sr_is_addr_reachable
 .text.uip_sr_expire_parent
                0x0000bc20       0x42 build/sky/contiki-ng-sky.a(uip-sr.o)
                0x0000bc20                uip_sr_expire_parent
 .text.uip_sr_update_node
                0x0000bc62       0xbc build/sky/contiki-ng-sky.a(uip-sr.o)
                0x0000bc62                uip_sr_update_node
 .text.uip_sr_init
                0x0000bd1e       0x16 build/sky/contiki-ng-sky.a(uip-sr.o)
                0x0000bd1e                uip_sr_init
 .text.uip_sr_periodic
                0x0000bd34       0x9a build/sky/contiki-ng-sky.a(uip-sr.o)
                0x0000bd34                uip_sr_periodic
 .text.uip_sr_free_all
                0x0000bdce       0x3c build/sky/contiki-ng-sky.a(uip-sr.o)
                0x0000bdce                uip_sr_free_all
 .text.get32    0x0000be0a       0x46 build/sky/contiki-ng-sky.a(rpl-icmp6.o)
 .text.set32    0x0000be50       0x2a build/sky/contiki-ng-sky.a(rpl-icmp6.o)
 .text.get16    0x0000be7a        0xe build/sky/contiki-ng-sky.a(rpl-icmp6.o)
 .text.set16    0x0000be88       0x10 build/sky/contiki-ng-sky.a(rpl-icmp6.o)
 .text.dao_ack_input
                0x0000be98       0x30 build/sky/contiki-ng-sky.a(rpl-icmp6.o)
 .text.dao_input
                0x0000bec8      0x13c build/sky/contiki-ng-sky.a(rpl-icmp6.o)
 .text.dio_input
                0x0000c004      0x29c build/sky/contiki-ng-sky.a(rpl-icmp6.o)
 .text.dis_input
                0x0000c2a0       0x1e build/sky/contiki-ng-sky.a(rpl-icmp6.o)
 .text.rpl_icmp6_update_nbr_table
                0x0000c2be       0x36 build/sky/contiki-ng-sky.a(rpl-icmp6.o)
                0x0000c2be                rpl_icmp6_update_nbr_table
 .text.rpl_icmp6_dis_output
                0x0000c2f4       0x34 build/sky/contiki-ng-sky.a(rpl-icmp6.o)
                0x0000c2f4                rpl_icmp6_dis_output
 .text.rpl_icmp6_dio_output
                0x0000c328      0x23a build/sky/contiki-ng-sky.a(rpl-icmp6.o)
                0x0000c328                rpl_icmp6_dio_output
 .text.rpl_icmp6_dao_output
                0x0000c562       0xe2 build/sky/contiki-ng-sky.a(rpl-icmp6.o)
                0x0000c562                rpl_icmp6_dao_output
 .text.rpl_icmp6_dao_ack_output
                0x0000c644       0x4e build/sky/contiki-ng-sky.a(rpl-icmp6.o)
                0x0000c644                rpl_icmp6_dao_ack_output
 .text.rpl_icmp6_init
                0x0000c692       0x22 build/sky/contiki-ng-sky.a(rpl-icmp6.o)
                0x0000c692                rpl_icmp6_init
 .text.remove_neighbor
                0x0000c6b4       0x24 build/sky/contiki-ng-sky.a(rpl-neighbor.o)
 .text.rpl_neighbor_get_from_lladdr
                0x0000c6d8        0xc build/sky/contiki-ng-sky.a(rpl-neighbor.o)
                0x0000c6d8                rpl_neighbor_get_from_lladdr
 .text.rpl_neighbor_rank_via_nbr
                0x0000c6e4       0x18 build/sky/contiki-ng-sky.a(rpl-neighbor.o)
                0x0000c6e4                rpl_neighbor_rank_via_nbr
 .text.rpl_neighbor_get_lladdr
                0x0000c6fc        0xc build/sky/contiki-ng-sky.a(rpl-neighbor.o)
                0x0000c6fc                rpl_neighbor_get_lladdr
 .text.rpl_neighbor_get_ipaddr
                0x0000c708        0xa build/sky/contiki-ng-sky.a(rpl-neighbor.o)
                0x0000c708                rpl_neighbor_get_ipaddr
 .text.rpl_neighbor_get_link_stats
                0x0000c712        0xa build/sky/contiki-ng-sky.a(rpl-neighbor.o)
                0x0000c712                rpl_neighbor_get_link_stats
 .text.rpl_neighbor_is_fresh
                0x0000c71c        0xa build/sky/contiki-ng-sky.a(rpl-neighbor.o)
                0x0000c71c                rpl_neighbor_is_fresh
 .text.best_parent
                0x0000c726       0xb4 build/sky/contiki-ng-sky.a(rpl-neighbor.o)
 .text.rpl_neighbor_set_preferred_parent
                0x0000c7da       0x48 build/sky/contiki-ng-sky.a(rpl-neighbor.o)
                0x0000c7da                rpl_neighbor_set_preferred_parent
 .text.rpl_neighbor_remove_all
                0x0000c822       0x30 build/sky/contiki-ng-sky.a(rpl-neighbor.o)
                0x0000c822                rpl_neighbor_remove_all
 .text.rpl_neighbor_get_from_ipaddr
                0x0000c852       0x14 build/sky/contiki-ng-sky.a(rpl-neighbor.o)
                0x0000c852                rpl_neighbor_get_from_ipaddr
 .text.rpl_neighbor_select_best
                0x0000c866       0x54 build/sky/contiki-ng-sky.a(rpl-neighbor.o)
                0x0000c866                rpl_neighbor_select_best
 .text.rpl_neighbor_init
                0x0000c8ba        0xe build/sky/contiki-ng-sky.a(rpl-neighbor.o)
                0x0000c8ba                rpl_neighbor_init
 .text.handle_state_update
                0x0000c8c8        0x6 build/sky/contiki-ng-sky.a(rpl-timers.o)
 .text.handle_leaving_timer
                0x0000c8ce        0xc build/sky/contiki-ng-sky.a(rpl-timers.o)
 .text.schedule_dao_retransmission
                0x0000c8da       0x34 build/sky/contiki-ng-sky.a(rpl-timers.o)
 .text.new_dio_interval
                0x0000c90e       0x8a build/sky/contiki-ng-sky.a(rpl-timers.o)
 .text.handle_unicast_dio_timer
                0x0000c998       0x12 build/sky/contiki-ng-sky.a(rpl-timers.o)
 .text.send_new_dao
                0x0000c9aa       0x28 build/sky/contiki-ng-sky.a(rpl-timers.o)
 .text.resend_dao
                0x0000c9d2       0x24 build/sky/contiki-ng-sky.a(rpl-timers.o)
 .text.handle_dao_ack_timer
                0x0000c9f6       0x12 build/sky/contiki-ng-sky.a(rpl-timers.o)
 .text.handle_dio_timer
                0x0000ca08       0x6e build/sky/contiki-ng-sky.a(rpl-timers.o)
 .text.rpl_timers_schedule_periodic_dis
                0x0000ca76       0x40 build/sky/contiki-ng-sky.a(rpl-timers.o)
                0x0000ca76                rpl_timers_schedule_periodic_dis
 .text.handle_periodic_timer
                0x0000cab6       0x3a build/sky/contiki-ng-sky.a(rpl-timers.o)
 .text.handle_dis_timer
                0x0000caf0       0x26 build/sky/contiki-ng-sky.a(rpl-timers.o)
 .text.rpl_timers_dio_reset
                0x0000cb16       0x2e build/sky/contiki-ng-sky.a(rpl-timers.o)
                0x0000cb16                rpl_timers_dio_reset
 .text.rpl_timers_schedule_unicast_dio
                0x0000cb44       0x20 build/sky/contiki-ng-sky.a(rpl-timers.o)
                0x0000cb44                rpl_timers_schedule_unicast_dio
 .text.rpl_timers_schedule_dao
                0x0000cb64       0x3c build/sky/contiki-ng-sky.a(rpl-timers.o)
                0x0000cb64                rpl_timers_schedule_dao
 .text.rpl_timers_schedule_dao_ack
                0x0000cba0       0x34 build/sky/contiki-ng-sky.a(rpl-timers.o)
                0x0000cba0                rpl_timers_schedule_dao_ack
 .text.rpl_timers_notify_dao_ack
                0x0000cbd4       0x82 build/sky/contiki-ng-sky.a(rpl-timers.o)
                0x0000cbd4                rpl_timers_notify_dao_ack
 .text.get_probing_delay
                0x0000cc56       0x1c build/sky/contiki-ng-sky.a(rpl-timers.o)
                0x0000cc56                get_probing_delay
 .text.get_probing_target
                0x0000cc72       0xee build/sky/contiki-ng-sky.a(rpl-timers.o)
                0x0000cc72                get_probing_target
 .text.rpl_schedule_probing
                0x0000cd60       0x20 build/sky/contiki-ng-sky.a(rpl-timers.o)
                0x0000cd60                rpl_schedule_probing
 .text.handle_probing_timer
                0x0000cd80       0x2a build/sky/contiki-ng-sky.a(rpl-timers.o)
 .text.rpl_schedule_probing_now
                0x0000cdaa       0x24 build/sky/contiki-ng-sky.a(rpl-timers.o)
                0x0000cdaa                rpl_schedule_probing_now
 .text.rpl_timers_unschedule_leaving
                0x0000cdce       0x1c build/sky/contiki-ng-sky.a(rpl-timers.o)
                0x0000cdce                rpl_timers_unschedule_leaving
 .text.rpl_timers_schedule_leaving
                0x0000cdea       0x2a build/sky/contiki-ng-sky.a(rpl-timers.o)
                0x0000cdea                rpl_timers_schedule_leaving
 .text.rpl_timers_init
                0x0000ce14       0x1c build/sky/contiki-ng-sky.a(rpl-timers.o)
                0x0000ce14                rpl_timers_init
 .text.rpl_timers_stop_dag_timers
                0x0000ce30       0x4c build/sky/contiki-ng-sky.a(rpl-timers.o)
                0x0000ce30                rpl_timers_stop_dag_timers
 .text.rpl_timers_unschedule_state_update
                0x0000ce7c       0x10 build/sky/contiki-ng-sky.a(rpl-timers.o)
                0x0000ce7c                rpl_timers_unschedule_state_update
 .text.rpl_timers_schedule_state_update
                0x0000ce8c       0x1c build/sky/contiki-ng-sky.a(rpl-timers.o)
                0x0000ce8c                rpl_timers_schedule_state_update
 .text.update_hbh_header
                0x0000cea8       0x4a build/sky/contiki-ng-sky.a(rpl-ext-header.)
 .text.rpl_ext_header_srh_get_next_hop
                0x0000cef2       0x84 build/sky/contiki-ng-sky.a(rpl-ext-header.)
                0x0000cef2                rpl_ext_header_srh_get_next_hop
 .text.rpl_ext_header_srh_update
                0x0000cf76      0x118 build/sky/contiki-ng-sky.a(rpl-ext-header.)
                0x0000cf76                rpl_ext_header_srh_update
 .text.rpl_ext_header_hbh_update
                0x0000d08e       0x9e build/sky/contiki-ng-sky.a(rpl-ext-header.)
                0x0000d08e                rpl_ext_header_hbh_update
 .text.rpl_ext_header_remove
                0x0000d12c       0xcc build/sky/contiki-ng-sky.a(rpl-ext-header.)
                0x0000d12c                rpl_ext_header_remove
 .text.rpl_ext_header_update
                0x0000d1f8      0x2aa build/sky/contiki-ng-sky.a(rpl-ext-header.)
                0x0000d1f8                rpl_ext_header_update
 .text.get_rank
                0x0000d4a2       0x16 build/sky/contiki-ng-sky.a(rpl-nbr-policy.)
 .text.rpl_nbr_gc_get_worst
                0x0000d4b8       0x28 build/sky/contiki-ng-sky.a(rpl-nbr-policy.)
                0x0000d4b8                rpl_nbr_gc_get_worst
 .text.reset    0x0000d4e0        0x2 build/sky/contiki-ng-sky.a(rpl-mrhof.o)
 .text.update_metric_container
                0x0000d4e2        0x6 build/sky/contiki-ng-sky.a(rpl-mrhof.o)
 .text.nbr_link_metric
                0x0000d4e8       0x12 build/sky/contiki-ng-sky.a(rpl-mrhof.o)
 .text.nbr_has_usable_link
                0x0000d4fa       0x14 build/sky/contiki-ng-sky.a(rpl-mrhof.o)
 .text.nbr_path_cost
                0x0000d50e       0x38 build/sky/contiki-ng-sky.a(rpl-mrhof.o)
 .text.within_hysteresis
                0x0000d546       0x54 build/sky/contiki-ng-sky.a(rpl-mrhof.o)
 .text.nbr_is_acceptable_parent
                0x0000d59a       0x2c build/sky/contiki-ng-sky.a(rpl-mrhof.o)
 .text.rank_via_nbr
                0x0000d5c6       0x48 build/sky/contiki-ng-sky.a(rpl-mrhof.o)
 .text.best_parent
                0x0000d60e       0x7c build/sky/contiki-ng-sky.a(rpl-mrhof.o)
 .text.spi_init
                0x0000d68a       0x30 build/sky/contiki-ng-sky.a(spi-legacy.o)
                0x0000d68a                spi_init
 .text.libgcc   0x0000d6ba       0x2c /usr/local/bin/../lib/gcc/msp430/4.7.2/mmpy-16/libgcc.a(_mulsi3.o)
                0x0000d6ba                __mulsi3
 .text.libgcc   0x0000d6e6       0x22 /usr/local/bin/../lib/gcc/msp430/4.7.2/mmpy-16/libgcc.a(_udivmod16.o)
                0x0000d6e6                __udivhi3
                0x0000d6e6                __ext_udivmod16
                0x0000d700                __umodhi3
 .text.libgcc   0x0000d708       0x3a /usr/local/bin/../lib/gcc/msp430/4.7.2/mmpy-16/libgcc.a(_divmod16.o)
                0x0000d708                __ext_divmod16
                0x0000d708                __divhi3
                0x0000d73a                __modhi3
 .text.libgcc   0x0000d742       0x40 /usr/local/bin/../lib/gcc/msp430/4.7.2/mmpy-16/libgcc.a(_udivmod32.o)
                0x0000d742                __udivsi3
                0x0000d742                __ext_udivmod32
                0x0000d778                __umodsi3
 .text.libgcc   0x0000d782       0x4c /usr/local/bin/../lib/gcc/msp430/4.7.2/mmpy-16/libgcc.a(_divmod32.o)
                0x0000d782                __ext_divmod32
                0x0000d782                __divsi3
                0x0000d7c4                __modsi3
 .text.printf   0x0000d7ce       0x10 /usr/local/bin/../lib/gcc/msp430/4.7.2/../../../../msp430/lib/mmpy-16/libc.a(printf.o)
                0x0000d7ce                printf
 .text.append   0x0000d7de       0x22 /usr/local/bin/../lib/gcc/msp430/4.7.2/../../../../msp430/lib/mmpy-16/libc.a(sprintf.o)
 .text.call_vuprintf
                0x0000d800       0x3a /usr/local/bin/../lib/gcc/msp430/4.7.2/../../../../msp430/lib/mmpy-16/libc.a(sprintf.o)
 .text.snprintf
                0x0000d83a       0x1a /usr/local/bin/../lib/gcc/msp430/4.7.2/../../../../msp430/lib/mmpy-16/libc.a(sprintf.o)
                0x0000d83a                snprintf
 .text.print_field
                0x0000d854      0x194 /usr/local/bin/../lib/gcc/msp430/4.7.2/../../../../msp430/lib/mmpy-16/libc.a(vuprintf.o)
 .text.vuprintf
                0x0000d9e8      0x63e /usr/local/bin/../lib/gcc/msp430/4.7.2/../../../../msp430/lib/mmpy-16/libc.a(vuprintf.o)
                0x0000d9e8                vuprintf
 .text.puts     0x0000e026       0x2c /usr/local/bin/../lib/gcc/msp430/4.7.2/../../../../msp430/lib/mmpy-16/libc.a(puts.o)
                0x0000e026                puts
 .text.rand     0x0000e052       0x26 /usr/local/bin/../lib/gcc/msp430/4.7.2/../../../../msp430/lib/mmpy-16/libc.a(rand.o)
                0x0000e052                rand
 .text.srand    0x0000e078        0xa /usr/local/bin/../lib/gcc/msp430/4.7.2/../../../../msp430/lib/mmpy-16/libc.a(rand.o)
                0x0000e078                srand
 .text.memcmp   0x0000e082       0x30 /usr/local/bin/../lib/gcc/msp430/4.7.2/../../../../msp430/lib/mmpy-16/libc.a(memcmp.o)
                0x0000e082                memcmp
 .text.memcpy   0x0000e0b2       0xfa /usr/local/bin/../lib/gcc/msp430/4.7.2/../../../../msp430/lib/mmpy-16/libc.a(memcpy.o)
                0x0000e0b2                memcpy
 .text.memmove  0x0000e1ac       0xfa /usr/local/bin/../lib/gcc/msp430/4.7.2/../../../../msp430/lib/mmpy-16/libc.a(memmove.o)
                0x0000e1ac                memmove
 .text.memset   0x0000e2a6       0x6a /usr/local/bin/../lib/gcc/msp430/4.7.2/../../../../msp430/lib/mmpy-16/libc.a(memset.o)
                0x0000e2a6                memset
 .text.libgcc   0x0000e310       0xf0 /usr/local/bin/../lib/gcc/msp430/4.7.2/mmpy-16/libgcc.a(_udivmod64.o)
                0x0000e310                __xabi_udivmod64
                0x0000e36e                __udivdi3
                0x0000e394                __umoddi3
                0x0000e3c2                __udivmoddi4
 .text.crt0     0x0000e400        0x2 /usr/local/bin/../lib/gcc/msp430/4.7.2/mmpy-16/libcrt0.a(_unexpected_.o)
                0x0000e400                _unexpected_
 *(.near.text .near.text.*)

.rodata         0x0000e404      0x4ed
                0x0000e404                . = ALIGN (0x2)
 *(.rodata .rodata.* .gnu.linkonce.r.*)
 .rodata        0x0000e404       0x38 udp_server.o
                0x0000e438                autostart_processes
 .rodata        0x0000e43c       0xee build/sky/obj/contiki-main.o
 .rodata        0x0000e52a       0x31 build/sky/contiki-ng-sky.a(platform.o)
 .rodata        0x0000e55b        0xf build/sky/contiki-ng-sky.a(ctimer.o)
 .rodata        0x0000e56a        0xc build/sky/contiki-ng-sky.a(etimer.o)
 .rodata        0x0000e576       0xb6 build/sky/contiki-ng-sky.a(log.o)
 .rodata        0x0000e62c       0x6a build/sky/contiki-ng-sky.a(stack-check.o)
 .rodata        0x0000e696        0x8 build/sky/contiki-ng-sky.a(linkaddr.o)
                0x0000e696                linkaddr_null
 .rodata        0x0000e69e       0x14 build/sky/contiki-ng-sky.a(csma.o)
                0x0000e6a4                csma_driver
 .rodata        0x0000e6b2       0x2d build/sky/contiki-ng-sky.a(uiplib.o)
 .rodata        0x0000e6df        0xd build/sky/contiki-ng-sky.a(tcpip.o)
 .rodata        0x0000e6ec       0x13 build/sky/contiki-ng-sky.a(simple-udp.o)
 *fill*         0x0000e6ff        0x1 00
 .rodata        0x0000e700       0x26 build/sky/contiki-ng-sky.a(sicslowpan.o)
                0x0000e70c                sicslowpan_driver
                0x0000e714                llprefix
                0x0000e716                unc_mxconf
                0x0000e71a                unc_ctxconf
                0x0000e71e                unc_llconf
 .rodata        0x0000e726       0x34 build/sky/contiki-ng-sky.a(rpl.o)
                0x0000e730                rpl_lite_driver
 .rodata        0x0000e75a       0xe0 build/sky/contiki-ng-sky.a(rpl-dag.o)
 .rodata        0x0000e83a       0x10 build/sky/contiki-ng-sky.a(button-sensor.o)
                0x0000e842                button_sensor
 .rodata        0x0000e84a        0x8 build/sky/contiki-ng-sky.a(sensors.o)
 *fill*         0x0000e852        0x2 00
 .rodata.get_value
                0x0000e854       0x34 build/sky/contiki-ng-sky.a(cc2420.o)
 .rodata.set_value
                0x0000e888       0x10 build/sky/contiki-ng-sky.a(cc2420.o)
 .rodata        0x0000e898       0x3e build/sky/contiki-ng-sky.a(cc2420.o)
                0x0000e898                cc2420_aes_128_driver
                0x0000e89c                cc2420_driver
 .rodata        0x0000e8d6        0x6 build/sky/contiki-ng-sky.a(framer-802154.o)
                0x0000e8d6                framer_802154
 .rodata        0x0000e8dc        0x2 build/sky/contiki-ng-sky.a(frame802154.o)
 .rodata        0x0000e8de        0xc build/sky/contiki-ng-sky.a(rpl-timers.o)
 .rodata.vuprintf
                0x0000e8ea        0x7 /usr/local/bin/../lib/gcc/msp430/4.7.2/../../../../msp430/lib/mmpy-16/libc.a(vuprintf.o)
 *(.near.rodata .near.rodata.*)
                0x0000e8f2                . = ALIGN (0x2)
                0x0000e8f2                _etext = .

.data           0x00001100      0x144 load address 0x0000e8f2
                0x00001100                . = ALIGN (0x2)
                0x00001100                __data_start = .
 *(.data .data.* .gnu.linkonce.d.*)
 .data          0x00001100        0xa udp_server.o
                0x00001100                srvr_node_proc
 .data          0x0000110a        0x2 build/sky/contiki-ng-sky.a(msp430.o)
 .data          0x0000110c        0xa build/sky/contiki-ng-sky.a(ctimer.o)
                0x0000110c                ctimer_process
 .data          0x00001116        0xa build/sky/contiki-ng-sky.a(etimer.o)
                0x00001116                etimer_process
 .data          0x00001120       0x50 build/sky/contiki-ng-sky.a(log.o)
                0x00001120                all_modules
                0x0000116e                curr_log_level_main
 .data          0x00001170        0xa build/sky/contiki-ng-sky.a(stack-check.o)
                0x00001170                stack_check_process
 .data          0x0000117a       0x10 build/sky/contiki-ng-sky.a(queuebuf.o)
 .data          0x0000118a       0x18 build/sky/contiki-ng-sky.a(csma-output.o)
 .data          0x000011a2        0x8 build/sky/contiki-ng-sky.a(uip-ds6-route.o)
 .data          0x000011aa        0x8 build/sky/contiki-ng-sky.a(uip-ds6-nbr.o)
 .data          0x000011b2        0xa build/sky/contiki-ng-sky.a(tcpip.o)
                0x000011b2                tcpip_process
 .data          0x000011bc        0x6 build/sky/contiki-ng-sky.a(uip-nd6.o)
 .data          0x000011c2        0xa build/sky/contiki-ng-sky.a(simple-udp.o)
                0x000011c2                simple_udp_process
 .data          0x000011cc        0x4 build/sky/contiki-ng-sky.a(contiki-sky-pla)
                0x000011cc                sensors
 .data          0x000011d0        0xa build/sky/contiki-ng-sky.a(sensors.o)
                0x000011d0                sensors_process
 .data          0x000011da        0xc build/sky/contiki-ng-sky.a(cc2420.o)
                0x000011da                cc2420_process
 .data          0x000011e6        0x8 build/sky/contiki-ng-sky.a(nbr-table.o)
 .data          0x000011ee        0x8 build/sky/contiki-ng-sky.a(link-stats.o)
 .data          0x000011f6        0x2 build/sky/contiki-ng-sky.a(frame802154.o)
 .data          0x000011f8        0xc build/sky/contiki-ng-sky.a(uip-icmp6.o)
 .data          0x00001204        0x8 build/sky/contiki-ng-sky.a(uip-sr.o)
 .data          0x0000120c       0x18 build/sky/contiki-ng-sky.a(rpl-icmp6.o)
 .data          0x00001224        0xa build/sky/contiki-ng-sky.a(rpl-neighbor.o)
                0x00001224                rpl_neighbors
 .data          0x0000122e       0x12 build/sky/contiki-ng-sky.a(rpl-mrhof.o)
                0x0000122e                rpl_mrhof
 .data.next     0x00001240        0x4 /usr/local/bin/../lib/gcc/msp430/4.7.2/../../../../msp430/lib/mmpy-16/libc.a(rand.o)
 *(.near.data .near.data.*)
                0x00001244                . = ALIGN (0x2)
                0x00001244                _edata = .
                0x0000e8f2                __data_load_start = LOADADDR (.data)
                0x00000144                __data_size = SIZEOF (.data)

.bss            0x00001244     0x1b6e load address 0x0000ea36
                0x00001244                __bss_start = .
 *(.bss .bss.*)
 .bss           0x00001244       0x1c udp_server.o
 .bss           0x00001260        0x8 build/sky/contiki-ng-sky.a(platform.o)
 .bss           0x00001268        0xa build/sky/contiki-ng-sky.a(clock.o)
 .bss           0x00001272        0x2 build/sky/contiki-ng-sky.a(watchdog.o)
 .bss           0x00001274        0x4 build/sky/contiki-ng-sky.a(ctimer.o)
 .bss           0x00001278        0x6 build/sky/contiki-ng-sky.a(etimer.o)
 .bss           0x0000127e       0x16 build/sky/contiki-ng-sky.a(log.o)
                0x0000127e                curr_log_level_lwm2m
                0x00001280                curr_log_level_snmp
                0x00001282                curr_log_level_coap
                0x00001284                curr_log_level_6top
                0x00001286                curr_log_level_framer
                0x00001288                curr_log_level_mac
                0x0000128a                curr_log_level_nullnet
                0x0000128c                curr_log_level_6lowpan
                0x0000128e                curr_log_level_ipv6
                0x00001290                curr_log_level_tcpip
                0x00001292                curr_log_level_rpl
 .bss           0x00001294       0xc8 build/sky/contiki-ng-sky.a(process.o)
                0x00001294                process_current
                0x00001296                process_list
 .bss           0x0000135c        0x2 build/sky/contiki-ng-sky.a(rtimer.o)
 .bss           0x0000135e        0x2 build/sky/contiki-ng-sky.a(node-id.o)
                0x0000135e                node_id
 .bss           0x00001360        0xe build/sky/contiki-ng-sky.a(stack-check.o)
 .bss           0x0000136e      0x580 build/sky/contiki-ng-sky.a(queuebuf.o)
 .bss           0x000018ee       0x86 build/sky/contiki-ng-sky.a(packetbuf.o)
 .bss           0x00001974        0x2 build/sky/contiki-ng-sky.a(netstack.o)
 .bss           0x00001976       0xbe build/sky/contiki-ng-sky.a(csma-output.o)
 .bss           0x00001a34       0x28 build/sky/contiki-ng-sky.a(uip-ds6.o)
 .bss           0x00001a5c       0x3c build/sky/contiki-ng-sky.a(uip-ds6-route.o)
 .bss           0x00001a98      0x120 build/sky/contiki-ng-sky.a(uip-ds6-nbr.o)
 .bss           0x00001bb8        0xc build/sky/contiki-ng-sky.a(tcpip.o)
 .bss           0x00001bc4        0x8 build/sky/contiki-ng-sky.a(uip6.o)
                0x00001bc4                uip_last_proto
                0x00001bc6                uip_ext_len
                0x00001bc8                uip_ext_bitmap
 .bss           0x00001bcc        0x8 build/sky/contiki-ng-sky.a(uip-nd6.o)
 .bss           0x00001bd4       0xf1 build/sky/contiki-ng-sky.a(simple-udp.o)
 *fill*         0x00001cc5        0x1 00
 .bss           0x00001cc6      0x6e0 build/sky/contiki-ng-sky.a(sicslowpan.o)
 .bss           0x000023a6        0x1 build/sky/contiki-ng-sky.a(rpl.o)
 *fill*         0x000023a7        0x1 00
 .bss           0x000023a8       0x12 build/sky/contiki-ng-sky.a(rpl-dag-root.o)
 .bss           0x000023ba        0x8 build/sky/contiki-ng-sky.a(button-sensor.o)
 .bss           0x000023c2        0x6 build/sky/contiki-ng-sky.a(sensors.o)
 .bss           0x000023c8       0x10 build/sky/contiki-ng-sky.a(cc2420.o)
 .bss           0x000023d8       0x9a build/sky/contiki-ng-sky.a(uart1.o)
 .bss           0x00002472       0xe4 build/sky/contiki-ng-sky.a(nbr-table.o)
 .bss           0x00002556       0xa0 build/sky/contiki-ng-sky.a(link-stats.o)
 .bss           0x000025f6       0xe0 build/sky/contiki-ng-sky.a(mac-sequence.o)
 .bss           0x000026d6        0x2 build/sky/contiki-ng-sky.a(framer-802154.o)
 .bss           0x000026d8       0x20 build/sky/contiki-ng-sky.a(uipbuf.o)
 .bss           0x000026f8       0x14 build/sky/contiki-ng-sky.a(uip-icmp6.o)
 .bss           0x0000270c      0x134 build/sky/contiki-ng-sky.a(uip-sr.o)
 .bss           0x00002840       0x80 build/sky/contiki-ng-sky.a(rpl-neighbor.o)
 .bss           0x000028c0       0x28 build/sky/contiki-ng-sky.a(rpl-timers.o)
 .bss.destination_
                0x000028e8        0x2 /usr/local/bin/../lib/gcc/msp430/4.7.2/../../../../msp430/lib/mmpy-16/libc.a(sprintf.o)
 .bss.available_
                0x000028ea        0x2 /usr/local/bin/../lib/gcc/msp430/4.7.2/../../../../msp430/lib/mmpy-16/libc.a(sprintf.o)
 *(.near.bss .near.bss.*)
 *(COMMON)
 COMMON         0x000028ec        0x2 build/sky/contiki-ng-sky.a(msp430.o)
                0x000028ec                msp430_dco_required
 COMMON         0x000028ee       0x2a build/sky/contiki-ng-sky.a(packetbuf.o)
                0x000028ee                packetbuf_addrs
                0x000028fe                packetbuf_attrs
 COMMON         0x00002918        0x8 build/sky/contiki-ng-sky.a(linkaddr.o)
                0x00002918                linkaddr_node_addr
 COMMON         0x00002920      0x180 build/sky/contiki-ng-sky.a(uip-ds6.o)
                0x00002920                uip_ds6_timer_ra
                0x00002928                uip_ds6_if
                0x00002a38                uip_ds6_netif_addr_list_offset
                0x00002a39                uip_ds6_addr_size
                0x00002a3a                uip_ds6_prefix_list
                0x00002a94                uip_ds6_timer_periodic
 COMMON         0x00002aa0        0x1 build/sky/contiki-ng-sky.a(tcpip.o)
                0x00002aa0                tcpip_event
 *fill*         0x00002aa1        0x1 00
 COMMON         0x00002aa2      0x1d6 build/sky/contiki-ng-sky.a(uip6.o)
                0x00002aa2                uip_len
                0x00002aa4                uip_sappdata
                0x00002aa6                uip_lladdr
                0x00002aae                uip_aligned_buf
                0x00002b9e                uip_flags
                0x00002ba0                uip_udp_conn
                0x00002ba2                uip_appdata
                0x00002ba4                uip_conn
                0x00002ba6                uip_slen
                0x00002ba8                uip_udp_conns